2026-09-03 07:16:11.689: [INFO] CurrentProfilePath: d:\CODE\F1 Game\scratch\edge_profile\Default
2026-09-03 07:16:11.689: [INFO] Profiles total count: 1
2026-09-03 07:16:11.689: [INFO] Profile: name=Profile 1 path=d:\CODE\F1 Game\scratch\edge_profile\Default lastActive=null
2026-09-03 07:16:11.689: [INFO] LastUsedProfileDir: d:\CODE\F1 Game\scratch\edge_profile\Default
2026-09-03 07:16:11.689: [INFO] VisibilityChanged: 0
2026-09-03 07:16:11.749: [INFO] OnDoneLoading sync enabled: 0
2026-09-03 07:16:11.749: [INFO] BookmarkModelLoaded, ids_reassigned: 0
2026-09-03 07:16:11.749: [INFO] BookmarksLoadDropped droppedNodes=0
2026-09-03 07:16:11.749: [INFO] BookmarksSnapshot Startup total=0 bar=0 other=0 mobile=0 showBar=0 showBarNTP=1
2026-09-03 07:16:13.890: [INFO] RecordSyncInitDuration has_sync_been_enabled: 0 state: 3
2026-09-03 07:16:15.442: [INFO] RecordSyncInitDuration has_sync_been_enabled: 0 state: 3
2026-09-03 07:16:15.443: [INFO] RecordSyncInitDuration has_sync_been_enabled: 0 state: 3
2026-09-03 07:16:15.444: [INFO] RecordSyncInitDuration has_sync_been_enabled: 0 state: 3
2026-09-03 07:16:15.513: [INFO] RecordSyncInitDuration has_sync_been_enabled: 0 state: 3
2026-09-03 07:16:15.514: [INFO] RecordSyncInitDuration has_sync_been_enabled: 0 state: 3
2026-09-03 07:16:15.515: [INFO] RecordSyncInitDuration has_sync_been_enabled: 0 state: 3
2026-09-03 07:16:15.517: [INFO] RecordSyncInitDuration has_sync_been_enabled: 0 state: 5
2026-09-03 07:16:15.521: [INFO] RecordSyncInitDuration has_sync_been_enabled: 0 state: 5
2026-09-03 07:16:16.357: [INFO] RecordSyncInitDuration has_sync_been_enabled: 0 state: 5
2026-09-03 07:16:16.364: [INFO] RecordSyncInitDuration has_sync_been_enabled: 0 state: 5
2026-09-03 07:16:17.603: [INFO] RecordSyncInitDuration has_sync_been_enabled: 0 state: 5
2026-09-03 07:16:18.169: [INFO] RecordSyncInitDuration has_sync_been_enabled: 0 state: 5
2026-09-03 07:16:18.170: [INFO] RecordSyncInitDuration has_sync_been_enabled: 0 state: 6
2026-09-03 07:16:18.173: [INFO] RecordSyncInitDuration has_sync_been_enabled: 0 state: 6
2026-09-03 07:16:18.783: [INFO] RecordSyncInitDuration has_sync_been_enabled: 0 state: 6
2026-09-03 07:16:18.784: [INFO] Sync initialization duration: ZERO
2026-09-03 07:16:20.830: [INFO] BookmarkNodeAdded, ABU: 0
2026-09-03 07:16:20.830: [INFO] BookmarkNodeAdded, ABU: 0
2026-09-03 07:16:20.830: [INFO] BookmarkNodeAdded, ABU: 0
2026-09-03 07:16:20.830: [INFO] BookmarkNodeAdded, ABU: 0
