{"logTime": "0903/071615", "correlationVector":"evFtwuXeSbGT2AmfSGNHzs.1","action":"SyncServerConnectionManagerRequest", "result":"SYNC_SERVER_OK", "context":{"environment":"Prod_southeastasia_prod-s01-065-apac-southeastasia", "migrationStage":"NotStarted", "server":"akswtt003000010"}}
{"logTime": "0903/071615", "correlationVector":"evFtwuXeSbGT2AmfSGNHzs.2","action":"ProcessGetUpdates", "result":"Done", "context":{"dataType":"Encryption Keys", "deleted":"0", "process_failed_to_decrypt":"0", "process_pending_decryption":"0", "process_success":"1", "total":"1"}}
{"logTime": "0903/071616", "correlationVector":"K1SIjP4MSQA4LfwqwhmULG","action":"SyncServerConnectionManagerRequest", "result":"SYNC_SERVER_OK", "context":{"environment":"", "migrationStage":"", "server":""}}
{"logTime": "0903/071616", "correlationVector":"K1SIjP4MSQA4LfwqwhmULG.0","action":"EncryptionKeysFetcher.DownloadKeys:", "result":"Success", "context":Key count: 10, Last key timestamp: 2026-07-24T13:34:16Z}
{"logTime": "0903/071616", "correlationVector":"K1SIjP4MSQA4LfwqwhmULG.1","action":"EncryptionKeysManager::SetEncryptionKeys:", "result":"Success", "context":Key names[10]:[uc6Gm22WegGTqjl9C3sED0kLk8mn/D+JUNl38WX+pwqF8S1remztN90oguW/+w6hZzJSiMa39Qextb/1K+2+PA==][km3GlgyyVXmk+N0ZS/Yo92KlsfNdODRNuRAMsPtdLZvkAQsh81caALVWMKxHhHWBgBRuN5o5G6OMZivbSw/jZQ==][s8ek65JsKsfR2UbSztQ9a9osfhAmz/GdhqUf9rK8CVyrQrub/imvB44yMDxKyt7i9NsVs5IL4VsiXtsx2K12eg==][FVyGx7qtdKnPjhfm0sXZF6SadPtOjuJaV0thCg7s3orxts7EoUDU7PHhzvjtUpvKNM3q9dnfZE5tLErYhjYIgw==][Flg0uikwr+IyuXxcc+6ZqFJULOhq9TIWNn/+LfRNQbt0R1JVAFt4Kl0bYdDfCb6HDaMDWxjNR1mCTEu+nDzW5A==][yD6xuT0JJmYH17bkqYHsp3DcVQPUjVO72nSby3LoZkqcS07WfIf7DvpluDL8vKWpEhM7lp9os0GFUpcGEI3RoA==][AX0pUMDnrAWCS2MtdUQJ4X6TmISvWK/jQnluC7NUU5C5npWwlYqXTH+WDYzSdHYkM22Ce6DzU3Tro5utcgB+/A==][4cw2xlKMCcH30rGLorBBiT+hU2LvOlGF3YuOIjxCPtfDX63giVPdaP1d9V8QkVDacz7gA56ySt3eGbVdsI916Q==][I7lDXthXgjzhXwwks4hxbvXd3/x2jBhmvzTVN/ttfteFCUx2pP0seNr6swqXj6c0GU0ExqF6mOp/RaAcEncjjg==][Fq4kuqULR0gK0T6au6nwmQPIP054cdc49l2/ewrFLF7hZpjkMsCXk3dbErSkaovB7BRpdJiPbV78BAMQxF4hGA==]}
{"logTime": "0903/071616", "correlationVector":"K1SIjP4MSQA4LfwqwhmULG.2","action":"EncryptionKeysManager::SetEncryptionKeysWithTimestamps:", "result":"Success", "context":Key timestamps[10]:[2024-03-02T02:31:48Z][2024-03-07T16:11:21Z][2024-04-05T16:43:10Z][2024-06-20T06:25:06Z][2024-07-17T12:17:33Z][2025-03-13T15:14:32Z][2025-03-18T02:41:59Z][2025-09-28T05:37:51Z][2026-01-25T07:23:07Z][2026-07-24T13:34:16Z]}
{"logTime": "0903/071616", "correlationVector":"evFtwuXeSbGT2AmfSGNHzs","action":"Initial GetUpdates", "result":"", "context":Reason: NEW_CLIENT. cV=evFtwuXeSbGT2AmfSGNHzs}
{"logTime": "0903/071616", "correlationVector":"evFtwuXeSbGT2AmfSGNHzs.3","action":"GetUpdates Response", "result":"Success", "context":Received 1 update(s). cV=evFtwuXeSbGT2AmfSGNHzs.0;server=akswtt003000010;cloudType=Consumer;environment=Prod_southeastasia_prod-s01-065-apac-southeastasia;migrationStage=NotStarted}
{"logTime": "0903/071616", "correlationVector":"1yQbkwVJrbiSsKYdLxUuKv","action":"Initial GetUpdates", "result":"", "context":Reason: NEWLY_SUPPORTED_DATATYPE. cV=1yQbkwVJrbiSsKYdLxUuKv}
{"logTime": "0903/071617", "correlationVector":"1yQbkwVJrbiSsKYdLxUuKv.1","action":"SyncServerConnectionManagerRequest", "result":"SYNC_SERVER_OK", "context":{"environment":"Prod_southindia_prod-s01-004-apac-southindia", "migrationStage":"NotStarted", "server":"akswtt10700002v"}}
{"logTime": "0903/071617", "correlationVector":"1yQbkwVJrbiSsKYdLxUuKv.2","action":"ProcessGetUpdates", "result":"Done", "context":{"dataType":"Device Info", "deleted":"0", "process_failed_to_decrypt":"0", "process_pending_decryption":"0", "process_success":"8", "total":"8"}}
{"logTime": "0903/071617", "correlationVector":"1yQbkwVJrbiSsKYdLxUuKv.3","action":"GetUpdates Response", "result":"Success", "context":Received 8 update(s). cV=1yQbkwVJrbiSsKYdLxUuKv.0;server=akswtt10700002v;cloudType=Consumer;environment=Prod_southindia_prod-s01-004-apac-southindia;migrationStage=NotStarted}
{"logTime": "0903/071617", "correlationVector":"NoUqCvTog9xxkyOFQB/8qQ","action":"Initial GetUpdates", "result":"", "context":Reason: NEWLY_SUPPORTED_DATATYPE. cV=NoUqCvTog9xxkyOFQB/8qQ}
{"logTime": "0903/071618", "correlationVector":"NoUqCvTog9xxkyOFQB/8qQ.1","action":"SyncServerConnectionManagerRequest", "result":"SYNC_SERVER_OK", "context":{"environment":"Prod_southindia_prod-s01-004-apac-southindia", "migrationStage":"NotStarted", "server":"akswtt107000029"}}
{"logTime": "0903/071618", "correlationVector":"NoUqCvTog9xxkyOFQB/8qQ.2","action":"ProcessGetUpdates", "result":"Done", "context":{"dataType":"Extensions", "deleted":"0", "process_failed_to_decrypt":"0", "process_pending_decryption":"0", "process_success":"5", "total":"5"}}
{"logTime": "0903/071618", "correlationVector":"NoUqCvTog9xxkyOFQB/8qQ.3","action":"GetUpdates Response", "result":"Success", "context":Received 5 update(s). cV=NoUqCvTog9xxkyOFQB/8qQ.0;server=akswtt107000029;cloudType=Consumer;environment=Prod_southindia_prod-s01-004-apac-southindia;migrationStage=NotStarted}
{"logTime": "0903/071618", "correlationVector":"7pgB8QlR3n8COBOrnknXTX","action":"Normal GetUpdate request", "result":"", "context":cV=7pgB8QlR3n8COBOrnknXTX
Nudged types: Device Info, User Consents
Refresh requested types: Extensions, Extension settings, Device Info, User Consents, Send Tab To Self, Web Apps, Encryption Keys}
{"logTime": "0903/071618", "correlationVector":"7pgB8QlR3n8COBOrnknXTX.1","action":"SyncServerConnectionManagerRequest", "result":"SYNC_SERVER_OK", "context":{"environment":"Prod_southeastasia_prod-s01-065-apac-southeastasia", "migrationStage":"NotStarted", "server":"akswtt00300000e"}}
{"logTime": "0903/071618", "correlationVector":"7pgB8QlR3n8COBOrnknXTX.2","action":"GetUpdates Response", "result":"Success", "context":Received 0 update(s). cV=7pgB8QlR3n8COBOrnknXTX.0;server=akswtt00300000e;cloudType=Consumer;environment=Prod_southeastasia_prod-s01-065-apac-southeastasia;migrationStage=NotStarted}
{"logTime": "0903/071618", "correlationVector":"Jw4uLlYm2AF2MGVsuUmhqc","action":"DoCompareDataConsistency requsted types: ", "result":"Extensions, Extension settings, Send Tab To Self, Web Apps, Encryption Keys"}
{"logTime": "0903/071618", "correlationVector":"Jw4uLlYm2AF2MGVsuUmhqc.0","action":"CompareDataConsistency result: ", "result":"Compare result: Encryption Keys is consistent. local entities count is: 1 local entities hash is: uwZcdIvcO6dtwSxHuP29ZVsIDJc="}
{"logTime": "0903/071618", "correlationVector":"Jw4uLlYm2AF2MGVsuUmhqc.1","action":"CompareDataConsistency result: ", "result":"Compare result: Extensions is inconsistent. server entities count is: 5 server entities hash is: Tgs4ZZ/DqLnAy9eamrj2zkNll8g= local entities count is: 0 local entities hash is: "}
{"logTime": "0903/071618", "correlationVector":"Jw4uLlYm2AF2MGVsuUmhqc.2","action":"CompareDataConsistency result: ", "result":"Compare result: Extension settings is consistent. local entities count is: 0 local entities hash is: "}
{"logTime": "0903/071618", "correlationVector":"Jw4uLlYm2AF2MGVsuUmhqc.3","action":"CompareDataConsistency result: ", "result":"Server did not send this Send Tab To Self local entities count is: 0 local entities hash is: "}
{"logTime": "0903/071618", "correlationVector":"Jw4uLlYm2AF2MGVsuUmhqc.4","action":"CompareDataConsistency result: ", "result":"Compare result: Web Apps is consistent. local entities count is: 0 local entities hash is: "}
{"logTime": "0903/071618", "correlationVector":"zABPU/zt9/gIz2xpiSbeIK","action":"Initial GetUpdates", "result":"", "context":Reason: RECONFIGURATION. cV=zABPU/zt9/gIz2xpiSbeIK}
{"logTime": "0903/071619", "correlationVector":"zABPU/zt9/gIz2xpiSbeIK.1","action":"SyncServerConnectionManagerRequest", "result":"SYNC_SERVER_OK", "context":{"environment":"Prod_southeastasia_prod-s01-065-apac-southeastasia", "migrationStage":"NotStarted", "server":"akswtt003000028"}}
{"logTime": "0903/071619", "correlationVector":"zABPU/zt9/gIz2xpiSbeIK.2","action":"ProcessGetUpdates", "result":"Done", "context":{"dataType":"Passwords", "deleted":"0", "process_failed_to_decrypt":"0", "process_pending_decryption":"0", "process_success":"132", "total":"132"}}
{"logTime": "0903/071619", "correlationVector":"zABPU/zt9/gIz2xpiSbeIK.3","action":"ProcessGetUpdates", "result":"Done", "context":{"dataType":"Device Info", "deleted":"0", "process_failed_to_decrypt":"0", "process_pending_decryption":"0", "process_success":"8", "total":"8"}}
{"logTime": "0903/071619", "correlationVector":"zABPU/zt9/gIz2xpiSbeIK.4","action":"GetUpdates Response", "result":"Success", "context":Received 140 update(s). cV=zABPU/zt9/gIz2xpiSbeIK.0;server=akswtt003000028;cloudType=Consumer;environment=Prod_southeastasia_prod-s01-065-apac-southeastasia;migrationStage=NotStarted}
{"logTime": "0903/071619", "correlationVector":"","action":"DIAGNOSTIC_REQUEST|v1/diagnosticData/Diagnostic.SendCheckResult()|SUCCESS", "result":""}
{"logTime": "0903/071619", "correlationVector":"foTRgSFwB4JLhkolcSMD19","action":"Initial GetUpdates", "result":"", "context":Reason: RECONFIGURATION. cV=foTRgSFwB4JLhkolcSMD19}
{"logTime": "0903/071620", "correlationVector":"foTRgSFwB4JLhkolcSMD19.1","action":"SyncServerConnectionManagerRequest", "result":"SYNC_SERVER_OK", "context":{"environment":"Prod_southindia_prod-s01-004-apac-southindia", "migrationStage":"NotStarted", "server":"akswtt107000029"}}
{"logTime": "0903/071620", "correlationVector":"foTRgSFwB4JLhkolcSMD19.2","action":"ProcessGetUpdates", "result":"Done", "context":{"dataType":"Bookmarks", "deleted":"0", "process_failed_to_decrypt":"0", "process_pending_decryption":"0", "process_success":"10", "total":"10"}}
{"logTime": "0903/071620", "correlationVector":"foTRgSFwB4JLhkolcSMD19.3","action":"ProcessGetUpdates", "result":"Done", "context":{"dataType":"Preferences", "deleted":"0", "process_failed_to_decrypt":"0", "process_pending_decryption":"0", "process_success":"70", "total":"70"}}
{"logTime": "0903/071620", "correlationVector":"foTRgSFwB4JLhkolcSMD19.4","action":"ProcessGetUpdates", "result":"Done", "context":{"dataType":"Autofill", "deleted":"0", "process_failed_to_decrypt":"0", "process_pending_decryption":"0", "process_success":"14", "total":"14"}}
{"logTime": "0903/071620", "correlationVector":"foTRgSFwB4JLhkolcSMD19.5","action":"ProcessGetUpdates", "result":"Done", "context":{"dataType":"Extensions", "deleted":"0", "process_failed_to_decrypt":"0", "process_pending_decryption":"0", "process_success":"5", "total":"5"}}
{"logTime": "0903/071620", "correlationVector":"foTRgSFwB4JLhkolcSMD19.6","action":"ProcessGetUpdates", "result":"Done", "context":{"dataType":"Sessions", "deleted":"6", "process_failed_to_decrypt":"0", "process_pending_decryption":"0", "process_success":"6", "total":"6"}}
{"logTime": "0903/071620", "correlationVector":"foTRgSFwB4JLhkolcSMD19.7","action":"GetUpdates Response", "result":"Success", "context":Received 105 update(s). cV=foTRgSFwB4JLhkolcSMD19.0;server=akswtt107000029;cloudType=Consumer;environment=Prod_southindia_prod-s01-004-apac-southindia;migrationStage=NotStarted}
{"logTime": "0903/071620", "correlationVector":"ZBzPyjlcsAXWXAHSAvGY6W","action":"Initial GetUpdates", "result":"", "context":Reason: RECONFIGURATION. cV=ZBzPyjlcsAXWXAHSAvGY6W}
{"logTime": "0903/071621", "correlationVector":"ZBzPyjlcsAXWXAHSAvGY6W.1","action":"SyncServerConnectionManagerRequest", "result":"SYNC_SERVER_OK", "context":{"environment":"Prod_southindia_prod-s01-004-apac-southindia", "migrationStage":"NotStarted", "server":"akswtt107000033"}}
{"logTime": "0903/071621", "correlationVector":"ZBzPyjlcsAXWXAHSAvGY6W.2","action":"GetUpdates Response", "result":"Success", "context":Received 0 update(s). cV=ZBzPyjlcsAXWXAHSAvGY6W.0;server=akswtt107000033;cloudType=Consumer;environment=Prod_southindia_prod-s01-004-apac-southindia;migrationStage=NotStarted}
{"logTime": "0903/071623", "correlationVector":"pWHrngPSH5ThgrD+EHnfZM","action":"Normal GetUpdate request", "result":"", "context":cV=pWHrngPSH5ThgrD+EHnfZM
Nudged types: Sessions, Device Info, User Consents
Refresh requested types: Bookmarks, Preferences, Passwords, Autofill Profiles, Autofill, Extensions, Sessions, Extension settings, History Delete Directives, Device Info, User Consents, Send Tab To Self, Web Apps, History, Saved Tab Group, WebAuthn Credentials, Edge Hub App Usage, Edge Workspace, Encryption Keys}
{"logTime": "0903/071624", "correlationVector":"pWHrngPSH5ThgrD+EHnfZM.1","action":"SyncServerConnectionManagerRequest", "result":"SYNC_SERVER_OK", "context":{"environment":"Prod_southindia_prod-s01-004-apac-southindia", "migrationStage":"NotStarted", "server":"akswtt10700000i"}}
{"logTime": "0903/071624", "correlationVector":"pWHrngPSH5ThgrD+EHnfZM.2","action":"GetUpdates Response", "result":"Success", "context":Received 0 update(s). cV=pWHrngPSH5ThgrD+EHnfZM.0;server=akswtt10700000i;cloudType=Consumer;environment=Prod_southindia_prod-s01-004-apac-southindia;migrationStage=NotStarted}
{"logTime": "0903/071624", "correlationVector":"q9wky6EiElmWlABRlt3lNl","action":"Commit Request", "result":"", "context":Item count: 7
Contributing types: Sessions, Device Info, User Consents, History}
{"logTime": "0903/071628", "correlationVector":"q9wky6EiElmWlABRlt3lNl.1","action":"SyncServerConnectionManagerRequest", "result":"SYNC_SERVER_OK", "context":{"environment":"Prod_southindia_prod-s01-004-apac-southindia", "migrationStage":"NotStarted", "server":"akswtt10700003k"}}
{"logTime": "0903/071628", "correlationVector":"q9wky6EiElmWlABRlt3lNl.2","action":"Commit Response", "result":"Success", "context":Result: Success. cV=q9wky6EiElmWlABRlt3lNl.0;server=akswtt10700003k;cloudType=Consumer;environment=Prod_southindia_prod-s01-004-apac-southindia;migrationStage=NotStarted}
{"logTime": "0903/071631", "correlationVector":"X/dgmO2TwAUgjrES6KnT/2","action":"Commit Request", "result":"", "context":Item count: 1
Contributing types: Extensions}
{"logTime": "0903/071632", "correlationVector":"X/dgmO2TwAUgjrES6KnT/2.1","action":"SyncServerConnectionManagerRequest", "result":"SYNC_SERVER_OK", "context":{"environment":"Prod_southindia_prod-s01-004-apac-southindia", "migrationStage":"NotStarted", "server":"akswtt107000023"}}
{"logTime": "0903/071632", "correlationVector":"X/dgmO2TwAUgjrES6KnT/2.2","action":"Commit Response", "result":"Success", "context":Result: Success. cV=X/dgmO2TwAUgjrES6KnT/2.0;server=akswtt107000023;cloudType=Consumer;environment=Prod_southindia_prod-s01-004-apac-southindia;migrationStage=NotStarted}
{"logTime": "0903/071726", "correlationVector":"FN0WGAd9Q+kvFqjbwY3Y3T","action":"Commit Request", "result":"", "context":Item count: 40
Contributing types: Passwords}
{"logTime": "0903/071738", "correlationVector":"FN0WGAd9Q+kvFqjbwY3Y3T.1","action":"SyncServerConnectionManagerRequest", "result":"SYNC_SERVER_OK", "context":{"environment":"Prod_southindia_prod-s01-004-apac-southindia", "migrationStage":"NotStarted", "server":"akswtt107000034"}}
{"logTime": "0903/071738", "correlationVector":"FN0WGAd9Q+kvFqjbwY3Y3T.2","action":"Commit Response", "result":"Success", "context":Result: Success. cV=FN0WGAd9Q+kvFqjbwY3Y3T.0;server=akswtt107000034;cloudType=Consumer;environment=Prod_southindia_prod-s01-004-apac-southindia;migrationStage=NotStarted}
{"logTime": "0903/071738", "correlationVector":"diLjydQWCOK1jtShpGd4kI","action":"Commit Request", "result":"", "context":Item count: 40
Contributing types: Passwords}
{"logTime": "0903/071748", "correlationVector":"diLjydQWCOK1jtShpGd4kI.1","action":"SyncServerConnectionManagerRequest", "result":"SYNC_SERVER_OK", "context":{"environment":"Prod_southeastasia_prod-s01-065-apac-southeastasia", "migrationStage":"NotStarted", "server":"akswtt00300001k"}}
{"logTime": "0903/071748", "correlationVector":"diLjydQWCOK1jtShpGd4kI.2","action":"Commit Response", "result":"Success", "context":Result: Success. cV=diLjydQWCOK1jtShpGd4kI.0;server=akswtt00300001k;cloudType=Consumer;environment=Prod_southeastasia_prod-s01-065-apac-southeastasia;migrationStage=NotStarted}
{"logTime": "0903/071748", "correlationVector":"P1V8BRebH2uKE/6U+smRdk","action":"Commit Request", "result":"", "context":Item count: 35
Contributing types: Passwords, Sessions, History}
{"logTime": "0903/071758", "correlationVector":"P1V8BRebH2uKE/6U+smRdk.1","action":"SyncServerConnectionManagerRequest", "result":"SYNC_SERVER_OK", "context":{"environment":"Prod_southindia_prod-s01-004-apac-southindia", "migrationStage":"NotStarted", "server":"akswtt107000034"}}
{"logTime": "0903/071758", "correlationVector":"P1V8BRebH2uKE/6U+smRdk.2","action":"Commit Response", "result":"Success", "context":Result: Success. cV=P1V8BRebH2uKE/6U+smRdk.0;server=akswtt107000034;cloudType=Consumer;environment=Prod_southindia_prod-s01-004-apac-southindia;migrationStage=NotStarted}
{"logTime": "0903/072007", "correlationVector":"N+SS9I6s8H2/+j6rNIXPKS","action":"Commit Request", "result":"", "context":Item count: 5
Contributing types: Sessions, History}
{"logTime": "0903/072009", "correlationVector":"N+SS9I6s8H2/+j6rNIXPKS.1","action":"SyncServerConnectionManagerRequest", "result":"SYNC_SERVER_OK", "context":{"environment":"Prod_southindia_prod-s01-004-apac-southindia", "migrationStage":"NotStarted", "server":"akswtt10700003g"}}
{"logTime": "0903/072009", "correlationVector":"N+SS9I6s8H2/+j6rNIXPKS.2","action":"Commit Response", "result":"Success", "context":Result: Success. cV=N+SS9I6s8H2/+j6rNIXPKS.0;server=akswtt10700003g;cloudType=Consumer;environment=Prod_southindia_prod-s01-004-apac-southindia;migrationStage=NotStarted}
{"logTime": "0903/072523", "correlationVector":"BN04DnVFrOE1ek+9EAhVrj","action":"Commit Request", "result":"", "context":Item count: 3
Contributing types: Sessions, History}
{"logTime": "0903/072524", "correlationVector":"BN04DnVFrOE1ek+9EAhVrj.1","action":"SyncServerConnectionManagerRequest", "result":"SYNC_SERVER_OK", "context":{"environment":"Prod_southeastasia_prod-s01-065-apac-southeastasia", "migrationStage":"NotStarted", "server":"akswtt00300000l"}}
{"logTime": "0903/072524", "correlationVector":"BN04DnVFrOE1ek+9EAhVrj.2","action":"Commit Response", "result":"Success", "context":Result: Success. cV=BN04DnVFrOE1ek+9EAhVrj.0;server=akswtt00300000l;cloudType=Consumer;environment=Prod_southeastasia_prod-s01-065-apac-southeastasia;migrationStage=NotStarted}
{"logTime": "0903/072729", "correlationVector":"woruTgm+WaOFvx8RhUlwyA","action":"Commit Request", "result":"", "context":Item count: 7
Contributing types: Sessions, History}
{"logTime": "0903/072733", "correlationVector":"woruTgm+WaOFvx8RhUlwyA.1","action":"SyncServerConnectionManagerRequest", "result":"SYNC_SERVER_OK", "context":{"environment":"Prod_southindia_prod-s01-004-apac-southindia", "migrationStage":"NotStarted", "server":"akswtt107000025"}}
{"logTime": "0903/072733", "correlationVector":"woruTgm+WaOFvx8RhUlwyA.2","action":"Commit Response", "result":"Success", "context":Result: Success. cV=woruTgm+WaOFvx8RhUlwyA.0;server=akswtt107000025;cloudType=Consumer;environment=Prod_southindia_prod-s01-004-apac-southindia;migrationStage=NotStarted}
{"logTime": "0903/072733", "correlationVector":"woruTgm+WaOFvx8RhUlwyA.3","action":"Commit.Sessions", "result":"Success", "context":{"id":"a54a4540-e215-431f-8bd0-364f022e0890", "isDeleted":"true", "size":"0", "version":"1788420013387"}}
{"logTime": "0903/073107", "correlationVector":"tJZPKpz/5xxyi0v8100BCW","action":"Commit Request", "result":"", "context":Item count: 4
Contributing types: Sessions, History}
{"logTime": "0903/073109", "correlationVector":"tJZPKpz/5xxyi0v8100BCW.1","action":"SyncServerConnectionManagerRequest", "result":"SYNC_SERVER_OK", "context":{"environment":"Prod_southindia_prod-s01-004-apac-southindia", "migrationStage":"NotStarted", "server":"akswtt10700000w"}}
{"logTime": "0903/073109", "correlationVector":"tJZPKpz/5xxyi0v8100BCW.3","action":"Commit.Sessions", "result":"Success", "context":{"id":"dace69ac-f80d-405b-8126-a4009f131d53", "isDeleted":"true", "size":"0", "version":"1788419791855"}}
{"logTime": "0903/073109", "correlationVector":"tJZPKpz/5xxyi0v8100BCW.2","action":"Commit Response", "result":"Success", "context":Result: Success. cV=tJZPKpz/5xxyi0v8100BCW.0;server=akswtt10700000w;cloudType=Consumer;environment=Prod_southindia_prod-s01-004-apac-southindia;migrationStage=NotStarted}
{"logTime": "0903/073919", "correlationVector":"4Gzlkg4szj3wem8pZQHkWS","action":"Commit Request", "result":"", "context":Item count: 3
Contributing types: Sessions, History}
{"logTime": "0903/073921", "correlationVector":"4Gzlkg4szj3wem8pZQHkWS.1","action":"SyncServerConnectionManagerRequest", "result":"SYNC_SERVER_OK", "context":{"environment":"Prod_southindia_prod-s01-004-apac-southindia", "migrationStage":"NotStarted", "server":"akswtt107000031"}}
{"logTime": "0903/073921", "correlationVector":"4Gzlkg4szj3wem8pZQHkWS.2","action":"Commit Response", "result":"Success", "context":Result: Success. cV=4Gzlkg4szj3wem8pZQHkWS.0;server=akswtt107000031;cloudType=Consumer;environment=Prod_southindia_prod-s01-004-apac-southindia;migrationStage=NotStarted}
{"logTime": "0903/075550", "correlationVector":"6QOBdGs/m5MTDJM8/bD8fC","action":"Commit Request", "result":"", "context":Item count: 3
Contributing types: Sessions, History}
{"logTime": "0903/075552", "correlationVector":"6QOBdGs/m5MTDJM8/bD8fC.1","action":"SyncServerConnectionManagerRequest", "result":"SYNC_SERVER_OK", "context":{"environment":"Prod_southindia_prod-s01-004-apac-southindia", "migrationStage":"NotStarted", "server":"akswtt107000030"}}
{"logTime": "0903/075552", "correlationVector":"6QOBdGs/m5MTDJM8/bD8fC.2","action":"Commit Response", "result":"Success", "context":Result: Success. cV=6QOBdGs/m5MTDJM8/bD8fC.0;server=akswtt107000030;cloudType=Consumer;environment=Prod_southindia_prod-s01-004-apac-southindia;migrationStage=NotStarted}
{"logTime": "0903/080548", "correlationVector":"JNOojBEpjRbz1tMx/xOZQI","action":"Commit Request", "result":"", "context":Item count: 3
Contributing types: Sessions, History}
{"logTime": "0903/080549", "correlationVector":"JNOojBEpjRbz1tMx/xOZQI.1","action":"SyncServerConnectionManagerRequest", "result":"SYNC_SERVER_OK", "context":{"environment":"Prod_southindia_prod-s01-004-apac-southindia", "migrationStage":"NotStarted", "server":"akswtt107000037"}}
{"logTime": "0903/080549", "correlationVector":"JNOojBEpjRbz1tMx/xOZQI.2","action":"Commit Response", "result":"Success", "context":Result: Success. cV=JNOojBEpjRbz1tMx/xOZQI.0;server=akswtt107000037;cloudType=Consumer;environment=Prod_southindia_prod-s01-004-apac-southindia;migrationStage=NotStarted}
{"logTime": "0903/082155", "correlationVector":"VzBMI3Us/bdSO8Dh3ZLoOR","action":"Commit Request", "result":"", "context":Item count: 3
Contributing types: Sessions, History}
{"logTime": "0903/082157", "correlationVector":"VzBMI3Us/bdSO8Dh3ZLoOR.1","action":"SyncServerConnectionManagerRequest", "result":"SYNC_SERVER_OK", "context":{"environment":"Prod_southindia_prod-s01-004-apac-southindia", "migrationStage":"NotStarted", "server":"akswtt107000003"}}
{"logTime": "0903/082157", "correlationVector":"VzBMI3Us/bdSO8Dh3ZLoOR.2","action":"Commit Response", "result":"Success", "context":Result: Success. cV=VzBMI3Us/bdSO8Dh3ZLoOR.0;server=akswtt107000003;cloudType=Consumer;environment=Prod_southindia_prod-s01-004-apac-southindia;migrationStage=NotStarted}
