{"logTime": "0903/164816", "correlationVector":"aK4WXsCFCoX3pmgD0lQN8G.1","action":"SyncServerConnectionManagerRequest", "result":"SYNC_SERVER_OK", "context":{"environment":"Prod_southindia_prod-s01-004-apac-southindia", "migrationStage":"NotStarted", "server":"akswtt107000009"}}
{"logTime": "0903/164816", "correlationVector":"aK4WXsCFCoX3pmgD0lQN8G.2","action":"ProcessGetUpdates", "result":"Done", "context":{"dataType":"Encryption Keys", "deleted":"0", "process_failed_to_decrypt":"0", "process_pending_decryption":"0", "process_success":"1", "total":"1"}}
{"logTime": "0903/164817", "correlationVector":"Hgv0oNxOqfnZrqQ23c5mWk","action":"SyncServerConnectionManagerRequest", "result":"SYNC_SERVER_OK", "context":{"environment":"", "migrationStage":"", "server":""}}
{"logTime": "0903/164817", "correlationVector":"Hgv0oNxOqfnZrqQ23c5mWk.0","action":"EncryptionKeysFetcher.DownloadKeys:", "result":"Success", "context":Key count: 10, Last key timestamp: 2026-07-24T13:34:16Z}
{"logTime": "0903/164817", "correlationVector":"Hgv0oNxOqfnZrqQ23c5mWk.1","action":"EncryptionKeysManager::SetEncryptionKeys:", "result":"Success", "context":Key names[10]:[uc6Gm22WegGTqjl9C3sED0kLk8mn/D+JUNl38WX+pwqF8S1remztN90oguW/+w6hZzJSiMa39Qextb/1K+2+PA==][km3GlgyyVXmk+N0ZS/Yo92KlsfNdODRNuRAMsPtdLZvkAQsh81caALVWMKxHhHWBgBRuN5o5G6OMZivbSw/jZQ==][s8ek65JsKsfR2UbSztQ9a9osfhAmz/GdhqUf9rK8CVyrQrub/imvB44yMDxKyt7i9NsVs5IL4VsiXtsx2K12eg==][FVyGx7qtdKnPjhfm0sXZF6SadPtOjuJaV0thCg7s3orxts7EoUDU7PHhzvjtUpvKNM3q9dnfZE5tLErYhjYIgw==][Flg0uikwr+IyuXxcc+6ZqFJULOhq9TIWNn/+LfRNQbt0R1JVAFt4Kl0bYdDfCb6HDaMDWxjNR1mCTEu+nDzW5A==][yD6xuT0JJmYH17bkqYHsp3DcVQPUjVO72nSby3LoZkqcS07WfIf7DvpluDL8vKWpEhM7lp9os0GFUpcGEI3RoA==][AX0pUMDnrAWCS2MtdUQJ4X6TmISvWK/jQnluC7NUU5C5npWwlYqXTH+WDYzSdHYkM22Ce6DzU3Tro5utcgB+/A==][4cw2xlKMCcH30rGLorBBiT+hU2LvOlGF3YuOIjxCPtfDX63giVPdaP1d9V8QkVDacz7gA56ySt3eGbVdsI916Q==][I7lDXthXgjzhXwwks4hxbvXd3/x2jBhmvzTVN/ttfteFCUx2pP0seNr6swqXj6c0GU0ExqF6mOp/RaAcEncjjg==][Fq4kuqULR0gK0T6au6nwmQPIP054cdc49l2/ewrFLF7hZpjkMsCXk3dbErSkaovB7BRpdJiPbV78BAMQxF4hGA==]}
{"logTime": "0903/164817", "correlationVector":"Hgv0oNxOqfnZrqQ23c5mWk.2","action":"EncryptionKeysManager::SetEncryptionKeysWithTimestamps:", "result":"Success", "context":Key timestamps[10]:[2024-03-02T02:31:48Z][2024-03-07T16:11:21Z][2024-04-05T16:43:10Z][2024-06-20T06:25:06Z][2024-07-17T12:17:33Z][2025-03-13T15:14:32Z][2025-03-18T02:41:59Z][2025-09-28T05:37:51Z][2026-01-25T07:23:07Z][2026-07-24T13:34:16Z]}
{"logTime": "0903/164817", "correlationVector":"aK4WXsCFCoX3pmgD0lQN8G","action":"Initial GetUpdates", "result":"", "context":Reason: NEW_CLIENT. cV=aK4WXsCFCoX3pmgD0lQN8G}
{"logTime": "0903/164817", "correlationVector":"aK4WXsCFCoX3pmgD0lQN8G.3","action":"GetUpdates Response", "result":"Success", "context":Received 1 update(s). cV=aK4WXsCFCoX3pmgD0lQN8G.0;server=akswtt107000009;cloudType=Consumer;environment=Prod_southindia_prod-s01-004-apac-southindia;migrationStage=NotStarted}
{"logTime": "0903/164817", "correlationVector":"RLciZ/MjPoQlwNkXX0hWm1","action":"Initial GetUpdates", "result":"", "context":Reason: NEWLY_SUPPORTED_DATATYPE. cV=RLciZ/MjPoQlwNkXX0hWm1}
{"logTime": "0903/164819", "correlationVector":"RLciZ/MjPoQlwNkXX0hWm1.1","action":"SyncServerConnectionManagerRequest", "result":"SYNC_SERVER_OK", "context":{"environment":"Prod_southindia_prod-s01-004-apac-southindia", "migrationStage":"NotStarted", "server":"akswtt107000008"}}
{"logTime": "0903/164819", "correlationVector":"RLciZ/MjPoQlwNkXX0hWm1.2","action":"ProcessGetUpdates", "result":"Done", "context":{"dataType":"Passwords", "deleted":"0", "process_failed_to_decrypt":"0", "process_pending_decryption":"0", "process_success":"132", "total":"132"}}
{"logTime": "0903/164819", "correlationVector":"RLciZ/MjPoQlwNkXX0hWm1.3","action":"ProcessGetUpdates", "result":"Done", "context":{"dataType":"Device Info", "deleted":"0", "process_failed_to_decrypt":"0", "process_pending_decryption":"0", "process_success":"17", "total":"17"}}
{"logTime": "0903/164819", "correlationVector":"RLciZ/MjPoQlwNkXX0hWm1.4","action":"GetUpdates Response", "result":"Success", "context":Received 149 update(s). cV=RLciZ/MjPoQlwNkXX0hWm1.0;server=akswtt107000008;cloudType=Consumer;environment=Prod_southindia_prod-s01-004-apac-southindia;migrationStage=NotStarted}
{"logTime": "0903/164819", "correlationVector":"CMz/klFm1WzNVM94BlxL+N","action":"Initial GetUpdates", "result":"", "context":Reason: NEWLY_SUPPORTED_DATATYPE. cV=CMz/klFm1WzNVM94BlxL+N}
{"logTime": "0903/164820", "correlationVector":"CMz/klFm1WzNVM94BlxL+N.1","action":"SyncServerConnectionManagerRequest", "result":"SYNC_SERVER_OK", "context":{"environment":"Prod_southindia_prod-s01-004-apac-southindia", "migrationStage":"NotStarted", "server":"akswtt10700000p"}}
{"logTime": "0903/164820", "correlationVector":"CMz/klFm1WzNVM94BlxL+N.2","action":"ProcessGetUpdates", "result":"Done", "context":{"dataType":"Bookmarks", "deleted":"0", "process_failed_to_decrypt":"0", "process_pending_decryption":"0", "process_success":"10", "total":"10"}}
{"logTime": "0903/164820", "correlationVector":"CMz/klFm1WzNVM94BlxL+N.3","action":"ProcessGetUpdates", "result":"Done", "context":{"dataType":"Preferences", "deleted":"0", "process_failed_to_decrypt":"0", "process_pending_decryption":"0", "process_success":"70", "total":"70"}}
{"logTime": "0903/164820", "correlationVector":"CMz/klFm1WzNVM94BlxL+N.4","action":"ProcessGetUpdates", "result":"Done", "context":{"dataType":"Autofill", "deleted":"0", "process_failed_to_decrypt":"0", "process_pending_decryption":"0", "process_success":"14", "total":"14"}}
{"logTime": "0903/164820", "correlationVector":"CMz/klFm1WzNVM94BlxL+N.5","action":"ProcessGetUpdates", "result":"Done", "context":{"dataType":"Extensions", "deleted":"0", "process_failed_to_decrypt":"0", "process_pending_decryption":"0", "process_success":"5", "total":"5"}}
{"logTime": "0903/164820", "correlationVector":"CMz/klFm1WzNVM94BlxL+N.6","action":"ProcessGetUpdates", "result":"Done", "context":{"dataType":"Sessions", "deleted":"14", "process_failed_to_decrypt":"0", "process_pending_decryption":"0", "process_success":"39", "total":"39"}}
{"logTime": "0903/164820", "correlationVector":"CMz/klFm1WzNVM94BlxL+N.7","action":"GetUpdates Response", "result":"Success", "context":Received 138 update(s). cV=CMz/klFm1WzNVM94BlxL+N.0;server=akswtt10700000p;cloudType=Consumer;environment=Prod_southindia_prod-s01-004-apac-southindia;migrationStage=NotStarted}
{"logTime": "0903/164820", "correlationVector":"IOzWOd8co2ueW62nhkiaE7","action":"Initial GetUpdates", "result":"", "context":Reason: NEWLY_SUPPORTED_DATATYPE. cV=IOzWOd8co2ueW62nhkiaE7}
{"logTime": "0903/164821", "correlationVector":"IOzWOd8co2ueW62nhkiaE7.1","action":"SyncServerConnectionManagerRequest", "result":"SYNC_SERVER_OK", "context":{"environment":"Prod_southindia_prod-s01-004-apac-southindia", "migrationStage":"NotStarted", "server":"akswtt107000031"}}
{"logTime": "0903/164821", "correlationVector":"IOzWOd8co2ueW62nhkiaE7.2","action":"ProcessGetUpdates", "result":"Done", "context":{"dataType":"History", "deleted":"0", "process_failed_to_decrypt":"0", "process_pending_decryption":"0", "process_success":"36", "total":"36"}}
{"logTime": "0903/164821", "correlationVector":"IOzWOd8co2ueW62nhkiaE7.3","action":"GetUpdates Response", "result":"Success", "context":Received 36 update(s). cV=IOzWOd8co2ueW62nhkiaE7.0;server=akswtt107000031;cloudType=Consumer;environment=Prod_southindia_prod-s01-004-apac-southindia;migrationStage=NotStarted}
{"logTime": "0903/164821", "correlationVector":"lUyfP4dLEpCUA0/gFpeRw2","action":"Normal GetUpdate request", "result":"", "context":cV=lUyfP4dLEpCUA0/gFpeRw2
Nudged types: Sessions, Device Info, User Consents
Refresh requested types: Bookmarks, Preferences, Passwords, Autofill Profiles, Autofill, Extensions, Sessions, Extension settings, History Delete Directives, Device Info, User Consents, Send Tab To Self, Web Apps, History, Saved Tab Group, WebAuthn Credentials, Edge Hub App Usage, Edge Workspace, Encryption Keys}
{"logTime": "0903/164823", "correlationVector":"lUyfP4dLEpCUA0/gFpeRw2.1","action":"SyncServerConnectionManagerRequest", "result":"SYNC_SERVER_OK", "context":{"environment":"Prod_southindia_prod-s01-004-apac-southindia", "migrationStage":"NotStarted", "server":"akswtt107000023"}}
{"logTime": "0903/164823", "correlationVector":"lUyfP4dLEpCUA0/gFpeRw2.2","action":"GetUpdates Response", "result":"Success", "context":Received 0 update(s). cV=lUyfP4dLEpCUA0/gFpeRw2.0;server=akswtt107000023;cloudType=Consumer;environment=Prod_southindia_prod-s01-004-apac-southindia;migrationStage=NotStarted}
{"logTime": "0903/164823", "correlationVector":"6A3PNslnkDpDn3Elx8rRA1","action":"DoCompareDataConsistency requsted types: ", "result":"Bookmarks, Preferences, Passwords, Extensions, Extension settings, History Delete Directives, Send Tab To Self, Web Apps, History, Saved Tab Group, WebAuthn Credentials, Edge Workspace, Encryption Keys"}
{"logTime": "0903/164823", "correlationVector":"6A3PNslnkDpDn3Elx8rRA1.0","action":"CompareDataConsistency result: ", "result":"Compare result: Encryption Keys is consistent. local entities count is: 1 local entities hash is: uwZcdIvcO6dtwSxHuP29ZVsIDJc="}
{"logTime": "0903/164823", "correlationVector":"6A3PNslnkDpDn3Elx8rRA1.1","action":"CompareDataConsistency result: ", "result":"Compare result: Bookmarks is consistent. local entities count is: 4 local entities hash is: eMLi1iBqjs7glT/cOx3X4kmAqi0="}
{"logTime": "0903/164823", "correlationVector":"6A3PNslnkDpDn3Elx8rRA1.2","action":"CompareDataConsistency result: ", "result":"Compare result: Preferences is consistent. local entities count is: 70 local entities hash is: /YW7n2Gi2ibAtsydmxKYa203xz0="}
{"logTime": "0903/164823", "correlationVector":"6A3PNslnkDpDn3Elx8rRA1.3","action":"CompareDataConsistency result: ", "result":"Compare result: Extensions is consistent. local entities count is: 5 local entities hash is: fb29WUW4yEJda9qmzcO8JRRq7OE="}
{"logTime": "0903/164823", "correlationVector":"6A3PNslnkDpDn3Elx8rRA1.4","action":"CompareDataConsistency result: ", "result":"Compare result: Extension settings is consistent. local entities count is: 0 local entities hash is: "}
{"logTime": "0903/164823", "correlationVector":"6A3PNslnkDpDn3Elx8rRA1.5","action":"CompareDataConsistency result: ", "result":"Compare result: History Delete Directives is consistent. local entities count is: 0 local entities hash is: "}
{"logTime": "0903/164823", "correlationVector":"6A3PNslnkDpDn3Elx8rRA1.6","action":"CompareDataConsistency result: ", "result":"Server did not send this Send Tab To Self local entities count is: 0 local entities hash is: "}
{"logTime": "0903/164823", "correlationVector":"6A3PNslnkDpDn3Elx8rRA1.7","action":"CompareDataConsistency result: ", "result":"Compare result: Web Apps is consistent. local entities count is: 0 local entities hash is: "}
{"logTime": "0903/164823", "correlationVector":"6A3PNslnkDpDn3Elx8rRA1.8","action":"CompareDataConsistency result: ", "result":"Server did not send this History local entities count is: 0 local entities hash is: "}
{"logTime": "0903/164823", "correlationVector":"6A3PNslnkDpDn3Elx8rRA1.9","action":"CompareDataConsistency result: ", "result":"Compare result: Saved Tab Group is consistent. local entities count is: 0 local entities hash is: "}
{"logTime": "0903/164823", "correlationVector":"6A3PNslnkDpDn3Elx8rRA1.10","action":"CompareDataConsistency result: ", "result":"Server did not send this WebAuthn Credentials local entities count is: 0 local entities hash is: "}
{"logTime": "0903/164823", "correlationVector":"6A3PNslnkDpDn3Elx8rRA1.11","action":"CompareDataConsistency result: ", "result":"Server did not send this Edge Workspace local entities count is: 0 local entities hash is: "}
{"logTime": "0903/164823", "correlationVector":"6A3PNslnkDpDn3Elx8rRA1.12","action":"CompareDataConsistency result: ", "result":"Compare result: Passwords is consistent. local entities count is: 132 local entities hash is: GcaPGl1xwJRdBWJPzwFoUGNEJBE="}
{"logTime": "0903/164823", "correlationVector":"c/qbsyhESS0Uec4ffCim2U","action":"Commit Request", "result":"", "context":Item count: 4
Contributing types: Sessions, Device Info, User Consents}
{"logTime": "0903/164825", "correlationVector":"c/qbsyhESS0Uec4ffCim2U.1","action":"SyncServerConnectionManagerRequest", "result":"SYNC_SERVER_OK", "context":{"environment":"Prod_southindia_prod-s01-004-apac-southindia", "migrationStage":"NotStarted", "server":"akswtt10700001p"}}
{"logTime": "0903/164825", "correlationVector":"c/qbsyhESS0Uec4ffCim2U.2","action":"Commit Response", "result":"Success", "context":Result: Success. cV=c/qbsyhESS0Uec4ffCim2U.0;server=akswtt10700001p;cloudType=Consumer;environment=Prod_southindia_prod-s01-004-apac-southindia;migrationStage=NotStarted}
{"logTime": "0903/164825", "correlationVector":"","action":"DIAGNOSTIC_REQUEST|v1/diagnosticData/Diagnostic.SendCheckResult()|SUCCESS", "result":""}
{"logTime": "0903/164939", "correlationVector":"SpqgnIhyahE7HJH1H9+O7F","action":"Commit Request", "result":"", "context":Item count: 40
Contributing types: Passwords}
{"logTime": "0903/164950", "correlationVector":"SpqgnIhyahE7HJH1H9+O7F.1","action":"SyncServerConnectionManagerRequest", "result":"SYNC_SERVER_OK", "context":{"environment":"Prod_southindia_prod-s01-004-apac-southindia", "migrationStage":"NotStarted", "server":"akswtt107000008"}}
{"logTime": "0903/164950", "correlationVector":"SpqgnIhyahE7HJH1H9+O7F.2","action":"Commit Response", "result":"Success", "context":Result: Success. cV=SpqgnIhyahE7HJH1H9+O7F.0;server=akswtt107000008;cloudType=Consumer;environment=Prod_southindia_prod-s01-004-apac-southindia;migrationStage=NotStarted}
{"logTime": "0903/164950", "correlationVector":"WeKO5pLfG8zkYNxwqYsdxB","action":"Commit Request", "result":"", "context":Item count: 40
Contributing types: Passwords}
{"logTime": "0903/165002", "correlationVector":"WeKO5pLfG8zkYNxwqYsdxB.1","action":"SyncServerConnectionManagerRequest", "result":"SYNC_SERVER_OK", "context":{"environment":"Prod_southindia_prod-s01-004-apac-southindia", "migrationStage":"NotStarted", "server":"akswtt10700002d"}}
{"logTime": "0903/165002", "correlationVector":"WeKO5pLfG8zkYNxwqYsdxB.2","action":"Commit Response", "result":"Success", "context":Result: Success. cV=WeKO5pLfG8zkYNxwqYsdxB.0;server=akswtt10700002d;cloudType=Consumer;environment=Prod_southindia_prod-s01-004-apac-southindia;migrationStage=NotStarted}
{"logTime": "0903/165003", "correlationVector":"fURq5YTA6WwAzWhihdHhr+","action":"Commit Request", "result":"", "context":Item count: 37
Contributing types: Passwords, Sessions, History}
{"logTime": "0903/165013", "correlationVector":"fURq5YTA6WwAzWhihdHhr+.1","action":"SyncServerConnectionManagerRequest", "result":"SYNC_SERVER_OK", "context":{"environment":"Prod_southindia_prod-s01-004-apac-southindia", "migrationStage":"NotStarted", "server":"akswtt107000033"}}
{"logTime": "0903/165013", "correlationVector":"fURq5YTA6WwAzWhihdHhr+.2","action":"Commit Response", "result":"Success", "context":Result: Success. cV=fURq5YTA6WwAzWhihdHhr+.0;server=akswtt107000033;cloudType=Consumer;environment=Prod_southindia_prod-s01-004-apac-southindia;migrationStage=NotStarted}
{"logTime": "0903/165014", "correlationVector":"wW8VqFttRkq2fyluFHPv5a","action":"Normal GetUpdate request", "result":"", "context":cV=wW8VqFttRkq2fyluFHPv5a
Nudged types: Passwords
Notified types: Device Info, History}
{"logTime": "0903/165015", "correlationVector":"wW8VqFttRkq2fyluFHPv5a.1","action":"SyncServerConnectionManagerRequest", "result":"SYNC_SERVER_OK", "context":{"environment":"Prod_southindia_prod-s01-004-apac-southindia", "migrationStage":"NotStarted", "server":"akswtt10700002u"}}
{"logTime": "0903/165015", "correlationVector":"wW8VqFttRkq2fyluFHPv5a.2","action":"ProcessGetUpdates", "result":"Done", "context":{"dataType":"Passwords", "deleted":"0", "process_failed_to_decrypt":"0", "process_pending_decryption":"0", "process_success":"111", "total":"111"}}
{"logTime": "0903/165015", "correlationVector":"wW8VqFttRkq2fyluFHPv5a.3","action":"ProcessGetUpdates", "result":"Done", "context":{"dataType":"Sessions", "deleted":"0", "process_failed_to_decrypt":"0", "process_pending_decryption":"0", "process_success":"8", "total":"8"}}
{"logTime": "0903/165015", "correlationVector":"wW8VqFttRkq2fyluFHPv5a.4","action":"ProcessGetUpdates", "result":"Done", "context":{"dataType":"Device Info", "deleted":"0", "process_failed_to_decrypt":"0", "process_pending_decryption":"0", "process_success":"2", "total":"2"}}
{"logTime": "0903/165015", "correlationVector":"wW8VqFttRkq2fyluFHPv5a.5","action":"ProcessGetUpdates", "result":"Done", "context":{"dataType":"History", "deleted":"0", "process_failed_to_decrypt":"0", "process_pending_decryption":"0", "process_success":"5", "total":"5"}}
{"logTime": "0903/165015", "correlationVector":"wW8VqFttRkq2fyluFHPv5a.6","action":"GetUpdates Response", "result":"Success", "context":Received 126 update(s). cV=wW8VqFttRkq2fyluFHPv5a.0;server=akswtt10700002u;cloudType=Consumer;environment=Prod_southindia_prod-s01-004-apac-southindia;migrationStage=NotStarted}
{"logTime": "0903/165043", "correlationVector":"4rwY1psHjpBaTlCHAJpUld","action":"Normal GetUpdate request", "result":"", "context":cV=4rwY1psHjpBaTlCHAJpUld
Notified types: Passwords}
{"logTime": "0903/165044", "correlationVector":"4rwY1psHjpBaTlCHAJpUld.1","action":"SyncServerConnectionManagerRequest", "result":"SYNC_SERVER_OK", "context":{"environment":"Prod_southindia_prod-s01-004-apac-southindia", "migrationStage":"NotStarted", "server":"akswtt10700001e"}}
{"logTime": "0903/165044", "correlationVector":"4rwY1psHjpBaTlCHAJpUld.2","action":"ProcessGetUpdates", "result":"Done", "context":{"dataType":"Passwords", "deleted":"0", "process_failed_to_decrypt":"0", "process_pending_decryption":"0", "process_success":"40", "total":"40"}}
{"logTime": "0903/165044", "correlationVector":"4rwY1psHjpBaTlCHAJpUld.3","action":"GetUpdates Response", "result":"Success", "context":Received 40 update(s). cV=4rwY1psHjpBaTlCHAJpUld.0;server=akswtt10700001e;cloudType=Consumer;environment=Prod_southindia_prod-s01-004-apac-southindia;migrationStage=NotStarted}
{"logTime": "0903/165055", "correlationVector":"gbwKambP5ZGoCDoZ0tw1XJ","action":"Normal GetUpdate request", "result":"", "context":cV=gbwKambP5ZGoCDoZ0tw1XJ
Notified types: Passwords}
{"logTime": "0903/165055", "correlationVector":"gbwKambP5ZGoCDoZ0tw1XJ.1","action":"SyncServerConnectionManagerRequest", "result":"SYNC_SERVER_OK", "context":{"environment":"Prod_southindia_prod-s01-004-apac-southindia", "migrationStage":"NotStarted", "server":"akswtt107000027"}}
{"logTime": "0903/165055", "correlationVector":"gbwKambP5ZGoCDoZ0tw1XJ.2","action":"ProcessGetUpdates", "result":"Done", "context":{"dataType":"Passwords", "deleted":"0", "process_failed_to_decrypt":"0", "process_pending_decryption":"0", "process_success":"40", "total":"40"}}
{"logTime": "0903/165055", "correlationVector":"gbwKambP5ZGoCDoZ0tw1XJ.3","action":"GetUpdates Response", "result":"Success", "context":Received 40 update(s). cV=gbwKambP5ZGoCDoZ0tw1XJ.0;server=akswtt107000027;cloudType=Consumer;environment=Prod_southindia_prod-s01-004-apac-southindia;migrationStage=NotStarted}
{"logTime": "0903/165108", "correlationVector":"VnYw3nsYARlV8GOGrdM0a7","action":"Normal GetUpdate request", "result":"", "context":cV=VnYw3nsYARlV8GOGrdM0a7
Notified types: Passwords}
{"logTime": "0903/165109", "correlationVector":"VnYw3nsYARlV8GOGrdM0a7.1","action":"SyncServerConnectionManagerRequest", "result":"SYNC_SERVER_OK", "context":{"environment":"Prod_southindia_prod-s01-004-apac-southindia", "migrationStage":"NotStarted", "server":"akswtt10700001p"}}
{"logTime": "0903/165109", "correlationVector":"VnYw3nsYARlV8GOGrdM0a7.2","action":"ProcessGetUpdates", "result":"Done", "context":{"dataType":"Passwords", "deleted":"0", "process_failed_to_decrypt":"0", "process_pending_decryption":"0", "process_success":"40", "total":"40"}}
{"logTime": "0903/165109", "correlationVector":"VnYw3nsYARlV8GOGrdM0a7.3","action":"GetUpdates Response", "result":"Success", "context":Received 40 update(s). cV=VnYw3nsYARlV8GOGrdM0a7.0;server=akswtt10700001p;cloudType=Consumer;environment=Prod_southindia_prod-s01-004-apac-southindia;migrationStage=NotStarted}
{"logTime": "0903/165118", "correlationVector":"F2Ujc3KyYYdYFYTY7avPfy","action":"Normal GetUpdate request", "result":"", "context":cV=F2Ujc3KyYYdYFYTY7avPfy
Notified types: Passwords, History}
{"logTime": "0903/165119", "correlationVector":"F2Ujc3KyYYdYFYTY7avPfy.1","action":"SyncServerConnectionManagerRequest", "result":"SYNC_SERVER_OK", "context":{"environment":"Prod_southindia_prod-s01-004-apac-southindia", "migrationStage":"NotStarted", "server":"akswtt107000026"}}
{"logTime": "0903/165119", "correlationVector":"F2Ujc3KyYYdYFYTY7avPfy.2","action":"ProcessGetUpdates", "result":"Done", "context":{"dataType":"Passwords", "deleted":"0", "process_failed_to_decrypt":"0", "process_pending_decryption":"0", "process_success":"31", "total":"31"}}
{"logTime": "0903/165119", "correlationVector":"F2Ujc3KyYYdYFYTY7avPfy.3","action":"ProcessGetUpdates", "result":"Done", "context":{"dataType":"Sessions", "deleted":"0", "process_failed_to_decrypt":"0", "process_pending_decryption":"0", "process_success":"1", "total":"1"}}
{"logTime": "0903/165119", "correlationVector":"F2Ujc3KyYYdYFYTY7avPfy.4","action":"ProcessGetUpdates", "result":"Done", "context":{"dataType":"History", "deleted":"0", "process_failed_to_decrypt":"0", "process_pending_decryption":"0", "process_success":"2", "total":"2"}}
{"logTime": "0903/165119", "correlationVector":"F2Ujc3KyYYdYFYTY7avPfy.5","action":"GetUpdates Response", "result":"Success", "context":Received 34 update(s). cV=F2Ujc3KyYYdYFYTY7avPfy.0;server=akswtt107000026;cloudType=Consumer;environment=Prod_southindia_prod-s01-004-apac-southindia;migrationStage=NotStarted}
{"logTime": "0903/165458", "correlationVector":"HjiZ6hQ8ySr35z+cgYo2jF","action":"Normal GetUpdate request", "result":"", "context":cV=HjiZ6hQ8ySr35z+cgYo2jF
Notified types: Device Info}
{"logTime": "0903/165459", "correlationVector":"HjiZ6hQ8ySr35z+cgYo2jF.1","action":"SyncServerConnectionManagerRequest", "result":"SYNC_SERVER_OK", "context":{"environment":"Prod_southindia_prod-s01-004-apac-southindia", "migrationStage":"NotStarted", "server":"akswtt10700000h"}}
{"logTime": "0903/165459", "correlationVector":"HjiZ6hQ8ySr35z+cgYo2jF.2","action":"ProcessGetUpdates", "result":"Done", "context":{"dataType":"Sessions", "deleted":"0", "process_failed_to_decrypt":"0", "process_pending_decryption":"0", "process_success":"2", "total":"2"}}
{"logTime": "0903/165459", "correlationVector":"HjiZ6hQ8ySr35z+cgYo2jF.3","action":"ProcessGetUpdates", "result":"Done", "context":{"dataType":"Device Info", "deleted":"0", "process_failed_to_decrypt":"0", "process_pending_decryption":"0", "process_success":"1", "total":"1"}}
{"logTime": "0903/165459", "correlationVector":"HjiZ6hQ8ySr35z+cgYo2jF.4","action":"GetUpdates Response", "result":"Success", "context":Received 3 update(s). cV=HjiZ6hQ8ySr35z+cgYo2jF.0;server=akswtt10700000h;cloudType=Consumer;environment=Prod_southindia_prod-s01-004-apac-southindia;migrationStage=NotStarted}
{"logTime": "0903/165608", "correlationVector":"OjRN/xtGEzv5afP8sWU+FS","action":"Normal GetUpdate request", "result":"", "context":cV=OjRN/xtGEzv5afP8sWU+FS
Notified types: Passwords}
{"logTime": "0903/165609", "correlationVector":"OjRN/xtGEzv5afP8sWU+FS.1","action":"SyncServerConnectionManagerRequest", "result":"SYNC_SERVER_OK", "context":{"environment":"Prod_southindia_prod-s01-004-apac-southindia", "migrationStage":"NotStarted", "server":"akswtt107000027"}}
{"logTime": "0903/165609", "correlationVector":"OjRN/xtGEzv5afP8sWU+FS.2","action":"ProcessGetUpdates", "result":"Done", "context":{"dataType":"Passwords", "deleted":"0", "process_failed_to_decrypt":"0", "process_pending_decryption":"0", "process_success":"40", "total":"40"}}
{"logTime": "0903/165609", "correlationVector":"OjRN/xtGEzv5afP8sWU+FS.3","action":"GetUpdates Response", "result":"Success", "context":Received 40 update(s). cV=OjRN/xtGEzv5afP8sWU+FS.0;server=akswtt107000027;cloudType=Consumer;environment=Prod_southindia_prod-s01-004-apac-southindia;migrationStage=NotStarted}
{"logTime": "0903/165619", "correlationVector":"8MF7I7n0CZkXbfdDSIO+BK","action":"Normal GetUpdate request", "result":"", "context":cV=8MF7I7n0CZkXbfdDSIO+BK
Notified types: Passwords}
{"logTime": "0903/165620", "correlationVector":"8MF7I7n0CZkXbfdDSIO+BK.1","action":"SyncServerConnectionManagerRequest", "result":"SYNC_SERVER_OK", "context":{"environment":"Prod_southindia_prod-s01-004-apac-southindia", "migrationStage":"NotStarted", "server":"akswtt10700001w"}}
{"logTime": "0903/165620", "correlationVector":"8MF7I7n0CZkXbfdDSIO+BK.2","action":"ProcessGetUpdates", "result":"Done", "context":{"dataType":"Passwords", "deleted":"0", "process_failed_to_decrypt":"0", "process_pending_decryption":"0", "process_success":"40", "total":"40"}}
{"logTime": "0903/165620", "correlationVector":"8MF7I7n0CZkXbfdDSIO+BK.3","action":"GetUpdates Response", "result":"Success", "context":Received 40 update(s). cV=8MF7I7n0CZkXbfdDSIO+BK.0;server=akswtt10700001w;cloudType=Consumer;environment=Prod_southindia_prod-s01-004-apac-southindia;migrationStage=NotStarted}
{"logTime": "0903/165631", "correlationVector":"/HhZcKcEZ0VC8sDoZAJxCc","action":"Normal GetUpdate request", "result":"", "context":cV=/HhZcKcEZ0VC8sDoZAJxCc
Notified types: Passwords, History}
{"logTime": "0903/165632", "correlationVector":"/HhZcKcEZ0VC8sDoZAJxCc.1","action":"SyncServerConnectionManagerRequest", "result":"SYNC_SERVER_OK", "context":{"environment":"Prod_southindia_prod-s01-004-apac-southindia", "migrationStage":"NotStarted", "server":"akswtt10700000z"}}
{"logTime": "0903/165632", "correlationVector":"/HhZcKcEZ0VC8sDoZAJxCc.2","action":"ProcessGetUpdates", "result":"Done", "context":{"dataType":"Passwords", "deleted":"0", "process_failed_to_decrypt":"0", "process_pending_decryption":"0", "process_success":"31", "total":"31"}}
{"logTime": "0903/165632", "correlationVector":"/HhZcKcEZ0VC8sDoZAJxCc.3","action":"ProcessGetUpdates", "result":"Done", "context":{"dataType":"Sessions", "deleted":"0", "process_failed_to_decrypt":"0", "process_pending_decryption":"0", "process_success":"3", "total":"3"}}
{"logTime": "0903/165632", "correlationVector":"/HhZcKcEZ0VC8sDoZAJxCc.4","action":"ProcessGetUpdates", "result":"Done", "context":{"dataType":"History", "deleted":"0", "process_failed_to_decrypt":"0", "process_pending_decryption":"0", "process_success":"3", "total":"3"}}
{"logTime": "0903/165632", "correlationVector":"/HhZcKcEZ0VC8sDoZAJxCc.5","action":"GetUpdates Response", "result":"Success", "context":Received 37 update(s). cV=/HhZcKcEZ0VC8sDoZAJxCc.0;server=akswtt10700000z;cloudType=Consumer;environment=Prod_southindia_prod-s01-004-apac-southindia;migrationStage=NotStarted}
{"logTime": "0903/165704", "correlationVector":"V+g8Tmb68XSxqbvTt0Yyu/","action":"Normal GetUpdate request", "result":"", "context":cV=V+g8Tmb68XSxqbvTt0Yyu/
Notified types: Device Info}
{"logTime": "0903/165704", "correlationVector":"V+g8Tmb68XSxqbvTt0Yyu/.1","action":"SyncServerConnectionManagerRequest", "result":"SYNC_SERVER_OK", "context":{"environment":"Prod_southindia_prod-s01-004-apac-southindia", "migrationStage":"NotStarted", "server":"akswtt107000000"}}
{"logTime": "0903/165704", "correlationVector":"V+g8Tmb68XSxqbvTt0Yyu/.2","action":"ProcessGetUpdates", "result":"Done", "context":{"dataType":"Sessions", "deleted":"0", "process_failed_to_decrypt":"0", "process_pending_decryption":"0", "process_success":"2", "total":"2"}}
{"logTime": "0903/165704", "correlationVector":"V+g8Tmb68XSxqbvTt0Yyu/.3","action":"ProcessGetUpdates", "result":"Done", "context":{"dataType":"Device Info", "deleted":"0", "process_failed_to_decrypt":"0", "process_pending_decryption":"0", "process_success":"1", "total":"1"}}
{"logTime": "0903/165704", "correlationVector":"V+g8Tmb68XSxqbvTt0Yyu/.4","action":"GetUpdates Response", "result":"Success", "context":Received 3 update(s). cV=V+g8Tmb68XSxqbvTt0Yyu/.0;server=akswtt107000000;cloudType=Consumer;environment=Prod_southindia_prod-s01-004-apac-southindia;migrationStage=NotStarted}
{"logTime": "0903/165940", "correlationVector":"1UFD9zK0WaPss6jII3v9Wu","action":"Commit Request", "result":"", "context":Item count: 4
Contributing types: Sessions, History}
{"logTime": "0903/165943", "correlationVector":"1UFD9zK0WaPss6jII3v9Wu.1","action":"SyncServerConnectionManagerRequest", "result":"SYNC_SERVER_OK", "context":{"environment":"Prod_southindia_prod-s01-004-apac-southindia", "migrationStage":"NotStarted", "server":"akswtt10700000f"}}
{"logTime": "0903/165943", "correlationVector":"1UFD9zK0WaPss6jII3v9Wu.2","action":"Commit Response", "result":"Success", "context":Result: Success. cV=1UFD9zK0WaPss6jII3v9Wu.0;server=akswtt10700000f;cloudType=Consumer;environment=Prod_southindia_prod-s01-004-apac-southindia;migrationStage=NotStarted}
{"logTime": "0903/165943", "correlationVector":"1UFD9zK0WaPss6jII3v9Wu.3","action":"Commit.Sessions", "result":"Success", "context":{"id":"8e70aa13-cf79-4e5d-aecc-7266097ab54a", "isDeleted":"true", "size":"0", "version":"1788454211364"}}
{"logTime": "0903/170054", "correlationVector":"OThfFo10EgXAeFld+4Hg71","action":"Normal GetUpdate request", "result":"", "context":cV=OThfFo10EgXAeFld+4Hg71
Notified types: History}
{"logTime": "0903/170054", "correlationVector":"OThfFo10EgXAeFld+4Hg71.1","action":"SyncServerConnectionManagerRequest", "result":"SYNC_SERVER_OK", "context":{"environment":"Prod_southindia_prod-s01-004-apac-southindia", "migrationStage":"NotStarted", "server":"akswtt10700001l"}}
{"logTime": "0903/170054", "correlationVector":"OThfFo10EgXAeFld+4Hg71.2","action":"ProcessGetUpdates", "result":"Done", "context":{"dataType":"Sessions", "deleted":"2", "process_failed_to_decrypt":"0", "process_pending_decryption":"0", "process_success":"6", "total":"6"}}
{"logTime": "0903/170054", "correlationVector":"OThfFo10EgXAeFld+4Hg71.3","action":"ProcessGetUpdates", "result":"Done", "context":{"dataType":"History", "deleted":"0", "process_failed_to_decrypt":"0", "process_pending_decryption":"0", "process_success":"2", "total":"2"}}
{"logTime": "0903/170054", "correlationVector":"OThfFo10EgXAeFld+4Hg71.4","action":"GetUpdates Response", "result":"Success", "context":Received 8 update(s). cV=OThfFo10EgXAeFld+4Hg71.0;server=akswtt10700001l;cloudType=Consumer;environment=Prod_southindia_prod-s01-004-apac-southindia;migrationStage=NotStarted}
{"logTime": "0903/170615", "correlationVector":"f/piGz/IU0rugagMe5KHmY","action":"Normal GetUpdate request", "result":"", "context":cV=f/piGz/IU0rugagMe5KHmY
Notified types: History}
{"logTime": "0903/170616", "correlationVector":"f/piGz/IU0rugagMe5KHmY.1","action":"SyncServerConnectionManagerRequest", "result":"SYNC_SERVER_OK", "context":{"environment":"Prod_southindia_prod-s01-004-apac-southindia", "migrationStage":"NotStarted", "server":"akswtt107000009"}}
{"logTime": "0903/170616", "correlationVector":"f/piGz/IU0rugagMe5KHmY.2","action":"ProcessGetUpdates", "result":"Done", "context":{"dataType":"Sessions", "deleted":"1", "process_failed_to_decrypt":"0", "process_pending_decryption":"0", "process_success":"3", "total":"3"}}
{"logTime": "0903/170616", "correlationVector":"f/piGz/IU0rugagMe5KHmY.3","action":"ProcessGetUpdates", "result":"Done", "context":{"dataType":"History", "deleted":"0", "process_failed_to_decrypt":"0", "process_pending_decryption":"0", "process_success":"1", "total":"1"}}
{"logTime": "0903/170616", "correlationVector":"f/piGz/IU0rugagMe5KHmY.4","action":"GetUpdates Response", "result":"Success", "context":Received 4 update(s). cV=f/piGz/IU0rugagMe5KHmY.0;server=akswtt107000009;cloudType=Consumer;environment=Prod_southindia_prod-s01-004-apac-southindia;migrationStage=NotStarted}
{"logTime": "0903/175433", "correlationVector":"x1RkwP8XCqOxVdU6iuOonu","action":"Normal GetUpdate request", "result":"", "context":cV=x1RkwP8XCqOxVdU6iuOonu
Notified types: Device Info}
{"logTime": "0903/175435", "correlationVector":"x1RkwP8XCqOxVdU6iuOonu.1","action":"SyncServerConnectionManagerRequest", "result":"SYNC_SERVER_OK", "context":{"environment":"Prod_southindia_prod-s01-004-apac-southindia", "migrationStage":"NotStarted", "server":"akswtt10700000w"}}
{"logTime": "0903/175435", "correlationVector":"x1RkwP8XCqOxVdU6iuOonu.2","action":"ProcessGetUpdates", "result":"Done", "context":{"dataType":"Sessions", "deleted":"0", "process_failed_to_decrypt":"0", "process_pending_decryption":"0", "process_success":"3", "total":"3"}}
{"logTime": "0903/175435", "correlationVector":"x1RkwP8XCqOxVdU6iuOonu.3","action":"ProcessGetUpdates", "result":"Done", "context":{"dataType":"Device Info", "deleted":"0", "process_failed_to_decrypt":"0", "process_pending_decryption":"0", "process_success":"1", "total":"1"}}
{"logTime": "0903/175435", "correlationVector":"x1RkwP8XCqOxVdU6iuOonu.4","action":"ProcessGetUpdates", "result":"Done", "context":{"dataType":"History", "deleted":"0", "process_failed_to_decrypt":"0", "process_pending_decryption":"0", "process_success":"1", "total":"1"}}
{"logTime": "0903/175435", "correlationVector":"x1RkwP8XCqOxVdU6iuOonu.5","action":"GetUpdates Response", "result":"Success", "context":Received 5 update(s). cV=x1RkwP8XCqOxVdU6iuOonu.0;server=akswtt10700000w;cloudType=Consumer;environment=Prod_southindia_prod-s01-004-apac-southindia;migrationStage=NotStarted}
{"logTime": "0903/175436", "correlationVector":"faqsYny7Y+J+JiGqMlItbv","action":"Normal GetUpdate request", "result":"", "context":cV=faqsYny7Y+J+JiGqMlItbv
Notified types: History}
{"logTime": "0903/175437", "correlationVector":"faqsYny7Y+J+JiGqMlItbv.1","action":"SyncServerConnectionManagerRequest", "result":"SYNC_SERVER_OK", "context":{"environment":"Prod_southindia_prod-s01-004-apac-southindia", "migrationStage":"NotStarted", "server":"akswtt107000038"}}
{"logTime": "0903/175437", "correlationVector":"faqsYny7Y+J+JiGqMlItbv.2","action":"GetUpdates Response", "result":"Success", "context":Received 0 update(s). cV=faqsYny7Y+J+JiGqMlItbv.0;server=akswtt107000038;cloudType=Consumer;environment=Prod_southindia_prod-s01-004-apac-southindia;migrationStage=NotStarted}
{"logTime": "0903/175539", "correlationVector":"efInwAe8uVIykFC12+RgeI","action":"Normal GetUpdate request", "result":"", "context":cV=efInwAe8uVIykFC12+RgeI
Notified types: Passwords}
{"logTime": "0903/175540", "correlationVector":"efInwAe8uVIykFC12+RgeI.1","action":"SyncServerConnectionManagerRequest", "result":"SYNC_SERVER_OK", "context":{"environment":"Prod_southindia_prod-s01-004-apac-southindia", "migrationStage":"NotStarted", "server":"akswtt107000028"}}
{"logTime": "0903/175540", "correlationVector":"efInwAe8uVIykFC12+RgeI.2","action":"ProcessGetUpdates", "result":"Done", "context":{"dataType":"Passwords", "deleted":"0", "process_failed_to_decrypt":"0", "process_pending_decryption":"0", "process_success":"40", "total":"40"}}
{"logTime": "0903/175540", "correlationVector":"efInwAe8uVIykFC12+RgeI.3","action":"GetUpdates Response", "result":"Success", "context":Received 40 update(s). cV=efInwAe8uVIykFC12+RgeI.0;server=akswtt107000028;cloudType=Consumer;environment=Prod_southindia_prod-s01-004-apac-southindia;migrationStage=NotStarted}
{"logTime": "0903/175551", "correlationVector":"A36ZH+pUdQfBJslsgblAdE","action":"Normal GetUpdate request", "result":"", "context":cV=A36ZH+pUdQfBJslsgblAdE
Notified types: Passwords}
{"logTime": "0903/175551", "correlationVector":"A36ZH+pUdQfBJslsgblAdE.1","action":"SyncServerConnectionManagerRequest", "result":"SYNC_SERVER_OK", "context":{"environment":"Prod_southindia_prod-s01-004-apac-southindia", "migrationStage":"NotStarted", "server":"akswtt107000011"}}
{"logTime": "0903/175551", "correlationVector":"A36ZH+pUdQfBJslsgblAdE.2","action":"ProcessGetUpdates", "result":"Done", "context":{"dataType":"Passwords", "deleted":"0", "process_failed_to_decrypt":"0", "process_pending_decryption":"0", "process_success":"40", "total":"40"}}
{"logTime": "0903/175551", "correlationVector":"A36ZH+pUdQfBJslsgblAdE.3","action":"GetUpdates Response", "result":"Success", "context":Received 40 update(s). cV=A36ZH+pUdQfBJslsgblAdE.0;server=akswtt107000011;cloudType=Consumer;environment=Prod_southindia_prod-s01-004-apac-southindia;migrationStage=NotStarted}
{"logTime": "0903/175601", "correlationVector":"wgzjd9o3PS07z95imjMvRh","action":"Normal GetUpdate request", "result":"", "context":cV=wgzjd9o3PS07z95imjMvRh
Notified types: Passwords, History}
{"logTime": "0903/175602", "correlationVector":"wgzjd9o3PS07z95imjMvRh.1","action":"SyncServerConnectionManagerRequest", "result":"SYNC_SERVER_OK", "context":{"environment":"Prod_southindia_prod-s01-004-apac-southindia", "migrationStage":"NotStarted", "server":"akswtt107000038"}}
{"logTime": "0903/175602", "correlationVector":"wgzjd9o3PS07z95imjMvRh.2","action":"ProcessGetUpdates", "result":"Done", "context":{"dataType":"Passwords", "deleted":"0", "process_failed_to_decrypt":"0", "process_pending_decryption":"0", "process_success":"31", "total":"31"}}
{"logTime": "0903/175602", "correlationVector":"wgzjd9o3PS07z95imjMvRh.3","action":"ProcessGetUpdates", "result":"Done", "context":{"dataType":"Sessions", "deleted":"0", "process_failed_to_decrypt":"0", "process_pending_decryption":"0", "process_success":"3", "total":"3"}}
{"logTime": "0903/175602", "correlationVector":"wgzjd9o3PS07z95imjMvRh.4","action":"ProcessGetUpdates", "result":"Done", "context":{"dataType":"History", "deleted":"0", "process_failed_to_decrypt":"0", "process_pending_decryption":"0", "process_success":"3", "total":"3"}}
{"logTime": "0903/175602", "correlationVector":"wgzjd9o3PS07z95imjMvRh.5","action":"GetUpdates Response", "result":"Success", "context":Received 37 update(s). cV=wgzjd9o3PS07z95imjMvRh.0;server=akswtt107000038;cloudType=Consumer;environment=Prod_southindia_prod-s01-004-apac-southindia;migrationStage=NotStarted}
{"logTime": "0903/180646", "correlationVector":"hI4Ac61FcOZmF6r8oj6B+S","action":"Normal GetUpdate request", "result":"", "context":cV=hI4Ac61FcOZmF6r8oj6B+S
Notified types: History}
{"logTime": "0903/180649", "correlationVector":"hI4Ac61FcOZmF6r8oj6B+S.1","action":"SyncServerConnectionManagerRequest", "result":"SYNC_SERVER_OK", "context":{"environment":"Prod_southindia_prod-s01-004-apac-southindia", "migrationStage":"NotStarted", "server":"akswtt10700001b"}}
{"logTime": "0903/180649", "correlationVector":"hI4Ac61FcOZmF6r8oj6B+S.2","action":"ProcessGetUpdates", "result":"Done", "context":{"dataType":"Sessions", "deleted":"1", "process_failed_to_decrypt":"0", "process_pending_decryption":"0", "process_success":"3", "total":"3"}}
{"logTime": "0903/180649", "correlationVector":"hI4Ac61FcOZmF6r8oj6B+S.3","action":"ProcessGetUpdates", "result":"Done", "context":{"dataType":"History", "deleted":"0", "process_failed_to_decrypt":"0", "process_pending_decryption":"0", "process_success":"1", "total":"1"}}
{"logTime": "0903/180649", "correlationVector":"hI4Ac61FcOZmF6r8oj6B+S.4","action":"GetUpdates Response", "result":"Success", "context":Received 4 update(s). cV=hI4Ac61FcOZmF6r8oj6B+S.0;server=akswtt10700001b;cloudType=Consumer;environment=Prod_southindia_prod-s01-004-apac-southindia;migrationStage=NotStarted}
