{"logTime": "0903/152404", "correlationVector":"uGd9E8ADC56pWkX2fUV8Ko","action":"Initial GetUpdates", "result":"", "context":Reason: NEWLY_SUPPORTED_DATATYPE. cV=uGd9E8ADC56pWkX2fUV8Ko}
{"logTime": "0903/152406", "correlationVector":"uGd9E8ADC56pWkX2fUV8Ko.1","action":"SyncServerConnectionManagerRequest", "result":"SYNC_SERVER_OK", "context":{"environment":"Prod_southeastasia_prod-s01-065-apac-southeastasia", "migrationStage":"NotStarted", "server":"akswtt003000027"}}
{"logTime": "0903/152406", "correlationVector":"uGd9E8ADC56pWkX2fUV8Ko.2","action":"ProcessGetUpdates", "result":"Done", "context":{"dataType":"Bookmarks", "deleted":"0", "process_failed_to_decrypt":"0", "process_pending_decryption":"0", "process_success":"10", "total":"10"}}
{"logTime": "0903/152406", "correlationVector":"uGd9E8ADC56pWkX2fUV8Ko.3","action":"GetUpdates Response", "result":"Success", "context":Received 10 update(s). cV=uGd9E8ADC56pWkX2fUV8Ko.0;server=akswtt003000027;cloudType=Consumer;environment=Prod_southeastasia_prod-s01-065-apac-southeastasia;migrationStage=NotStarted}
{"logTime": "0903/152407", "correlationVector":"YvVwqt2bPhgOi7LeKGxq8L","action":"SyncServerConnectionManagerRequest", "result":"SYNC_SERVER_OK", "context":{"environment":"", "migrationStage":"", "server":""}}
{"logTime": "0903/152407", "correlationVector":"YvVwqt2bPhgOi7LeKGxq8L.0","action":"EncryptionKeysFetcher.DownloadKeys:", "result":"Success", "context":Key count: 10, Last key timestamp: 2026-07-24T13:34:16Z}
{"logTime": "0903/152407", "correlationVector":"YvVwqt2bPhgOi7LeKGxq8L.1","action":"EncryptionKeysManager::SetEncryptionKeys:", "result":"Success", "context":Key names[10]:[uc6Gm22WegGTqjl9C3sED0kLk8mn/D+JUNl38WX+pwqF8S1remztN90oguW/+w6hZzJSiMa39Qextb/1K+2+PA==][km3GlgyyVXmk+N0ZS/Yo92KlsfNdODRNuRAMsPtdLZvkAQsh81caALVWMKxHhHWBgBRuN5o5G6OMZivbSw/jZQ==][s8ek65JsKsfR2UbSztQ9a9osfhAmz/GdhqUf9rK8CVyrQrub/imvB44yMDxKyt7i9NsVs5IL4VsiXtsx2K12eg==][FVyGx7qtdKnPjhfm0sXZF6SadPtOjuJaV0thCg7s3orxts7EoUDU7PHhzvjtUpvKNM3q9dnfZE5tLErYhjYIgw==][Flg0uikwr+IyuXxcc+6ZqFJULOhq9TIWNn/+LfRNQbt0R1JVAFt4Kl0bYdDfCb6HDaMDWxjNR1mCTEu+nDzW5A==][yD6xuT0JJmYH17bkqYHsp3DcVQPUjVO72nSby3LoZkqcS07WfIf7DvpluDL8vKWpEhM7lp9os0GFUpcGEI3RoA==][AX0pUMDnrAWCS2MtdUQJ4X6TmISvWK/jQnluC7NUU5C5npWwlYqXTH+WDYzSdHYkM22Ce6DzU3Tro5utcgB+/A==][4cw2xlKMCcH30rGLorBBiT+hU2LvOlGF3YuOIjxCPtfDX63giVPdaP1d9V8QkVDacz7gA56ySt3eGbVdsI916Q==][I7lDXthXgjzhXwwks4hxbvXd3/x2jBhmvzTVN/ttfteFCUx2pP0seNr6swqXj6c0GU0ExqF6mOp/RaAcEncjjg==][Fq4kuqULR0gK0T6au6nwmQPIP054cdc49l2/ewrFLF7hZpjkMsCXk3dbErSkaovB7BRpdJiPbV78BAMQxF4hGA==]}
{"logTime": "0903/152407", "correlationVector":"YvVwqt2bPhgOi7LeKGxq8L.2","action":"EncryptionKeysManager::SetEncryptionKeysWithTimestamps:", "result":"Success", "context":Key timestamps[10]:[2024-03-02T02:31:48Z][2024-03-07T16:11:21Z][2024-04-05T16:43:10Z][2024-06-20T06:25:06Z][2024-07-17T12:17:33Z][2025-03-13T15:14:32Z][2025-03-18T02:41:59Z][2025-09-28T05:37:51Z][2026-01-25T07:23:07Z][2026-07-24T13:34:16Z]}
{"logTime": "0903/152407", "correlationVector":"ryw1pf7QXoi9enJPIX+V3M","action":"Initial GetUpdates", "result":"", "context":Reason: NEWLY_SUPPORTED_DATATYPE. cV=ryw1pf7QXoi9enJPIX+V3M}
{"logTime": "0903/152408", "correlationVector":"ryw1pf7QXoi9enJPIX+V3M.1","action":"SyncServerConnectionManagerRequest", "result":"SYNC_SERVER_OK", "context":{"environment":"Prod_southeastasia_prod-s01-065-apac-southeastasia", "migrationStage":"NotStarted", "server":"akswtt003000000"}}
{"logTime": "0903/152408", "correlationVector":"ryw1pf7QXoi9enJPIX+V3M.2","action":"ProcessGetUpdates", "result":"Done", "context":{"dataType":"History", "deleted":"0", "process_failed_to_decrypt":"0", "process_pending_decryption":"0", "process_success":"23", "total":"23"}}
{"logTime": "0903/152408", "correlationVector":"ryw1pf7QXoi9enJPIX+V3M.3","action":"GetUpdates Response", "result":"Success", "context":Received 23 update(s). cV=ryw1pf7QXoi9enJPIX+V3M.0;server=akswtt003000000;cloudType=Consumer;environment=Prod_southeastasia_prod-s01-065-apac-southeastasia;migrationStage=NotStarted}
{"logTime": "0903/152408", "correlationVector":"jcCPdqi5nGY+MI+uNVdgTB","action":"Initial GetUpdates", "result":"", "context":Reason: NEWLY_SUPPORTED_DATATYPE. cV=jcCPdqi5nGY+MI+uNVdgTB}
{"logTime": "0903/152409", "correlationVector":"jcCPdqi5nGY+MI+uNVdgTB.1","action":"SyncServerConnectionManagerRequest", "result":"SYNC_SERVER_OK", "context":{"environment":"Prod_southeastasia_prod-s01-065-apac-southeastasia", "migrationStage":"NotStarted", "server":"akswtt00300000l"}}
{"logTime": "0903/152409", "correlationVector":"jcCPdqi5nGY+MI+uNVdgTB.2","action":"ProcessGetUpdates", "result":"Done", "context":{"dataType":"Passwords", "deleted":"0", "process_failed_to_decrypt":"0", "process_pending_decryption":"0", "process_success":"132", "total":"132"}}
{"logTime": "0903/152409", "correlationVector":"jcCPdqi5nGY+MI+uNVdgTB.3","action":"GetUpdates Response", "result":"Success", "context":Received 132 update(s). cV=jcCPdqi5nGY+MI+uNVdgTB.0;server=akswtt00300000l;cloudType=Consumer;environment=Prod_southeastasia_prod-s01-065-apac-southeastasia;migrationStage=NotStarted}
{"logTime": "0903/152409", "correlationVector":"kbyUNZY0lf0aSYkIiVmKKE","action":"Initial GetUpdates", "result":"", "context":Reason: NEWLY_SUPPORTED_DATATYPE. cV=kbyUNZY0lf0aSYkIiVmKKE}
{"logTime": "0903/152410", "correlationVector":"kbyUNZY0lf0aSYkIiVmKKE.1","action":"SyncServerConnectionManagerRequest", "result":"SYNC_SERVER_OK", "context":{"environment":"Prod_southeastasia_prod-s01-065-apac-southeastasia", "migrationStage":"NotStarted", "server":"akswtt00300000w"}}
{"logTime": "0903/152410", "correlationVector":"kbyUNZY0lf0aSYkIiVmKKE.2","action":"ProcessGetUpdates", "result":"Done", "context":{"dataType":"Autofill", "deleted":"0", "process_failed_to_decrypt":"0", "process_pending_decryption":"0", "process_success":"14", "total":"14"}}
{"logTime": "0903/152410", "correlationVector":"kbyUNZY0lf0aSYkIiVmKKE.3","action":"GetUpdates Response", "result":"Success", "context":Received 14 update(s). cV=kbyUNZY0lf0aSYkIiVmKKE.0;server=akswtt00300000w;cloudType=Consumer;environment=Prod_southeastasia_prod-s01-065-apac-southeastasia;migrationStage=NotStarted}
{"logTime": "0903/152412", "correlationVector":"kKSA8ZisbmfZ17Y8Ancb4P","action":"Normal GetUpdate request", "result":"", "context":cV=kKSA8ZisbmfZ17Y8Ancb4P
Nudged types: Sessions
Refresh requested types: Bookmarks, Preferences, Passwords, Autofill Profiles, Autofill, Extensions, Sessions, Extension settings, History Delete Directives, Device Info, User Consents, Send Tab To Self, Web Apps, History, Saved Tab Group, WebAuthn Credentials, Edge Hub App Usage, Edge Workspace, Encryption Keys}
{"logTime": "0903/152413", "correlationVector":"kKSA8ZisbmfZ17Y8Ancb4P.1","action":"SyncServerConnectionManagerRequest", "result":"SYNC_SERVER_OK", "context":{"environment":"Prod_southeastasia_prod-s01-065-apac-southeastasia", "migrationStage":"NotStarted", "server":"akswtt00300000k"}}
{"logTime": "0903/152413", "correlationVector":"kKSA8ZisbmfZ17Y8Ancb4P.2","action":"ProcessGetUpdates", "result":"Done", "context":{"dataType":"Sessions", "deleted":"0", "process_failed_to_decrypt":"0", "process_pending_decryption":"0", "process_success":"2", "total":"2"}}
{"logTime": "0903/152413", "correlationVector":"kKSA8ZisbmfZ17Y8Ancb4P.3","action":"ProcessGetUpdates", "result":"Done", "context":{"dataType":"Device Info", "deleted":"0", "process_failed_to_decrypt":"0", "process_pending_decryption":"0", "process_success":"1", "total":"1"}}
{"logTime": "0903/152413", "correlationVector":"kKSA8ZisbmfZ17Y8Ancb4P.4","action":"GetUpdates Response", "result":"Success", "context":Received 3 update(s). cV=kKSA8ZisbmfZ17Y8Ancb4P.0;server=akswtt00300000k;cloudType=Consumer;environment=Prod_southeastasia_prod-s01-065-apac-southeastasia;migrationStage=NotStarted}
{"logTime": "0903/152414", "correlationVector":"4voV2Xr80rgNADp1FBMHHG","action":"DoCompareDataConsistency requsted types: ", "result":"Bookmarks, Preferences, Passwords, Extensions, Extension settings, History Delete Directives, Send Tab To Self, Web Apps, History, Saved Tab Group, WebAuthn Credentials, Edge Workspace, Encryption Keys"}
{"logTime": "0903/152414", "correlationVector":"4voV2Xr80rgNADp1FBMHHG.0","action":"CompareDataConsistency result: ", "result":"Compare result: Encryption Keys is consistent. local entities count is: 1 local entities hash is: uwZcdIvcO6dtwSxHuP29ZVsIDJc="}
{"logTime": "0903/152414", "correlationVector":"4voV2Xr80rgNADp1FBMHHG.1","action":"CompareDataConsistency result: ", "result":"Compare result: Bookmarks is consistent. local entities count is: 4 local entities hash is: eMLi1iBqjs7glT/cOx3X4kmAqi0="}
{"logTime": "0903/152414", "correlationVector":"4voV2Xr80rgNADp1FBMHHG.2","action":"CompareDataConsistency result: ", "result":"Compare result: Preferences is consistent. local entities count is: 70 local entities hash is: /YW7n2Gi2ibAtsydmxKYa203xz0="}
{"logTime": "0903/152414", "correlationVector":"4voV2Xr80rgNADp1FBMHHG.3","action":"CompareDataConsistency result: ", "result":"Compare result: Extensions is consistent. local entities count is: 5 local entities hash is: fb29WUW4yEJda9qmzcO8JRRq7OE="}
{"logTime": "0903/152420", "correlationVector":"4voV2Xr80rgNADp1FBMHHG.4","action":"CompareDataConsistency result: ", "result":"Compare result: Extension settings is consistent. local entities count is: 0 local entities hash is: "}
{"logTime": "0903/152421", "correlationVector":"4voV2Xr80rgNADp1FBMHHG.5","action":"CompareDataConsistency result: ", "result":"Compare result: History Delete Directives is consistent. local entities count is: 0 local entities hash is: "}
{"logTime": "0903/152421", "correlationVector":"4voV2Xr80rgNADp1FBMHHG.6","action":"CompareDataConsistency result: ", "result":"Server did not send this Send Tab To Self local entities count is: 0 local entities hash is: "}
{"logTime": "0903/152421", "correlationVector":"4voV2Xr80rgNADp1FBMHHG.7","action":"CompareDataConsistency result: ", "result":"Compare result: Web Apps is consistent. local entities count is: 0 local entities hash is: "}
{"logTime": "0903/152421", "correlationVector":"4voV2Xr80rgNADp1FBMHHG.8","action":"CompareDataConsistency result: ", "result":"Server did not send this History local entities count is: 1 local entities hash is: eYSwoOE5yrrbWvx3VtRz+zTSOBk="}
{"logTime": "0903/152421", "correlationVector":"4voV2Xr80rgNADp1FBMHHG.9","action":"CompareDataConsistency result: ", "result":"Compare result: Saved Tab Group is consistent. local entities count is: 0 local entities hash is: "}
{"logTime": "0903/152421", "correlationVector":"4voV2Xr80rgNADp1FBMHHG.10","action":"CompareDataConsistency result: ", "result":"Server did not send this WebAuthn Credentials local entities count is: 0 local entities hash is: "}
{"logTime": "0903/152421", "correlationVector":"4voV2Xr80rgNADp1FBMHHG.11","action":"CompareDataConsistency result: ", "result":"Server did not send this Edge Workspace local entities count is: 0 local entities hash is: "}
{"logTime": "0903/152421", "correlationVector":"4voV2Xr80rgNADp1FBMHHG.12","action":"CompareDataConsistency result: ", "result":"Compare result: Passwords is consistent. local entities count is: 132 local entities hash is: 0Jd8sEKskUNzp61cGnJCroGsbwc="}
{"logTime": "0903/152428", "correlationVector":"dYVD1MjGPKVzf2rybl1W7k","action":"Commit Request", "result":"", "context":Item count: 4
Contributing types: Sessions, History}
{"logTime": "0903/152429", "correlationVector":"dYVD1MjGPKVzf2rybl1W7k.1","action":"SyncServerConnectionManagerRequest", "result":"SYNC_SERVER_OK", "context":{"environment":"Prod_southindia_prod-s01-004-apac-southindia", "migrationStage":"NotStarted", "server":"akswtt10700002v"}}
{"logTime": "0903/152429", "correlationVector":"dYVD1MjGPKVzf2rybl1W7k.2","action":"Commit Response", "result":"Success", "context":Result: Success. cV=dYVD1MjGPKVzf2rybl1W7k.0;server=akswtt10700002v;cloudType=Consumer;environment=Prod_southindia_prod-s01-004-apac-southindia;migrationStage=NotStarted}
{"logTime": "0903/152429", "correlationVector":"","action":"DIAGNOSTIC_REQUEST|v1/diagnosticData/Diagnostic.SendCheckResult()|SUCCESS", "result":""}
{"logTime": "0903/152442", "correlationVector":"AHT/UjfRAUnsnc1A3Oizom","action":"Normal GetUpdate request", "result":"", "context":cV=AHT/UjfRAUnsnc1A3Oizom
Nudged types: Sessions, History
Notified types: Device Info, History}
{"logTime": "0903/152442", "correlationVector":"AHT/UjfRAUnsnc1A3Oizom.1","action":"SyncServerConnectionManagerRequest", "result":"SYNC_SERVER_OK", "context":{"environment":"Prod_southindia_prod-s01-004-apac-southindia", "migrationStage":"NotStarted", "server":"akswtt107000001"}}
{"logTime": "0903/152442", "correlationVector":"AHT/UjfRAUnsnc1A3Oizom.2","action":"ProcessGetUpdates", "result":"Done", "context":{"dataType":"Sessions", "deleted":"0", "process_failed_to_decrypt":"0", "process_pending_decryption":"0", "process_success":"6", "total":"6"}}
{"logTime": "0903/152442", "correlationVector":"AHT/UjfRAUnsnc1A3Oizom.3","action":"ProcessGetUpdates", "result":"Done", "context":{"dataType":"Device Info", "deleted":"0", "process_failed_to_decrypt":"0", "process_pending_decryption":"0", "process_success":"1", "total":"1"}}
{"logTime": "0903/152442", "correlationVector":"AHT/UjfRAUnsnc1A3Oizom.4","action":"ProcessGetUpdates", "result":"Done", "context":{"dataType":"History", "deleted":"0", "process_failed_to_decrypt":"0", "process_pending_decryption":"0", "process_success":"3", "total":"3"}}
{"logTime": "0903/152442", "correlationVector":"AHT/UjfRAUnsnc1A3Oizom.5","action":"GetUpdates Response", "result":"Success", "context":Received 10 update(s). cV=AHT/UjfRAUnsnc1A3Oizom.0;server=akswtt107000001;cloudType=Consumer;environment=Prod_southindia_prod-s01-004-apac-southindia;migrationStage=NotStarted}
{"logTime": "0903/152508", "correlationVector":"28Aio6LhiTjiqEZ6JtAjeJ","action":"Commit Request", "result":"", "context":Item count: 5
Contributing types: Sessions, History}
{"logTime": "0903/152510", "correlationVector":"28Aio6LhiTjiqEZ6JtAjeJ.1","action":"SyncServerConnectionManagerRequest", "result":"SYNC_SERVER_OK", "context":{"environment":"Prod_southindia_prod-s01-004-apac-southindia", "migrationStage":"NotStarted", "server":"akswtt10700000h"}}
{"logTime": "0903/152510", "correlationVector":"28Aio6LhiTjiqEZ6JtAjeJ.2","action":"Commit Response", "result":"Success", "context":Result: Success. cV=28Aio6LhiTjiqEZ6JtAjeJ.0;server=akswtt10700000h;cloudType=Consumer;environment=Prod_southindia_prod-s01-004-apac-southindia;migrationStage=NotStarted}
{"logTime": "0903/152623", "correlationVector":"baoQOxDIycMbfCmp5yedME","action":"Normal GetUpdate request", "result":"", "context":cV=baoQOxDIycMbfCmp5yedME
Nudged types: Passwords, Sessions, History
Notified types: History}
{"logTime": "0903/152623", "correlationVector":"baoQOxDIycMbfCmp5yedME.1","action":"SyncServerConnectionManagerRequest", "result":"SYNC_SERVER_OK", "context":{"environment":"Prod_southindia_prod-s01-004-apac-southindia", "migrationStage":"NotStarted", "server":"akswtt10700003i"}}
{"logTime": "0903/152623", "correlationVector":"baoQOxDIycMbfCmp5yedME.2","action":"ProcessGetUpdates", "result":"Done", "context":{"dataType":"Passwords", "deleted":"0", "process_failed_to_decrypt":"0", "process_pending_decryption":"0", "process_success":"14", "total":"14"}}
{"logTime": "0903/152623", "correlationVector":"baoQOxDIycMbfCmp5yedME.3","action":"ProcessGetUpdates", "result":"Done", "context":{"dataType":"Sessions", "deleted":"0", "process_failed_to_decrypt":"0", "process_pending_decryption":"0", "process_success":"3", "total":"3"}}
{"logTime": "0903/152623", "correlationVector":"baoQOxDIycMbfCmp5yedME.4","action":"ProcessGetUpdates", "result":"Done", "context":{"dataType":"History", "deleted":"0", "process_failed_to_decrypt":"0", "process_pending_decryption":"0", "process_success":"2", "total":"2"}}
{"logTime": "0903/152623", "correlationVector":"baoQOxDIycMbfCmp5yedME.5","action":"GetUpdates Response", "result":"Success", "context":Received 19 update(s). cV=baoQOxDIycMbfCmp5yedME.0;server=akswtt10700003i;cloudType=Consumer;environment=Prod_southindia_prod-s01-004-apac-southindia;migrationStage=NotStarted}
{"logTime": "0903/152624", "correlationVector":"7B+dtCzbI2JRUjSFUp7r5T","action":"Commit Request", "result":"", "context":Item count: 40
Contributing types: Passwords}
{"logTime": "0903/152629", "correlationVector":"7B+dtCzbI2JRUjSFUp7r5T.1","action":"SyncServerConnectionManagerRequest", "result":"SYNC_SERVER_OK", "context":{"environment":"Prod_southindia_prod-s01-004-apac-southindia", "migrationStage":"NotStarted", "server":"akswtt10700001c"}}
{"logTime": "0903/152629", "correlationVector":"7B+dtCzbI2JRUjSFUp7r5T.2","action":"Commit Response", "result":"Success", "context":Result: Success. cV=7B+dtCzbI2JRUjSFUp7r5T.0;server=akswtt10700001c;cloudType=Consumer;environment=Prod_southindia_prod-s01-004-apac-southindia;migrationStage=NotStarted}
{"logTime": "0903/152629", "correlationVector":"7B+dtCzbI2JRUjSFUp7r5T.3","action":"Commit.Passwords", "result":"Conflict", "context":{"id":"ba7ae10d-ea3c-4dbd-ac21-f5f49c61988c", "isDeleted":"false", "size":"984", "version":"1788448845364"}}
{"logTime": "0903/152629", "correlationVector":"7B+dtCzbI2JRUjSFUp7r5T.4","action":"Commit.Passwords", "result":"Conflict", "context":{"id":"fe0b5150-ff72-4c81-b604-df6eff941209", "isDeleted":"false", "size":"715", "version":"1788448857369"}}
{"logTime": "0903/152629", "correlationVector":"7B+dtCzbI2JRUjSFUp7r5T.5","action":"Commit.Passwords", "result":"Conflict", "context":{"id":"80597f3d-f9c2-4ef7-88d1-a4b460eee1f7", "isDeleted":"false", "size":"649", "version":"1788448857376"}}
{"logTime": "0903/152629", "correlationVector":"7B+dtCzbI2JRUjSFUp7r5T.6","action":"Commit.Passwords", "result":"Conflict", "context":{"id":"0bc826f1-27bd-48c7-9bad-b6bfdab8b5fc", "isDeleted":"false", "size":"646", "version":"1788448857377"}}
{"logTime": "0903/152629", "correlationVector":"7B+dtCzbI2JRUjSFUp7r5T.7","action":"Commit.Passwords", "result":"Conflict", "context":{"id":"24d0c122-99bd-4002-b915-bd3096eb8eec", "isDeleted":"false", "size":"770", "version":"1788449186266"}}
{"logTime": "0903/152629", "correlationVector":"7B+dtCzbI2JRUjSFUp7r5T.8","action":"Commit.Passwords", "result":"Conflict", "context":{"id":"de823306-ba87-4da1-8740-628a31b90b17", "isDeleted":"false", "size":"946", "version":"1788448845378"}}
{"logTime": "0903/152629", "correlationVector":"7B+dtCzbI2JRUjSFUp7r5T.9","action":"Commit.Passwords", "result":"Conflict", "context":{"id":"39dfe4df-9d14-4107-bdf2-33ebd811e3b8", "isDeleted":"false", "size":"717", "version":"1788448845340"}}
{"logTime": "0903/152629", "correlationVector":"7B+dtCzbI2JRUjSFUp7r5T.10","action":"Commit.Passwords", "result":"Conflict", "context":{"id":"e4a49252-6e4c-4600-8219-42dbce30ed30", "isDeleted":"false", "size":"925", "version":"1788448857404"}}
{"logTime": "0903/152629", "correlationVector":"7B+dtCzbI2JRUjSFUp7r5T.11","action":"Commit.Passwords", "result":"Conflict", "context":{"id":"696fbd95-a5cb-481a-b522-5f321fa54cc3", "isDeleted":"false", "size":"620", "version":"1788449186269"}}
{"logTime": "0903/152629", "correlationVector":"7B+dtCzbI2JRUjSFUp7r5T.12","action":"Commit.Passwords", "result":"Conflict", "context":{"id":"7b839610-9962-4755-ade3-5258dd0c1709", "isDeleted":"false", "size":"754", "version":"1788448869951"}}
{"logTime": "0903/152629", "correlationVector":"7B+dtCzbI2JRUjSFUp7r5T.13","action":"Commit.Passwords", "result":"Conflict", "context":{"id":"8be96714-2e53-4d38-a2ff-414e12d1e760", "isDeleted":"false", "size":"899", "version":"1788448857370"}}
{"logTime": "0903/152629", "correlationVector":"7B+dtCzbI2JRUjSFUp7r5T.14","action":"Commit.Passwords", "result":"Conflict", "context":{"id":"ee36b677-26fe-44d7-a246-c565f3ed2d62", "isDeleted":"false", "size":"649", "version":"1788448857374"}}
{"logTime": "0903/152629", "correlationVector":"7B+dtCzbI2JRUjSFUp7r5T.15","action":"Commit.Passwords", "result":"Conflict", "context":{"id":"e881f0cd-079f-4dcb-a520-b210d762cbd8", "isDeleted":"false", "size":"686", "version":"1788448869939"}}
{"logTime": "0903/152629", "correlationVector":"7B+dtCzbI2JRUjSFUp7r5T.16","action":"Commit.Passwords", "result":"Conflict", "context":{"id":"655f6513-b561-44e6-9541-8de8bde6c60e", "isDeleted":"false", "size":"677", "version":"1788448845341"}}
{"logTime": "0903/152629", "correlationVector":"7B+dtCzbI2JRUjSFUp7r5T.17","action":"Commit.Passwords", "result":"Conflict", "context":{"id":"eaa3ceda-6fe8-4175-8e02-7b610e01c44a", "isDeleted":"false", "size":"717", "version":"1788448845360"}}
{"logTime": "0903/152629", "correlationVector":"7B+dtCzbI2JRUjSFUp7r5T.18","action":"Commit.Passwords", "result":"Conflict", "context":{"id":"1735a68a-d51d-4a58-847b-9caa9d03cacc", "isDeleted":"false", "size":"712", "version":"1788448845371"}}
{"logTime": "0903/152629", "correlationVector":"7B+dtCzbI2JRUjSFUp7r5T.19","action":"Commit.Passwords", "result":"Conflict", "context":{"id":"88970e50-2aec-4e9c-9be4-72b3bc55664f", "isDeleted":"false", "size":"929", "version":"1788448857392"}}
{"logTime": "0903/152629", "correlationVector":"7B+dtCzbI2JRUjSFUp7r5T.20","action":"Commit.Passwords", "result":"Conflict", "context":{"id":"7aa5b5ac-becc-411a-a7c6-3d9345a2c317", "isDeleted":"false", "size":"947", "version":"1788448857403"}}
{"logTime": "0903/152629", "correlationVector":"7B+dtCzbI2JRUjSFUp7r5T.21","action":"Commit.Passwords", "result":"Conflict", "context":{"id":"f9dda1ce-f750-4e4d-9295-23faf1b4f478", "isDeleted":"false", "size":"697", "version":"1788448845372"}}
{"logTime": "0903/152629", "correlationVector":"7B+dtCzbI2JRUjSFUp7r5T.22","action":"Commit.Passwords", "result":"Conflict", "context":{"id":"4e7ef1e3-6d46-4ca3-b1c5-05c80ffb1f56", "isDeleted":"false", "size":"975", "version":"1788448857398"}}
{"logTime": "0903/152629", "correlationVector":"7B+dtCzbI2JRUjSFUp7r5T.23","action":"Commit.Passwords", "result":"Conflict", "context":{"id":"d55952fa-7652-4944-9875-f512595c01ec", "isDeleted":"false", "size":"686", "version":"1788448845343"}}
{"logTime": "0903/152629", "correlationVector":"7B+dtCzbI2JRUjSFUp7r5T.24","action":"Commit.Passwords", "result":"Conflict", "context":{"id":"3c6384d9-cd51-466f-8c78-9198cc0915dd", "isDeleted":"false", "size":"667", "version":"1788448845342"}}
{"logTime": "0903/152629", "correlationVector":"7B+dtCzbI2JRUjSFUp7r5T.25","action":"Commit.Passwords", "result":"Conflict", "context":{"id":"ddfddb6b-636b-497e-8516-4ec1ed9e261e", "isDeleted":"false", "size":"977", "version":"1788448845356"}}
{"logTime": "0903/152629", "correlationVector":"7B+dtCzbI2JRUjSFUp7r5T.26","action":"Commit.Passwords", "result":"Conflict", "context":{"id":"fe5daccd-8182-4297-b1f6-2d0e98e173d1", "isDeleted":"false", "size":"974", "version":"1788448857387"}}
{"logTime": "0903/152629", "correlationVector":"7B+dtCzbI2JRUjSFUp7r5T.27","action":"Commit.Passwords", "result":"Conflict", "context":{"id":"0a4af75d-368c-4613-be4e-31b03b8424a1", "isDeleted":"false", "size":"951", "version":"1788448845377"}}
{"logTime": "0903/152629", "correlationVector":"7B+dtCzbI2JRUjSFUp7r5T.28","action":"Commit.Passwords", "result":"Conflict", "context":{"id":"4493f585-5981-4c95-bd41-d2253660f026", "isDeleted":"false", "size":"919", "version":"1788448869942"}}
{"logTime": "0903/152629", "correlationVector":"7B+dtCzbI2JRUjSFUp7r5T.29","action":"Commit.Passwords", "result":"Conflict", "context":{"id":"fb4d847f-29e3-4b6b-9129-42c62c1392ab", "isDeleted":"false", "size":"713", "version":"1788448845357"}}
{"logTime": "0903/152629", "correlationVector":"7B+dtCzbI2JRUjSFUp7r5T.30","action":"Commit.Passwords", "result":"Conflict", "context":{"id":"922de201-60a6-4654-aded-57e4411d65c5", "isDeleted":"false", "size":"1461", "version":"1788448869947"}}
{"logTime": "0903/152629", "correlationVector":"7B+dtCzbI2JRUjSFUp7r5T.31","action":"Commit.Passwords", "result":"Conflict", "context":{"id":"badf80ee-6919-43a6-9e78-2e4bd1e7e922", "isDeleted":"false", "size":"669", "version":"1788448845375"}}
{"logTime": "0903/152629", "correlationVector":"7B+dtCzbI2JRUjSFUp7r5T.32","action":"Commit.Passwords", "result":"Conflict", "context":{"id":"8d5b4167-6647-4775-9704-10206dd10d7f", "isDeleted":"false", "size":"710", "version":"1788448857394"}}
{"logTime": "0903/152629", "correlationVector":"7B+dtCzbI2JRUjSFUp7r5T.33","action":"Commit.Passwords", "result":"Conflict", "context":{"id":"c20fe7c6-c80f-47cd-9edd-435d33395b85", "isDeleted":"false", "size":"755", "version":"1788448857367"}}
{"logTime": "0903/152629", "correlationVector":"7B+dtCzbI2JRUjSFUp7r5T.34","action":"Commit.Passwords", "result":"Conflict", "context":{"id":"1d6fd60a-f2a6-4e5f-9782-5c61f108c146", "isDeleted":"false", "size":"977", "version":"1788448857368"}}
{"logTime": "0903/152629", "correlationVector":"7B+dtCzbI2JRUjSFUp7r5T.35","action":"Commit.Passwords", "result":"Conflict", "context":{"id":"ffecf686-8f24-4820-b420-f1c5ea181beb", "isDeleted":"false", "size":"741", "version":"1788448869949"}}
{"logTime": "0903/152629", "correlationVector":"7B+dtCzbI2JRUjSFUp7r5T.36","action":"Commit.Passwords", "result":"Conflict", "context":{"id":"d45595be-1285-4fe6-ad8a-1d4ee63beeb2", "isDeleted":"false", "size":"920", "version":"1788448857372"}}
{"logTime": "0903/152629", "correlationVector":"7B+dtCzbI2JRUjSFUp7r5T.37","action":"Commit.Passwords", "result":"Conflict", "context":{"id":"73813aac-b704-482f-a5d3-b9abd9364ed7", "isDeleted":"false", "size":"951", "version":"1788449186278"}}
{"logTime": "0903/152629", "correlationVector":"7B+dtCzbI2JRUjSFUp7r5T.38","action":"Commit.Passwords", "result":"Conflict", "context":{"id":"7bfa3b6f-54bf-4459-b7a2-c5cc13e50848", "isDeleted":"false", "size":"977", "version":"1788448869955"}}
{"logTime": "0903/152629", "correlationVector":"7B+dtCzbI2JRUjSFUp7r5T.39","action":"Commit.Passwords", "result":"Conflict", "context":{"id":"c8ad6508-97da-4132-ab2b-f9d208aea9a2", "isDeleted":"false", "size":"980", "version":"1788448857381"}}
{"logTime": "0903/152629", "correlationVector":"7B+dtCzbI2JRUjSFUp7r5T.40","action":"Commit.Passwords", "result":"Conflict", "context":{"id":"5d3d35a4-3732-4fcf-8b2c-7f26f1b7f756", "isDeleted":"false", "size":"961", "version":"1788448857389"}}
{"logTime": "0903/152629", "correlationVector":"7B+dtCzbI2JRUjSFUp7r5T.41","action":"Commit.Passwords", "result":"Conflict", "context":{"id":"65dc0ee0-3fc3-40e1-8a46-1ff2763bef8c", "isDeleted":"false", "size":"925", "version":"1788448845352"}}
{"logTime": "0903/152629", "correlationVector":"7B+dtCzbI2JRUjSFUp7r5T.42","action":"Commit.Passwords", "result":"Conflict", "context":{"id":"9898a277-c9d4-4f48-a066-decabfca889f", "isDeleted":"false", "size":"954", "version":"1788448869956"}}
{"logTime": "0903/152630", "correlationVector":"lG34rZ11ejq2OaLska+SQF","action":"Normal GetUpdate request", "result":"", "context":cV=lG34rZ11ejq2OaLska+SQF
Nudged types: Passwords, Sessions, History
Notified types: Passwords}
{"logTime": "0903/152631", "correlationVector":"lG34rZ11ejq2OaLska+SQF.1","action":"SyncServerConnectionManagerRequest", "result":"SYNC_SERVER_OK", "context":{"environment":"Prod_southindia_prod-s01-004-apac-southindia", "migrationStage":"NotStarted", "server":"akswtt107000025"}}
{"logTime": "0903/152631", "correlationVector":"lG34rZ11ejq2OaLska+SQF.2","action":"ProcessGetUpdates", "result":"Done", "context":{"dataType":"Passwords", "deleted":"0", "process_failed_to_decrypt":"0", "process_pending_decryption":"0", "process_success":"32", "total":"32"}}
{"logTime": "0903/152631", "correlationVector":"lG34rZ11ejq2OaLska+SQF.3","action":"GetUpdates Response", "result":"Success", "context":Received 32 update(s). cV=lG34rZ11ejq2OaLska+SQF.0;server=akswtt107000025;cloudType=Consumer;environment=Prod_southindia_prod-s01-004-apac-southindia;migrationStage=NotStarted}
{"logTime": "0903/152632", "correlationVector":"/ZSCOvM5OOR68g3SWlRpDJ","action":"Commit Request", "result":"", "context":Item count: 40
Contributing types: Passwords}
{"logTime": "0903/152634", "correlationVector":"/ZSCOvM5OOR68g3SWlRpDJ.1","action":"SyncServerConnectionManagerRequest", "result":"SYNC_SERVER_OK", "context":{"environment":"Prod_southindia_prod-s01-004-apac-southindia", "migrationStage":"NotStarted", "server":"akswtt10700000o"}}
{"logTime": "0903/152634", "correlationVector":"/ZSCOvM5OOR68g3SWlRpDJ.3","action":"Commit.Passwords", "result":"Conflict", "context":{"id":"ba7ae10d-ea3c-4dbd-ac21-f5f49c61988c", "isDeleted":"false", "size":"984", "version":"1788449191942"}}
{"logTime": "0903/152634", "correlationVector":"/ZSCOvM5OOR68g3SWlRpDJ.2","action":"Commit Response", "result":"Success", "context":Result: Success. cV=/ZSCOvM5OOR68g3SWlRpDJ.0;server=akswtt10700000o;cloudType=Consumer;environment=Prod_southindia_prod-s01-004-apac-southindia;migrationStage=NotStarted}
{"logTime": "0903/152634", "correlationVector":"/ZSCOvM5OOR68g3SWlRpDJ.4","action":"Commit.Passwords", "result":"Conflict", "context":{"id":"fe0b5150-ff72-4c81-b604-df6eff941209", "isDeleted":"false", "size":"715", "version":"1788449191943"}}
{"logTime": "0903/152634", "correlationVector":"/ZSCOvM5OOR68g3SWlRpDJ.5","action":"Commit.Passwords", "result":"Conflict", "context":{"id":"80597f3d-f9c2-4ef7-88d1-a4b460eee1f7", "isDeleted":"false", "size":"649", "version":"1788449191944"}}
{"logTime": "0903/152634", "correlationVector":"/ZSCOvM5OOR68g3SWlRpDJ.6","action":"Commit.Passwords", "result":"Conflict", "context":{"id":"0bc826f1-27bd-48c7-9bad-b6bfdab8b5fc", "isDeleted":"false", "size":"646", "version":"1788449191945"}}
{"logTime": "0903/152634", "correlationVector":"/ZSCOvM5OOR68g3SWlRpDJ.7","action":"Commit.Passwords", "result":"Conflict", "context":{"id":"24d0c122-99bd-4002-b915-bd3096eb8eec", "isDeleted":"false", "size":"770", "version":"1788449191946"}}
{"logTime": "0903/152634", "correlationVector":"/ZSCOvM5OOR68g3SWlRpDJ.8","action":"Commit.Passwords", "result":"Conflict", "context":{"id":"de823306-ba87-4da1-8740-628a31b90b17", "isDeleted":"false", "size":"946", "version":"1788449191947"}}
{"logTime": "0903/152634", "correlationVector":"/ZSCOvM5OOR68g3SWlRpDJ.9","action":"Commit.Passwords", "result":"Conflict", "context":{"id":"39dfe4df-9d14-4107-bdf2-33ebd811e3b8", "isDeleted":"false", "size":"717", "version":"1788449191948"}}
{"logTime": "0903/152634", "correlationVector":"/ZSCOvM5OOR68g3SWlRpDJ.10","action":"Commit.Passwords", "result":"Conflict", "context":{"id":"e4a49252-6e4c-4600-8219-42dbce30ed30", "isDeleted":"false", "size":"925", "version":"1788449191949"}}
{"logTime": "0903/152634", "correlationVector":"/ZSCOvM5OOR68g3SWlRpDJ.11","action":"Commit.Passwords", "result":"Conflict", "context":{"id":"696fbd95-a5cb-481a-b522-5f321fa54cc3", "isDeleted":"false", "size":"620", "version":"1788449191950"}}
{"logTime": "0903/152634", "correlationVector":"/ZSCOvM5OOR68g3SWlRpDJ.12","action":"Commit.Passwords", "result":"Conflict", "context":{"id":"7b839610-9962-4755-ade3-5258dd0c1709", "isDeleted":"false", "size":"754", "version":"1788449191951"}}
{"logTime": "0903/152634", "correlationVector":"/ZSCOvM5OOR68g3SWlRpDJ.13","action":"Commit.Passwords", "result":"Conflict", "context":{"id":"8be96714-2e53-4d38-a2ff-414e12d1e760", "isDeleted":"false", "size":"899", "version":"1788449186295"}}
{"logTime": "0903/152634", "correlationVector":"/ZSCOvM5OOR68g3SWlRpDJ.14","action":"Commit.Passwords", "result":"Conflict", "context":{"id":"ee36b677-26fe-44d7-a246-c565f3ed2d62", "isDeleted":"false", "size":"649", "version":"1788448857374"}}
{"logTime": "0903/152634", "correlationVector":"/ZSCOvM5OOR68g3SWlRpDJ.15","action":"Commit.Passwords", "result":"Conflict", "context":{"id":"e881f0cd-079f-4dcb-a520-b210d762cbd8", "isDeleted":"false", "size":"686", "version":"1788448869939"}}
{"logTime": "0903/152634", "correlationVector":"/ZSCOvM5OOR68g3SWlRpDJ.16","action":"Commit.Passwords", "result":"Conflict", "context":{"id":"655f6513-b561-44e6-9541-8de8bde6c60e", "isDeleted":"false", "size":"677", "version":"1788449186301"}}
{"logTime": "0903/152634", "correlationVector":"/ZSCOvM5OOR68g3SWlRpDJ.17","action":"Commit.Passwords", "result":"Conflict", "context":{"id":"eaa3ceda-6fe8-4175-8e02-7b610e01c44a", "isDeleted":"false", "size":"717", "version":"1788448845360"}}
{"logTime": "0903/152634", "correlationVector":"/ZSCOvM5OOR68g3SWlRpDJ.18","action":"Commit.Passwords", "result":"Conflict", "context":{"id":"1735a68a-d51d-4a58-847b-9caa9d03cacc", "isDeleted":"false", "size":"712", "version":"1788449191946"}}
{"logTime": "0903/152634", "correlationVector":"/ZSCOvM5OOR68g3SWlRpDJ.19","action":"Commit.Passwords", "result":"Conflict", "context":{"id":"88970e50-2aec-4e9c-9be4-72b3bc55664f", "isDeleted":"false", "size":"929", "version":"1788448857392"}}
{"logTime": "0903/152634", "correlationVector":"/ZSCOvM5OOR68g3SWlRpDJ.20","action":"Commit.Passwords", "result":"Conflict", "context":{"id":"7aa5b5ac-becc-411a-a7c6-3d9345a2c317", "isDeleted":"false", "size":"947", "version":"1788448857403"}}
{"logTime": "0903/152634", "correlationVector":"/ZSCOvM5OOR68g3SWlRpDJ.21","action":"Commit.Passwords", "result":"Conflict", "context":{"id":"f9dda1ce-f750-4e4d-9295-23faf1b4f478", "isDeleted":"false", "size":"697", "version":"1788448845372"}}
{"logTime": "0903/152634", "correlationVector":"/ZSCOvM5OOR68g3SWlRpDJ.22","action":"Commit.Passwords", "result":"Conflict", "context":{"id":"4e7ef1e3-6d46-4ca3-b1c5-05c80ffb1f56", "isDeleted":"false", "size":"975", "version":"1788449186297"}}
{"logTime": "0903/152634", "correlationVector":"/ZSCOvM5OOR68g3SWlRpDJ.23","action":"Commit.Passwords", "result":"Conflict", "context":{"id":"d55952fa-7652-4944-9875-f512595c01ec", "isDeleted":"false", "size":"686", "version":"1788449191947"}}
{"logTime": "0903/152634", "correlationVector":"/ZSCOvM5OOR68g3SWlRpDJ.24","action":"Commit.Passwords", "result":"Conflict", "context":{"id":"3c6384d9-cd51-466f-8c78-9198cc0915dd", "isDeleted":"false", "size":"667", "version":"1788449191948"}}
{"logTime": "0903/152634", "correlationVector":"/ZSCOvM5OOR68g3SWlRpDJ.25","action":"Commit.Passwords", "result":"Conflict", "context":{"id":"ddfddb6b-636b-497e-8516-4ec1ed9e261e", "isDeleted":"false", "size":"977", "version":"1788448845356"}}
{"logTime": "0903/152634", "correlationVector":"/ZSCOvM5OOR68g3SWlRpDJ.26","action":"Commit.Passwords", "result":"Conflict", "context":{"id":"fe5daccd-8182-4297-b1f6-2d0e98e173d1", "isDeleted":"false", "size":"974", "version":"1788448857387"}}
{"logTime": "0903/152634", "correlationVector":"/ZSCOvM5OOR68g3SWlRpDJ.27","action":"Commit.Passwords", "result":"Conflict", "context":{"id":"0a4af75d-368c-4613-be4e-31b03b8424a1", "isDeleted":"false", "size":"951", "version":"1788448845377"}}
{"logTime": "0903/152634", "correlationVector":"/ZSCOvM5OOR68g3SWlRpDJ.28","action":"Commit.Passwords", "result":"Conflict", "context":{"id":"4493f585-5981-4c95-bd41-d2253660f026", "isDeleted":"false", "size":"919", "version":"1788448869942"}}
{"logTime": "0903/152634", "correlationVector":"/ZSCOvM5OOR68g3SWlRpDJ.29","action":"Commit.Passwords", "result":"Conflict", "context":{"id":"fb4d847f-29e3-4b6b-9129-42c62c1392ab", "isDeleted":"false", "size":"713", "version":"1788448845357"}}
{"logTime": "0903/152634", "correlationVector":"/ZSCOvM5OOR68g3SWlRpDJ.30","action":"Commit.Passwords", "result":"Conflict", "context":{"id":"922de201-60a6-4654-aded-57e4411d65c5", "isDeleted":"false", "size":"1461", "version":"1788448869947"}}
{"logTime": "0903/152634", "correlationVector":"/ZSCOvM5OOR68g3SWlRpDJ.31","action":"Commit.Passwords", "result":"Conflict", "context":{"id":"badf80ee-6919-43a6-9e78-2e4bd1e7e922", "isDeleted":"false", "size":"669", "version":"1788448845375"}}
{"logTime": "0903/152634", "correlationVector":"/ZSCOvM5OOR68g3SWlRpDJ.32","action":"Commit.Passwords", "result":"Conflict", "context":{"id":"8d5b4167-6647-4775-9704-10206dd10d7f", "isDeleted":"false", "size":"710", "version":"1788448857394"}}
{"logTime": "0903/152634", "correlationVector":"/ZSCOvM5OOR68g3SWlRpDJ.33","action":"Commit.Passwords", "result":"Conflict", "context":{"id":"c20fe7c6-c80f-47cd-9edd-435d33395b85", "isDeleted":"false", "size":"755", "version":"1788448857367"}}
{"logTime": "0903/152634", "correlationVector":"/ZSCOvM5OOR68g3SWlRpDJ.34","action":"Commit.Passwords", "result":"Conflict", "context":{"id":"1d6fd60a-f2a6-4e5f-9782-5c61f108c146", "isDeleted":"false", "size":"977", "version":"1788449191949"}}
{"logTime": "0903/152634", "correlationVector":"/ZSCOvM5OOR68g3SWlRpDJ.35","action":"Commit.Passwords", "result":"Conflict", "context":{"id":"ffecf686-8f24-4820-b420-f1c5ea181beb", "isDeleted":"false", "size":"741", "version":"1788448869949"}}
{"logTime": "0903/152634", "correlationVector":"/ZSCOvM5OOR68g3SWlRpDJ.36","action":"Commit.Passwords", "result":"Conflict", "context":{"id":"d45595be-1285-4fe6-ad8a-1d4ee63beeb2", "isDeleted":"false", "size":"920", "version":"1788448857372"}}
{"logTime": "0903/152634", "correlationVector":"/ZSCOvM5OOR68g3SWlRpDJ.37","action":"Commit.Passwords", "result":"Conflict", "context":{"id":"73813aac-b704-482f-a5d3-b9abd9364ed7", "isDeleted":"false", "size":"951", "version":"1788449186278"}}
{"logTime": "0903/152634", "correlationVector":"/ZSCOvM5OOR68g3SWlRpDJ.38","action":"Commit.Passwords", "result":"Conflict", "context":{"id":"7bfa3b6f-54bf-4459-b7a2-c5cc13e50848", "isDeleted":"false", "size":"977", "version":"1788448869955"}}
{"logTime": "0903/152634", "correlationVector":"/ZSCOvM5OOR68g3SWlRpDJ.39","action":"Commit.Passwords", "result":"Conflict", "context":{"id":"c8ad6508-97da-4132-ab2b-f9d208aea9a2", "isDeleted":"false", "size":"980", "version":"1788448857381"}}
{"logTime": "0903/152634", "correlationVector":"/ZSCOvM5OOR68g3SWlRpDJ.40","action":"Commit.Passwords", "result":"Conflict", "context":{"id":"5d3d35a4-3732-4fcf-8b2c-7f26f1b7f756", "isDeleted":"false", "size":"961", "version":"1788448857389"}}
{"logTime": "0903/152634", "correlationVector":"/ZSCOvM5OOR68g3SWlRpDJ.41","action":"Commit.Passwords", "result":"Conflict", "context":{"id":"65dc0ee0-3fc3-40e1-8a46-1ff2763bef8c", "isDeleted":"false", "size":"925", "version":"1788448845352"}}
{"logTime": "0903/152634", "correlationVector":"/ZSCOvM5OOR68g3SWlRpDJ.42","action":"Commit.Passwords", "result":"Conflict", "context":{"id":"9898a277-c9d4-4f48-a066-decabfca889f", "isDeleted":"false", "size":"954", "version":"1788448869956"}}
{"logTime": "0903/152636", "correlationVector":"WAlsjit3xAoOS6qJ07uJfe","action":"Commit Request", "result":"", "context":Item count: 3
Contributing types: Sessions, History}
{"logTime": "0903/152637", "correlationVector":"WAlsjit3xAoOS6qJ07uJfe.1","action":"SyncServerConnectionManagerRequest", "result":"SYNC_SERVER_OK", "context":{"environment":"Prod_southindia_prod-s01-004-apac-southindia", "migrationStage":"NotStarted", "server":"akswtt107000010"}}
{"logTime": "0903/152637", "correlationVector":"WAlsjit3xAoOS6qJ07uJfe.2","action":"Commit Response", "result":"Success", "context":Result: Success. cV=WAlsjit3xAoOS6qJ07uJfe.0;server=akswtt107000010;cloudType=Consumer;environment=Prod_southindia_prod-s01-004-apac-southindia;migrationStage=NotStarted}
{"logTime": "0903/152640", "correlationVector":"Lh98KYZJNOsoJW5XXekApA","action":"Normal GetUpdate request", "result":"", "context":cV=Lh98KYZJNOsoJW5XXekApA
Nudged types: Passwords
Notified types: Passwords, History}
{"logTime": "0903/152641", "correlationVector":"Lh98KYZJNOsoJW5XXekApA.1","action":"SyncServerConnectionManagerRequest", "result":"SYNC_SERVER_OK", "context":{"environment":"Prod_southindia_prod-s01-004-apac-southindia", "migrationStage":"NotStarted", "server":"akswtt107000010"}}
{"logTime": "0903/152641", "correlationVector":"Lh98KYZJNOsoJW5XXekApA.2","action":"ProcessGetUpdates", "result":"Done", "context":{"dataType":"Sessions", "deleted":"0", "process_failed_to_decrypt":"0", "process_pending_decryption":"0", "process_success":"4", "total":"4"}}
{"logTime": "0903/152641", "correlationVector":"Lh98KYZJNOsoJW5XXekApA.3","action":"ProcessGetUpdates", "result":"Done", "context":{"dataType":"History", "deleted":"0", "process_failed_to_decrypt":"0", "process_pending_decryption":"0", "process_success":"2", "total":"2"}}
{"logTime": "0903/152641", "correlationVector":"Lh98KYZJNOsoJW5XXekApA.4","action":"GetUpdates Response", "result":"Success", "context":Received 6 update(s). cV=Lh98KYZJNOsoJW5XXekApA.0;server=akswtt107000010;cloudType=Consumer;environment=Prod_southindia_prod-s01-004-apac-southindia;migrationStage=NotStarted}
{"logTime": "0903/152719", "correlationVector":"JmnQx9x5sCaIh6xauqpAkv","action":"Normal GetUpdate request", "result":"", "context":cV=JmnQx9x5sCaIh6xauqpAkv
Nudged types: Passwords, Sessions, History
Notified types: Passwords}
{"logTime": "0903/152720", "correlationVector":"JmnQx9x5sCaIh6xauqpAkv.1","action":"SyncServerConnectionManagerRequest", "result":"SYNC_SERVER_OK", "context":{"environment":"Prod_southindia_prod-s01-004-apac-southindia", "migrationStage":"NotStarted", "server":"akswtt107000026"}}
{"logTime": "0903/152720", "correlationVector":"JmnQx9x5sCaIh6xauqpAkv.2","action":"ProcessGetUpdates", "result":"Done", "context":{"dataType":"Passwords", "deleted":"0", "process_failed_to_decrypt":"0", "process_pending_decryption":"0", "process_success":"23", "total":"23"}}
{"logTime": "0903/152720", "correlationVector":"JmnQx9x5sCaIh6xauqpAkv.3","action":"GetUpdates Response", "result":"Success", "context":Received 23 update(s). cV=JmnQx9x5sCaIh6xauqpAkv.0;server=akswtt107000026;cloudType=Consumer;environment=Prod_southindia_prod-s01-004-apac-southindia;migrationStage=NotStarted}
{"logTime": "0903/152720", "correlationVector":"qeq+2gMKL5pAYKy9PjYS3+","action":"Commit Request", "result":"", "context":Item count: 40
Contributing types: Passwords}
{"logTime": "0903/152731", "correlationVector":"qeq+2gMKL5pAYKy9PjYS3+.1","action":"SyncServerConnectionManagerRequest", "result":"SYNC_SERVER_OK", "context":{"environment":"Prod_southindia_prod-s01-004-apac-southindia", "migrationStage":"NotStarted", "server":"akswtt10700000o"}}
{"logTime": "0903/152731", "correlationVector":"qeq+2gMKL5pAYKy9PjYS3+.2","action":"Commit Response", "result":"Success", "context":Result: Success. cV=qeq+2gMKL5pAYKy9PjYS3+.0;server=akswtt10700000o;cloudType=Consumer;environment=Prod_southindia_prod-s01-004-apac-southindia;migrationStage=NotStarted}
{"logTime": "0903/152731", "correlationVector":"DSajP1HKA15JiD+Vk9gjub","action":"Commit Request", "result":"", "context":Item count: 40
Contributing types: Passwords}
{"logTime": "0903/152741", "correlationVector":"DSajP1HKA15JiD+Vk9gjub.1","action":"SyncServerConnectionManagerRequest", "result":"SYNC_SERVER_OK", "context":{"environment":"Prod_southindia_prod-s01-004-apac-southindia", "migrationStage":"NotStarted", "server":"akswtt107000032"}}
{"logTime": "0903/152741", "correlationVector":"DSajP1HKA15JiD+Vk9gjub.2","action":"Commit Response", "result":"Success", "context":Result: Success. cV=DSajP1HKA15JiD+Vk9gjub.0;server=akswtt107000032;cloudType=Consumer;environment=Prod_southindia_prod-s01-004-apac-southindia;migrationStage=NotStarted}
{"logTime": "0903/152741", "correlationVector":"DSajP1HKA15JiD+Vk9gjub.3","action":"Commit.Passwords", "result":"Conflict", "context":{"id":"542cd2dd-f6c1-41d0-b3a0-ef75e5d01276", "isDeleted":"false", "size":"649", "version":"1788449198718"}}
{"logTime": "0903/152741", "correlationVector":"DSajP1HKA15JiD+Vk9gjub.4","action":"Commit.Passwords", "result":"Conflict", "context":{"id":"94afc45c-826e-4cd1-b1b2-0cf960186c8d", "isDeleted":"false", "size":"714", "version":"1788449198719"}}
{"logTime": "0903/152741", "correlationVector":"DSajP1HKA15JiD+Vk9gjub.5","action":"Commit.Passwords", "result":"Conflict", "context":{"id":"039bde9a-e006-4c8d-a5d0-9ff541b3ed50", "isDeleted":"false", "size":"976", "version":"1788449198716"}}
{"logTime": "0903/152742", "correlationVector":"URP5nFWJNMp2L9d8hux4rn","action":"Normal GetUpdate request", "result":"", "context":cV=URP5nFWJNMp2L9d8hux4rn
Nudged types: Passwords, Sessions, History
Notified types: Passwords, History}
{"logTime": "0903/152743", "correlationVector":"URP5nFWJNMp2L9d8hux4rn.1","action":"SyncServerConnectionManagerRequest", "result":"SYNC_SERVER_OK", "context":{"environment":"Prod_southindia_prod-s01-004-apac-southindia", "migrationStage":"NotStarted", "server":"akswtt107000013"}}
{"logTime": "0903/152743", "correlationVector":"URP5nFWJNMp2L9d8hux4rn.2","action":"ProcessGetUpdates", "result":"Done", "context":{"dataType":"Sessions", "deleted":"0", "process_failed_to_decrypt":"0", "process_pending_decryption":"0", "process_success":"1", "total":"1"}}
{"logTime": "0903/152743", "correlationVector":"URP5nFWJNMp2L9d8hux4rn.3","action":"ProcessGetUpdates", "result":"Done", "context":{"dataType":"History", "deleted":"0", "process_failed_to_decrypt":"0", "process_pending_decryption":"0", "process_success":"2", "total":"2"}}
{"logTime": "0903/152743", "correlationVector":"URP5nFWJNMp2L9d8hux4rn.4","action":"GetUpdates Response", "result":"Success", "context":Received 3 update(s). cV=URP5nFWJNMp2L9d8hux4rn.0;server=akswtt107000013;cloudType=Consumer;environment=Prod_southindia_prod-s01-004-apac-southindia;migrationStage=NotStarted}
{"logTime": "0903/152745", "correlationVector":"8OEuIlMZoTgZR260PLD8RI","action":"Commit Request", "result":"", "context":Item count: 4
Contributing types: Sessions, History}
{"logTime": "0903/152746", "correlationVector":"8OEuIlMZoTgZR260PLD8RI.1","action":"SyncServerConnectionManagerRequest", "result":"SYNC_SERVER_OK", "context":{"environment":"Prod_southindia_prod-s01-004-apac-southindia", "migrationStage":"NotStarted", "server":"akswtt107000026"}}
{"logTime": "0903/152746", "correlationVector":"8OEuIlMZoTgZR260PLD8RI.2","action":"Commit Response", "result":"Success", "context":Result: Success. cV=8OEuIlMZoTgZR260PLD8RI.0;server=akswtt107000026;cloudType=Consumer;environment=Prod_southindia_prod-s01-004-apac-southindia;migrationStage=NotStarted}
{"logTime": "0903/152746", "correlationVector":"KGjlZSW09yIBkI1idzshyn","action":"Normal GetUpdate request", "result":"", "context":cV=KGjlZSW09yIBkI1idzshyn
Nudged types: Passwords, Sessions, History
Notified types: Passwords, History}
{"logTime": "0903/152748", "correlationVector":"KGjlZSW09yIBkI1idzshyn.1","action":"SyncServerConnectionManagerRequest", "result":"SYNC_SERVER_OK", "context":{"environment":"Prod_southindia_prod-s01-004-apac-southindia", "migrationStage":"NotStarted", "server":"akswtt107000013"}}
{"logTime": "0903/152748", "correlationVector":"KGjlZSW09yIBkI1idzshyn.2","action":"ProcessGetUpdates", "result":"Done", "context":{"dataType":"Sessions", "deleted":"0", "process_failed_to_decrypt":"0", "process_pending_decryption":"0", "process_success":"2", "total":"2"}}
{"logTime": "0903/152748", "correlationVector":"KGjlZSW09yIBkI1idzshyn.3","action":"ProcessGetUpdates", "result":"Done", "context":{"dataType":"History", "deleted":"0", "process_failed_to_decrypt":"0", "process_pending_decryption":"0", "process_success":"5", "total":"5"}}
{"logTime": "0903/152748", "correlationVector":"KGjlZSW09yIBkI1idzshyn.4","action":"GetUpdates Response", "result":"Success", "context":Received 7 update(s). cV=KGjlZSW09yIBkI1idzshyn.0;server=akswtt107000013;cloudType=Consumer;environment=Prod_southindia_prod-s01-004-apac-southindia;migrationStage=NotStarted}
{"logTime": "0903/152847", "correlationVector":"HGMIjPUkafs+nTED7DEHuD","action":"Commit Request", "result":"", "context":Item count: 2
Contributing types: Sessions, History}
{"logTime": "0903/152848", "correlationVector":"HGMIjPUkafs+nTED7DEHuD.1","action":"SyncServerConnectionManagerRequest", "result":"SYNC_SERVER_OK", "context":{"environment":"Prod_southindia_prod-s01-004-apac-southindia", "migrationStage":"NotStarted", "server":"akswtt10700002d"}}
{"logTime": "0903/152848", "correlationVector":"HGMIjPUkafs+nTED7DEHuD.2","action":"Commit Response", "result":"Success", "context":Result: Success. cV=HGMIjPUkafs+nTED7DEHuD.0;server=akswtt10700002d;cloudType=Consumer;environment=Prod_southindia_prod-s01-004-apac-southindia;migrationStage=NotStarted}
{"logTime": "0903/152851", "correlationVector":"dt4WXmtL2Dt7gtP4pxOXpV","action":"Normal GetUpdate request", "result":"", "context":cV=dt4WXmtL2Dt7gtP4pxOXpV
Nudged types: Passwords, Sessions, History
Notified types: Passwords, History}
{"logTime": "0903/152851", "correlationVector":"dt4WXmtL2Dt7gtP4pxOXpV.1","action":"SyncServerConnectionManagerRequest", "result":"SYNC_SERVER_OK", "context":{"environment":"Prod_southindia_prod-s01-004-apac-southindia", "migrationStage":"NotStarted", "server":"akswtt10700000l"}}
{"logTime": "0903/152851", "correlationVector":"dt4WXmtL2Dt7gtP4pxOXpV.2","action":"ProcessGetUpdates", "result":"Done", "context":{"dataType":"Sessions", "deleted":"1", "process_failed_to_decrypt":"0", "process_pending_decryption":"0", "process_success":"4", "total":"4"}}
{"logTime": "0903/152851", "correlationVector":"dt4WXmtL2Dt7gtP4pxOXpV.3","action":"ProcessGetUpdates", "result":"Done", "context":{"dataType":"History", "deleted":"0", "process_failed_to_decrypt":"0", "process_pending_decryption":"0", "process_success":"2", "total":"2"}}
{"logTime": "0903/152851", "correlationVector":"dt4WXmtL2Dt7gtP4pxOXpV.4","action":"GetUpdates Response", "result":"Success", "context":Received 6 update(s). cV=dt4WXmtL2Dt7gtP4pxOXpV.0;server=akswtt10700000l;cloudType=Consumer;environment=Prod_southindia_prod-s01-004-apac-southindia;migrationStage=NotStarted}
{"logTime": "0903/152852", "correlationVector":"+g5Em8b13erltnEMqVxVry","action":"Commit Request", "result":"", "context":Item count: 3
Contributing types: Sessions, History}
{"logTime": "0903/152854", "correlationVector":"+g5Em8b13erltnEMqVxVry.1","action":"SyncServerConnectionManagerRequest", "result":"SYNC_SERVER_OK", "context":{"environment":"Prod_southindia_prod-s01-004-apac-southindia", "migrationStage":"NotStarted", "server":"akswtt107000008"}}
{"logTime": "0903/152854", "correlationVector":"+g5Em8b13erltnEMqVxVry.2","action":"Commit Response", "result":"Success", "context":Result: Success. cV=+g5Em8b13erltnEMqVxVry.0;server=akswtt107000008;cloudType=Consumer;environment=Prod_southindia_prod-s01-004-apac-southindia;migrationStage=NotStarted}
{"logTime": "0903/152908", "correlationVector":"wHNbsPtdHHYnyyzlLvp7br","action":"Normal GetUpdate request", "result":"", "context":cV=wHNbsPtdHHYnyyzlLvp7br
Nudged types: Passwords, Sessions, History
Notified types: Passwords, History}
{"logTime": "0903/152909", "correlationVector":"wHNbsPtdHHYnyyzlLvp7br.1","action":"SyncServerConnectionManagerRequest", "result":"SYNC_SERVER_OK", "context":{"environment":"Prod_southindia_prod-s01-004-apac-southindia", "migrationStage":"NotStarted", "server":"akswtt10700003m"}}
{"logTime": "0903/152909", "correlationVector":"wHNbsPtdHHYnyyzlLvp7br.2","action":"ProcessGetUpdates", "result":"Done", "context":{"dataType":"Sessions", "deleted":"0", "process_failed_to_decrypt":"0", "process_pending_decryption":"0", "process_success":"2", "total":"2"}}
{"logTime": "0903/152909", "correlationVector":"wHNbsPtdHHYnyyzlLvp7br.3","action":"ProcessGetUpdates", "result":"Done", "context":{"dataType":"History", "deleted":"0", "process_failed_to_decrypt":"0", "process_pending_decryption":"0", "process_success":"4", "total":"4"}}
{"logTime": "0903/152909", "correlationVector":"wHNbsPtdHHYnyyzlLvp7br.4","action":"GetUpdates Response", "result":"Success", "context":Received 6 update(s). cV=wHNbsPtdHHYnyyzlLvp7br.0;server=akswtt10700003m;cloudType=Consumer;environment=Prod_southindia_prod-s01-004-apac-southindia;migrationStage=NotStarted}
{"logTime": "0903/152910", "correlationVector":"LbsNgEMR3mkMoVXi4qycvy","action":"Commit Request", "result":"", "context":Item count: 2
Contributing types: Sessions, History}
{"logTime": "0903/152910", "correlationVector":"LbsNgEMR3mkMoVXi4qycvy.1","action":"SyncServerConnectionManagerRequest", "result":"SYNC_SERVER_OK", "context":{"environment":"Prod_southindia_prod-s01-004-apac-southindia", "migrationStage":"NotStarted", "server":"akswtt10700000w"}}
{"logTime": "0903/152910", "correlationVector":"LbsNgEMR3mkMoVXi4qycvy.2","action":"Commit Response", "result":"Success", "context":Result: Success. cV=LbsNgEMR3mkMoVXi4qycvy.0;server=akswtt10700000w;cloudType=Consumer;environment=Prod_southindia_prod-s01-004-apac-southindia;migrationStage=NotStarted}
{"logTime": "0903/152934", "correlationVector":"61w9cnoGuLsHZsejhxtAQv","action":"Normal GetUpdate request", "result":"", "context":cV=61w9cnoGuLsHZsejhxtAQv
Nudged types: Passwords, Sessions, History
Notified types: Passwords}
{"logTime": "0903/152935", "correlationVector":"61w9cnoGuLsHZsejhxtAQv.1","action":"SyncServerConnectionManagerRequest", "result":"SYNC_SERVER_OK", "context":{"environment":"Prod_southindia_prod-s01-004-apac-southindia", "migrationStage":"NotStarted", "server":"akswtt10700000l"}}
{"logTime": "0903/152935", "correlationVector":"61w9cnoGuLsHZsejhxtAQv.2","action":"ProcessGetUpdates", "result":"Done", "context":{"dataType":"Passwords", "deleted":"0", "process_failed_to_decrypt":"0", "process_pending_decryption":"0", "process_success":"111", "total":"111"}}
{"logTime": "0903/152935", "correlationVector":"61w9cnoGuLsHZsejhxtAQv.3","action":"ProcessGetUpdates", "result":"Done", "context":{"dataType":"Sessions", "deleted":"0", "process_failed_to_decrypt":"0", "process_pending_decryption":"0", "process_success":"2", "total":"2"}}
{"logTime": "0903/152935", "correlationVector":"61w9cnoGuLsHZsejhxtAQv.4","action":"ProcessGetUpdates", "result":"Done", "context":{"dataType":"History", "deleted":"0", "process_failed_to_decrypt":"0", "process_pending_decryption":"0", "process_success":"1", "total":"1"}}
{"logTime": "0903/152935", "correlationVector":"61w9cnoGuLsHZsejhxtAQv.5","action":"GetUpdates Response", "result":"Success", "context":Received 114 update(s). cV=61w9cnoGuLsHZsejhxtAQv.0;server=akswtt10700000l;cloudType=Consumer;environment=Prod_southindia_prod-s01-004-apac-southindia;migrationStage=NotStarted}
{"logTime": "0903/152936", "correlationVector":"CFlmZuicmMRKJopSCfHn3p","action":"Commit Request", "result":"", "context":Item count: 34
Contributing types: Passwords}
{"logTime": "0903/152947", "correlationVector":"CFlmZuicmMRKJopSCfHn3p.1","action":"SyncServerConnectionManagerRequest", "result":"SYNC_SERVER_OK", "context":{"environment":"Prod_southindia_prod-s01-004-apac-southindia", "migrationStage":"NotStarted", "server":"akswtt10700003m"}}
{"logTime": "0903/152947", "correlationVector":"CFlmZuicmMRKJopSCfHn3p.2","action":"Commit Response", "result":"Success", "context":Result: Success. cV=CFlmZuicmMRKJopSCfHn3p.0;server=akswtt10700003m;cloudType=Consumer;environment=Prod_southindia_prod-s01-004-apac-southindia;migrationStage=NotStarted}
{"logTime": "0903/153054", "correlationVector":"jFhxzdg8/Qnv0PP/gcvkTQ","action":"Commit Request", "result":"", "context":Item count: 3
Contributing types: Sessions, History}
{"logTime": "0903/153055", "correlationVector":"jFhxzdg8/Qnv0PP/gcvkTQ.1","action":"SyncServerConnectionManagerRequest", "result":"SYNC_SERVER_OK", "context":{"environment":"Prod_southindia_prod-s01-004-apac-southindia", "migrationStage":"NotStarted", "server":"akswtt10700000h"}}
{"logTime": "0903/153055", "correlationVector":"jFhxzdg8/Qnv0PP/gcvkTQ.2","action":"Commit Response", "result":"Success", "context":Result: Success. cV=jFhxzdg8/Qnv0PP/gcvkTQ.0;server=akswtt10700000h;cloudType=Consumer;environment=Prod_southindia_prod-s01-004-apac-southindia;migrationStage=NotStarted}
{"logTime": "0903/153055", "correlationVector":"PFFmO3rCMVyqKD3CrXS0Wp","action":"Normal GetUpdate request", "result":"", "context":cV=PFFmO3rCMVyqKD3CrXS0Wp
Notified types: History}
{"logTime": "0903/153056", "correlationVector":"PFFmO3rCMVyqKD3CrXS0Wp.1","action":"SyncServerConnectionManagerRequest", "result":"SYNC_SERVER_OK", "context":{"environment":"Prod_southindia_prod-s01-004-apac-southindia", "migrationStage":"NotStarted", "server":"akswtt107000039"}}
{"logTime": "0903/153056", "correlationVector":"PFFmO3rCMVyqKD3CrXS0Wp.2","action":"ProcessGetUpdates", "result":"Done", "context":{"dataType":"Passwords", "deleted":"0", "process_failed_to_decrypt":"0", "process_pending_decryption":"0", "process_success":"34", "total":"34"}}
{"logTime": "0903/153056", "correlationVector":"PFFmO3rCMVyqKD3CrXS0Wp.3","action":"ProcessGetUpdates", "result":"Done", "context":{"dataType":"Sessions", "deleted":"0", "process_failed_to_decrypt":"0", "process_pending_decryption":"0", "process_success":"2", "total":"2"}}
{"logTime": "0903/153056", "correlationVector":"PFFmO3rCMVyqKD3CrXS0Wp.4","action":"ProcessGetUpdates", "result":"Done", "context":{"dataType":"History", "deleted":"0", "process_failed_to_decrypt":"0", "process_pending_decryption":"0", "process_success":"4", "total":"4"}}
{"logTime": "0903/153056", "correlationVector":"PFFmO3rCMVyqKD3CrXS0Wp.5","action":"GetUpdates Response", "result":"Success", "context":Received 40 update(s). cV=PFFmO3rCMVyqKD3CrXS0Wp.0;server=akswtt107000039;cloudType=Consumer;environment=Prod_southindia_prod-s01-004-apac-southindia;migrationStage=NotStarted}
{"logTime": "0903/153059", "correlationVector":"eeDgyl+y/Jhh82Mu2y1yqO","action":"Normal GetUpdate request", "result":"", "context":cV=eeDgyl+y/Jhh82Mu2y1yqO
Notified types: History}
{"logTime": "0903/153059", "correlationVector":"eeDgyl+y/Jhh82Mu2y1yqO.1","action":"SyncServerConnectionManagerRequest", "result":"SYNC_SERVER_OK", "context":{"environment":"Prod_southindia_prod-s01-004-apac-southindia", "migrationStage":"NotStarted", "server":"akswtt107000039"}}
{"logTime": "0903/153059", "correlationVector":"eeDgyl+y/Jhh82Mu2y1yqO.2","action":"ProcessGetUpdates", "result":"Done", "context":{"dataType":"Sessions", "deleted":"1", "process_failed_to_decrypt":"0", "process_pending_decryption":"0", "process_success":"3", "total":"3"}}
{"logTime": "0903/153059", "correlationVector":"eeDgyl+y/Jhh82Mu2y1yqO.3","action":"ProcessGetUpdates", "result":"Done", "context":{"dataType":"History", "deleted":"0", "process_failed_to_decrypt":"0", "process_pending_decryption":"0", "process_success":"1", "total":"1"}}
{"logTime": "0903/153059", "correlationVector":"eeDgyl+y/Jhh82Mu2y1yqO.4","action":"GetUpdates Response", "result":"Success", "context":Received 4 update(s). cV=eeDgyl+y/Jhh82Mu2y1yqO.0;server=akswtt107000039;cloudType=Consumer;environment=Prod_southindia_prod-s01-004-apac-southindia;migrationStage=NotStarted}
