2026-09-03 16:56:50.729: [INFO] CurrentProfilePath: D:\CODE\F1 Game\scratch\edge_profile_verify_fixed\Default
2026-09-03 16:56:50.729: [INFO] Profiles total count: 1
2026-09-03 16:56:50.729: [INFO] Profile: name=Profile 1 path=D:\CODE\F1 Game\scratch\edge_profile_verify_fixed\Default lastActive=null
2026-09-03 16:56:50.729: [INFO] LastUsedProfileDir: D:\CODE\F1 Game\scratch\edge_profile_verify_fixed\Default
2026-09-03 16:56:50.729: [INFO] VisibilityChanged: 0
2026-09-03 16:56:50.772: [INFO] RecordSyncInitDuration has_sync_been_enabled: 0 state: 0
2026-09-03 16:56:50.772: [INFO] RecordSyncInitDuration has_sync_been_enabled: 0 state: 0
2026-09-03 16:56:50.773: [INFO] RecordSyncInitDuration has_sync_been_enabled: 0 state: 0
2026-09-03 16:56:50.774: [INFO] RecordSyncInitDuration has_sync_been_enabled: 0 state: 0
2026-09-03 16:56:50.775: [INFO] RecordSyncInitDuration has_sync_been_enabled: 0 state: 0
2026-09-03 16:56:50.775: [INFO] RecordSyncInitDuration has_sync_been_enabled: 0 state: 0
2026-09-03 16:56:50.776: [INFO] RecordSyncInitDuration has_sync_been_enabled: 0 state: 0
2026-09-03 16:56:50.776: [INFO] RecordSyncInitDuration has_sync_been_enabled: 0 state: 0
2026-09-03 16:56:50.776: [INFO] RecordSyncInitDuration has_sync_been_enabled: 0 state: 0
2026-09-03 16:56:50.777: [INFO] RecordSyncInitDuration has_sync_been_enabled: 0 state: 0
2026-09-03 16:56:50.829: [INFO] OnDoneLoading sync enabled: 0
2026-09-03 16:56:50.829: [INFO] BookmarkModelLoaded, ids_reassigned: 0
2026-09-03 16:56:50.829: [INFO] BookmarksLoadDropped droppedNodes=0
2026-09-03 16:56:50.829: [INFO] BookmarksSnapshot Startup total=0 bar=0 other=0 mobile=0 showBar=0 showBarNTP=1
2026-09-03 16:56:53.214: [INFO] RecordSyncInitDuration has_sync_been_enabled: 0 state: 0
2026-09-03 16:56:53.843: [INFO] RecordSyncInitDuration has_sync_been_enabled: 0 state: 0
2026-09-03 16:56:53.853: [INFO] RecordSyncInitDuration has_sync_been_enabled: 0 state: 3
2026-09-03 16:56:53.865: [INFO] Primary account changed.
2026-09-03 16:56:53.865: [INFO] OnPrimaryAccountChanged PrimaryAccountChangeEvent::Type::kSet
2026-09-03 16:56:53.880: [INFO] RecordSyncInitDuration has_sync_been_enabled: 0 state: 3
2026-09-03 16:56:54.514: [INFO] RecordSyncInitDuration has_sync_been_enabled: 0 state: 3
2026-09-03 16:56:59.468: [INFO] BookmarkNodeAdded, ABU: 0
2026-09-03 16:56:59.469: [INFO] BookmarkNodeAdded, ABU: 0
2026-09-03 16:56:59.469: [INFO] BookmarkNodeAdded, ABU: 0
2026-09-03 16:56:59.469: [INFO] BookmarkNodeAdded, ABU: 0
2026-09-03 16:57:00.345: [INFO] Sync initialization duration: 5647ms
