{"logTime": "0903/165655", "correlationVector":"NjEXT8zlmnJfyDxlciH1bn.1","action":"SyncServerConnectionManagerRequest", "result":"SYNC_SERVER_OK", "context":{"environment":"Prod_southindia_prod-s01-004-apac-southindia", "migrationStage":"NotStarted", "server":"akswtt107000015"}}
{"logTime": "0903/165655", "correlationVector":"NjEXT8zlmnJfyDxlciH1bn.2","action":"ProcessGetUpdates", "result":"Done", "context":{"dataType":"Encryption Keys", "deleted":"0", "process_failed_to_decrypt":"0", "process_pending_decryption":"0", "process_success":"1", "total":"1"}}
{"logTime": "0903/165656", "correlationVector":"btWbX6zeZzZsNxx9PA4j5g","action":"SyncServerConnectionManagerRequest", "result":"SYNC_SERVER_OK", "context":{"environment":"", "migrationStage":"", "server":""}}
{"logTime": "0903/165656", "correlationVector":"btWbX6zeZzZsNxx9PA4j5g.0","action":"EncryptionKeysFetcher.DownloadKeys:", "result":"Success", "context":Key count: 10, Last key timestamp: 2026-07-24T13:34:16Z}
{"logTime": "0903/165656", "correlationVector":"btWbX6zeZzZsNxx9PA4j5g.1","action":"EncryptionKeysManager::SetEncryptionKeys:", "result":"Success", "context":Key names[10]:[uc6Gm22WegGTqjl9C3sED0kLk8mn/D+JUNl38WX+pwqF8S1remztN90oguW/+w6hZzJSiMa39Qextb/1K+2+PA==][km3GlgyyVXmk+N0ZS/Yo92KlsfNdODRNuRAMsPtdLZvkAQsh81caALVWMKxHhHWBgBRuN5o5G6OMZivbSw/jZQ==][s8ek65JsKsfR2UbSztQ9a9osfhAmz/GdhqUf9rK8CVyrQrub/imvB44yMDxKyt7i9NsVs5IL4VsiXtsx2K12eg==][FVyGx7qtdKnPjhfm0sXZF6SadPtOjuJaV0thCg7s3orxts7EoUDU7PHhzvjtUpvKNM3q9dnfZE5tLErYhjYIgw==][Flg0uikwr+IyuXxcc+6ZqFJULOhq9TIWNn/+LfRNQbt0R1JVAFt4Kl0bYdDfCb6HDaMDWxjNR1mCTEu+nDzW5A==][yD6xuT0JJmYH17bkqYHsp3DcVQPUjVO72nSby3LoZkqcS07WfIf7DvpluDL8vKWpEhM7lp9os0GFUpcGEI3RoA==][AX0pUMDnrAWCS2MtdUQJ4X6TmISvWK/jQnluC7NUU5C5npWwlYqXTH+WDYzSdHYkM22Ce6DzU3Tro5utcgB+/A==][4cw2xlKMCcH30rGLorBBiT+hU2LvOlGF3YuOIjxCPtfDX63giVPdaP1d9V8QkVDacz7gA56ySt3eGbVdsI916Q==][I7lDXthXgjzhXwwks4hxbvXd3/x2jBhmvzTVN/ttfteFCUx2pP0seNr6swqXj6c0GU0ExqF6mOp/RaAcEncjjg==][Fq4kuqULR0gK0T6au6nwmQPIP054cdc49l2/ewrFLF7hZpjkMsCXk3dbErSkaovB7BRpdJiPbV78BAMQxF4hGA==]}
{"logTime": "0903/165656", "correlationVector":"btWbX6zeZzZsNxx9PA4j5g.2","action":"EncryptionKeysManager::SetEncryptionKeysWithTimestamps:", "result":"Success", "context":Key timestamps[10]:[2024-03-02T02:31:48Z][2024-03-07T16:11:21Z][2024-04-05T16:43:10Z][2024-06-20T06:25:06Z][2024-07-17T12:17:33Z][2025-03-13T15:14:32Z][2025-03-18T02:41:59Z][2025-09-28T05:37:51Z][2026-01-25T07:23:07Z][2026-07-24T13:34:16Z]}
{"logTime": "0903/165656", "correlationVector":"NjEXT8zlmnJfyDxlciH1bn","action":"Initial GetUpdates", "result":"", "context":Reason: NEW_CLIENT. cV=NjEXT8zlmnJfyDxlciH1bn}
{"logTime": "0903/165656", "correlationVector":"NjEXT8zlmnJfyDxlciH1bn.3","action":"GetUpdates Response", "result":"Success", "context":Received 1 update(s). cV=NjEXT8zlmnJfyDxlciH1bn.0;server=akswtt107000015;cloudType=Consumer;environment=Prod_southindia_prod-s01-004-apac-southindia;migrationStage=NotStarted}
{"logTime": "0903/165656", "correlationVector":"mjgD/v1YqyvucUlGGiqPnx","action":"Initial GetUpdates", "result":"", "context":Reason: NEWLY_SUPPORTED_DATATYPE. cV=mjgD/v1YqyvucUlGGiqPnx}
{"logTime": "0903/165658", "correlationVector":"mjgD/v1YqyvucUlGGiqPnx.1","action":"SyncServerConnectionManagerRequest", "result":"SYNC_SERVER_OK", "context":{"environment":"Prod_southindia_prod-s01-004-apac-southindia", "migrationStage":"NotStarted", "server":"akswtt10700002w"}}
{"logTime": "0903/165658", "correlationVector":"mjgD/v1YqyvucUlGGiqPnx.2","action":"ProcessGetUpdates", "result":"Done", "context":{"dataType":"Passwords", "deleted":"0", "process_failed_to_decrypt":"0", "process_pending_decryption":"0", "process_success":"132", "total":"132"}}
{"logTime": "0903/165658", "correlationVector":"mjgD/v1YqyvucUlGGiqPnx.3","action":"ProcessGetUpdates", "result":"Done", "context":{"dataType":"Device Info", "deleted":"0", "process_failed_to_decrypt":"0", "process_pending_decryption":"0", "process_success":"20", "total":"20"}}
{"logTime": "0903/165658", "correlationVector":"mjgD/v1YqyvucUlGGiqPnx.4","action":"GetUpdates Response", "result":"Success", "context":Received 152 update(s). cV=mjgD/v1YqyvucUlGGiqPnx.0;server=akswtt10700002w;cloudType=Consumer;environment=Prod_southindia_prod-s01-004-apac-southindia;migrationStage=NotStarted}
{"logTime": "0903/165658", "correlationVector":"ruCvc15MrMYkPb5Fogjl2U","action":"Initial GetUpdates", "result":"", "context":Reason: NEWLY_SUPPORTED_DATATYPE. cV=ruCvc15MrMYkPb5Fogjl2U}
{"logTime": "0903/165659", "correlationVector":"ruCvc15MrMYkPb5Fogjl2U.1","action":"SyncServerConnectionManagerRequest", "result":"SYNC_SERVER_OK", "context":{"environment":"Prod_southindia_prod-s01-004-apac-southindia", "migrationStage":"NotStarted", "server":"akswtt107000011"}}
{"logTime": "0903/165659", "correlationVector":"ruCvc15MrMYkPb5Fogjl2U.2","action":"ProcessGetUpdates", "result":"Done", "context":{"dataType":"Bookmarks", "deleted":"0", "process_failed_to_decrypt":"0", "process_pending_decryption":"0", "process_success":"10", "total":"10"}}
{"logTime": "0903/165659", "correlationVector":"ruCvc15MrMYkPb5Fogjl2U.3","action":"ProcessGetUpdates", "result":"Done", "context":{"dataType":"Preferences", "deleted":"0", "process_failed_to_decrypt":"0", "process_pending_decryption":"0", "process_success":"70", "total":"70"}}
{"logTime": "0903/165659", "correlationVector":"ruCvc15MrMYkPb5Fogjl2U.4","action":"ProcessGetUpdates", "result":"Done", "context":{"dataType":"Autofill", "deleted":"0", "process_failed_to_decrypt":"0", "process_pending_decryption":"0", "process_success":"14", "total":"14"}}
{"logTime": "0903/165659", "correlationVector":"ruCvc15MrMYkPb5Fogjl2U.5","action":"ProcessGetUpdates", "result":"Done", "context":{"dataType":"Extensions", "deleted":"0", "process_failed_to_decrypt":"0", "process_pending_decryption":"0", "process_success":"5", "total":"5"}}
{"logTime": "0903/165659", "correlationVector":"ruCvc15MrMYkPb5Fogjl2U.6","action":"ProcessGetUpdates", "result":"Done", "context":{"dataType":"Sessions", "deleted":"14", "process_failed_to_decrypt":"0", "process_pending_decryption":"0", "process_success":"51", "total":"51"}}
{"logTime": "0903/165659", "correlationVector":"ruCvc15MrMYkPb5Fogjl2U.7","action":"GetUpdates Response", "result":"Success", "context":Received 150 update(s). cV=ruCvc15MrMYkPb5Fogjl2U.0;server=akswtt107000011;cloudType=Consumer;environment=Prod_southindia_prod-s01-004-apac-southindia;migrationStage=NotStarted}
{"logTime": "0903/165659", "correlationVector":"vMoA7j95KC4ymh8VS9dQ3u","action":"Initial GetUpdates", "result":"", "context":Reason: NEWLY_SUPPORTED_DATATYPE. cV=vMoA7j95KC4ymh8VS9dQ3u}
{"logTime": "0903/165700", "correlationVector":"vMoA7j95KC4ymh8VS9dQ3u.1","action":"SyncServerConnectionManagerRequest", "result":"SYNC_SERVER_OK", "context":{"environment":"Prod_southindia_prod-s01-004-apac-southindia", "migrationStage":"NotStarted", "server":"akswtt10700000o"}}
{"logTime": "0903/165700", "correlationVector":"vMoA7j95KC4ymh8VS9dQ3u.2","action":"ProcessGetUpdates", "result":"Done", "context":{"dataType":"History", "deleted":"0", "process_failed_to_decrypt":"0", "process_pending_decryption":"0", "process_success":"45", "total":"45"}}
{"logTime": "0903/165700", "correlationVector":"vMoA7j95KC4ymh8VS9dQ3u.3","action":"GetUpdates Response", "result":"Success", "context":Received 45 update(s). cV=vMoA7j95KC4ymh8VS9dQ3u.0;server=akswtt10700000o;cloudType=Consumer;environment=Prod_southindia_prod-s01-004-apac-southindia;migrationStage=NotStarted}
{"logTime": "0903/165700", "correlationVector":"R/6T+WwLW3/0v98CBQcRSD","action":"Normal GetUpdate request", "result":"", "context":cV=R/6T+WwLW3/0v98CBQcRSD
Nudged types: Sessions, Device Info, User Consents
Refresh requested types: Bookmarks, Preferences, Passwords, Autofill Profiles, Autofill, Extensions, Sessions, Extension settings, History Delete Directives, Device Info, User Consents, Send Tab To Self, Web Apps, History, Saved Tab Group, WebAuthn Credentials, Edge Hub App Usage, Edge Workspace, Encryption Keys}
