2026-09-03 15:17:48.639: [INFO] CurrentProfilePath: D:\CODE\F1 Game\scratch\edge_profile_diag\Default
2026-09-03 15:17:48.639: [INFO] Profiles total count: 1
2026-09-03 15:17:48.639: [INFO] Profile: name=Profile 1 path=D:\CODE\F1 Game\scratch\edge_profile_diag\Default lastActive=null
2026-09-03 15:17:48.639: [INFO] LastUsedProfileDir: D:\CODE\F1 Game\scratch\edge_profile_diag\Default
2026-09-03 15:17:48.639: [INFO] VisibilityChanged: 0
2026-09-03 15:17:48.651: [INFO] RecordSyncInitDuration has_sync_been_enabled: 0 state: 0
2026-09-03 15:17:48.652: [INFO] RecordSyncInitDuration has_sync_been_enabled: 0 state: 0
2026-09-03 15:17:48.652: [INFO] RecordSyncInitDuration has_sync_been_enabled: 0 state: 0
2026-09-03 15:17:48.653: [INFO] RecordSyncInitDuration has_sync_been_enabled: 0 state: 0
2026-09-03 15:17:48.653: [INFO] RecordSyncInitDuration has_sync_been_enabled: 0 state: 0
2026-09-03 15:17:48.654: [INFO] RecordSyncInitDuration has_sync_been_enabled: 0 state: 0
2026-09-03 15:17:48.654: [INFO] RecordSyncInitDuration has_sync_been_enabled: 0 state: 0
2026-09-03 15:17:48.654: [INFO] RecordSyncInitDuration has_sync_been_enabled: 0 state: 0
2026-09-03 15:17:48.655: [INFO] RecordSyncInitDuration has_sync_been_enabled: 0 state: 0
2026-09-03 15:17:48.655: [INFO] RecordSyncInitDuration has_sync_been_enabled: 0 state: 0
2026-09-03 15:17:48.667: [INFO] OnDoneLoading sync enabled: 0
2026-09-03 15:17:48.667: [INFO] BookmarkModelLoaded, ids_reassigned: 0
2026-09-03 15:17:48.667: [INFO] BookmarksLoadDropped droppedNodes=0
2026-09-03 15:17:48.667: [INFO] BookmarksSnapshot Startup total=0 bar=0 other=0 mobile=0 showBar=0 showBarNTP=1
2026-09-03 15:17:50.286: [INFO] RecordSyncInitDuration has_sync_been_enabled: 0 state: 0
2026-09-03 15:17:52.272: [INFO] RecordSyncInitDuration has_sync_been_enabled: 0 state: 0
2026-09-03 15:17:52.274: [INFO] RecordSyncInitDuration has_sync_been_enabled: 0 state: 3
2026-09-03 15:17:52.279: [INFO] Primary account changed.
2026-09-03 15:17:52.280: [INFO] OnPrimaryAccountChanged PrimaryAccountChangeEvent::Type::kSet
2026-09-03 15:17:52.287: [INFO] RecordSyncInitDuration has_sync_been_enabled: 0 state: 3
2026-09-03 15:17:58.167: [INFO] BookmarkNodeAdded, ABU: 0
2026-09-03 15:17:58.167: [INFO] BookmarkNodeAdded, ABU: 0
2026-09-03 15:17:58.167: [INFO] BookmarkNodeAdded, ABU: 0
2026-09-03 15:17:58.167: [INFO] BookmarkNodeAdded, ABU: 0
2026-09-03 15:17:58.888: [INFO] Sync initialization duration: 6482ms
