{"logTime": "0903/151924", "correlationVector":"C6t+YVpxYrlleLLVJ1V8iE.1","action":"SyncServerConnectionManagerRequest", "result":"SYNC_SERVER_OK", "context":{"environment":"Prod_southindia_prod-s01-004-apac-southindia", "migrationStage":"NotStarted", "server":"akswtt107000036"}}
{"logTime": "0903/151924", "correlationVector":"C6t+YVpxYrlleLLVJ1V8iE.2","action":"ProcessGetUpdates", "result":"Done", "context":{"dataType":"Encryption Keys", "deleted":"0", "process_failed_to_decrypt":"0", "process_pending_decryption":"0", "process_success":"1", "total":"1"}}
{"logTime": "0903/151925", "correlationVector":"nwZtfmKL/iG/OWHjJBc9aR","action":"SyncServerConnectionManagerRequest", "result":"SYNC_SERVER_OK", "context":{"environment":"", "migrationStage":"", "server":""}}
{"logTime": "0903/151925", "correlationVector":"nwZtfmKL/iG/OWHjJBc9aR.0","action":"EncryptionKeysFetcher.DownloadKeys:", "result":"Success", "context":Key count: 10, Last key timestamp: 2026-07-24T13:34:16Z}
{"logTime": "0903/151925", "correlationVector":"nwZtfmKL/iG/OWHjJBc9aR.1","action":"EncryptionKeysManager::SetEncryptionKeys:", "result":"Success", "context":Key names[10]:[uc6Gm22WegGTqjl9C3sED0kLk8mn/D+JUNl38WX+pwqF8S1remztN90oguW/+w6hZzJSiMa39Qextb/1K+2+PA==][km3GlgyyVXmk+N0ZS/Yo92KlsfNdODRNuRAMsPtdLZvkAQsh81caALVWMKxHhHWBgBRuN5o5G6OMZivbSw/jZQ==][s8ek65JsKsfR2UbSztQ9a9osfhAmz/GdhqUf9rK8CVyrQrub/imvB44yMDxKyt7i9NsVs5IL4VsiXtsx2K12eg==][FVyGx7qtdKnPjhfm0sXZF6SadPtOjuJaV0thCg7s3orxts7EoUDU7PHhzvjtUpvKNM3q9dnfZE5tLErYhjYIgw==][Flg0uikwr+IyuXxcc+6ZqFJULOhq9TIWNn/+LfRNQbt0R1JVAFt4Kl0bYdDfCb6HDaMDWxjNR1mCTEu+nDzW5A==][yD6xuT0JJmYH17bkqYHsp3DcVQPUjVO72nSby3LoZkqcS07WfIf7DvpluDL8vKWpEhM7lp9os0GFUpcGEI3RoA==][AX0pUMDnrAWCS2MtdUQJ4X6TmISvWK/jQnluC7NUU5C5npWwlYqXTH+WDYzSdHYkM22Ce6DzU3Tro5utcgB+/A==][4cw2xlKMCcH30rGLorBBiT+hU2LvOlGF3YuOIjxCPtfDX63giVPdaP1d9V8QkVDacz7gA56ySt3eGbVdsI916Q==][I7lDXthXgjzhXwwks4hxbvXd3/x2jBhmvzTVN/ttfteFCUx2pP0seNr6swqXj6c0GU0ExqF6mOp/RaAcEncjjg==][Fq4kuqULR0gK0T6au6nwmQPIP054cdc49l2/ewrFLF7hZpjkMsCXk3dbErSkaovB7BRpdJiPbV78BAMQxF4hGA==]}
{"logTime": "0903/151925", "correlationVector":"nwZtfmKL/iG/OWHjJBc9aR.2","action":"EncryptionKeysManager::SetEncryptionKeysWithTimestamps:", "result":"Success", "context":Key timestamps[10]:[2024-03-02T02:31:48Z][2024-03-07T16:11:21Z][2024-04-05T16:43:10Z][2024-06-20T06:25:06Z][2024-07-17T12:17:33Z][2025-03-13T15:14:32Z][2025-03-18T02:41:59Z][2025-09-28T05:37:51Z][2026-01-25T07:23:07Z][2026-07-24T13:34:16Z]}
{"logTime": "0903/151925", "correlationVector":"C6t+YVpxYrlleLLVJ1V8iE","action":"Initial GetUpdates", "result":"", "context":Reason: NEW_CLIENT. cV=C6t+YVpxYrlleLLVJ1V8iE}
{"logTime": "0903/151925", "correlationVector":"C6t+YVpxYrlleLLVJ1V8iE.3","action":"GetUpdates Response", "result":"Success", "context":Received 1 update(s). cV=C6t+YVpxYrlleLLVJ1V8iE.0;server=akswtt107000036;cloudType=Consumer;environment=Prod_southindia_prod-s01-004-apac-southindia;migrationStage=NotStarted}
{"logTime": "0903/151925", "correlationVector":"/LE02IHgMpXwuYGZeI9QLz","action":"Initial GetUpdates", "result":"", "context":Reason: NEWLY_SUPPORTED_DATATYPE. cV=/LE02IHgMpXwuYGZeI9QLz}
{"logTime": "0903/151926", "correlationVector":"/LE02IHgMpXwuYGZeI9QLz.1","action":"SyncServerConnectionManagerRequest", "result":"SYNC_SERVER_OK", "context":{"environment":"Prod_southindia_prod-s01-004-apac-southindia", "migrationStage":"NotStarted", "server":"akswtt107000011"}}
{"logTime": "0903/151926", "correlationVector":"/LE02IHgMpXwuYGZeI9QLz.2","action":"ProcessGetUpdates", "result":"Done", "context":{"dataType":"Passwords", "deleted":"0", "process_failed_to_decrypt":"0", "process_pending_decryption":"0", "process_success":"132", "total":"132"}}
{"logTime": "0903/151926", "correlationVector":"/LE02IHgMpXwuYGZeI9QLz.3","action":"ProcessGetUpdates", "result":"Done", "context":{"dataType":"Device Info", "deleted":"0", "process_failed_to_decrypt":"0", "process_pending_decryption":"0", "process_success":"14", "total":"14"}}
{"logTime": "0903/151926", "correlationVector":"/LE02IHgMpXwuYGZeI9QLz.4","action":"GetUpdates Response", "result":"Success", "context":Received 146 update(s). cV=/LE02IHgMpXwuYGZeI9QLz.0;server=akswtt107000011;cloudType=Consumer;environment=Prod_southindia_prod-s01-004-apac-southindia;migrationStage=NotStarted}
{"logTime": "0903/151927", "correlationVector":"RaRdJ1DIgBbDQ73LD2jwBL","action":"Initial GetUpdates", "result":"", "context":Reason: NEWLY_SUPPORTED_DATATYPE. cV=RaRdJ1DIgBbDQ73LD2jwBL}
{"logTime": "0903/151928", "correlationVector":"RaRdJ1DIgBbDQ73LD2jwBL.1","action":"SyncServerConnectionManagerRequest", "result":"SYNC_SERVER_OK", "context":{"environment":"Prod_southindia_prod-s01-004-apac-southindia", "migrationStage":"NotStarted", "server":"akswtt107000039"}}
{"logTime": "0903/151928", "correlationVector":"RaRdJ1DIgBbDQ73LD2jwBL.2","action":"ProcessGetUpdates", "result":"Done", "context":{"dataType":"Bookmarks", "deleted":"0", "process_failed_to_decrypt":"0", "process_pending_decryption":"0", "process_success":"10", "total":"10"}}
{"logTime": "0903/151928", "correlationVector":"RaRdJ1DIgBbDQ73LD2jwBL.3","action":"ProcessGetUpdates", "result":"Done", "context":{"dataType":"Preferences", "deleted":"0", "process_failed_to_decrypt":"0", "process_pending_decryption":"0", "process_success":"70", "total":"70"}}
{"logTime": "0903/151928", "correlationVector":"RaRdJ1DIgBbDQ73LD2jwBL.4","action":"ProcessGetUpdates", "result":"Done", "context":{"dataType":"Autofill", "deleted":"0", "process_failed_to_decrypt":"0", "process_pending_decryption":"0", "process_success":"14", "total":"14"}}
{"logTime": "0903/151928", "correlationVector":"RaRdJ1DIgBbDQ73LD2jwBL.5","action":"ProcessGetUpdates", "result":"Done", "context":{"dataType":"Extensions", "deleted":"0", "process_failed_to_decrypt":"0", "process_pending_decryption":"0", "process_success":"5", "total":"5"}}
{"logTime": "0903/151928", "correlationVector":"RaRdJ1DIgBbDQ73LD2jwBL.6","action":"ProcessGetUpdates", "result":"Done", "context":{"dataType":"Sessions", "deleted":"12", "process_failed_to_decrypt":"0", "process_pending_decryption":"0", "process_success":"21", "total":"21"}}
{"logTime": "0903/151928", "correlationVector":"RaRdJ1DIgBbDQ73LD2jwBL.7","action":"GetUpdates Response", "result":"Success", "context":Received 120 update(s). cV=RaRdJ1DIgBbDQ73LD2jwBL.0;server=akswtt107000039;cloudType=Consumer;environment=Prod_southindia_prod-s01-004-apac-southindia;migrationStage=NotStarted}
{"logTime": "0903/151928", "correlationVector":"k80DJmHtKSvyl9xTth6kFX","action":"Initial GetUpdates", "result":"", "context":Reason: NEWLY_SUPPORTED_DATATYPE. cV=k80DJmHtKSvyl9xTth6kFX}
{"logTime": "0903/151929", "correlationVector":"k80DJmHtKSvyl9xTth6kFX.1","action":"SyncServerConnectionManagerRequest", "result":"SYNC_SERVER_OK", "context":{"environment":"Prod_southindia_prod-s01-004-apac-southindia", "migrationStage":"NotStarted", "server":"akswtt107000003"}}
{"logTime": "0903/151929", "correlationVector":"k80DJmHtKSvyl9xTth6kFX.2","action":"ProcessGetUpdates", "result":"Done", "context":{"dataType":"History", "deleted":"0", "process_failed_to_decrypt":"0", "process_pending_decryption":"0", "process_success":"15", "total":"15"}}
{"logTime": "0903/151929", "correlationVector":"k80DJmHtKSvyl9xTth6kFX.3","action":"GetUpdates Response", "result":"Success", "context":Received 15 update(s). cV=k80DJmHtKSvyl9xTth6kFX.0;server=akswtt107000003;cloudType=Consumer;environment=Prod_southindia_prod-s01-004-apac-southindia;migrationStage=NotStarted}
{"logTime": "0903/151929", "correlationVector":"6f5wWXU688BzLPi2feA8FF","action":"Normal GetUpdate request", "result":"", "context":cV=6f5wWXU688BzLPi2feA8FF
Nudged types: Sessions, Device Info, User Consents
Refresh requested types: Bookmarks, Preferences, Passwords, Autofill Profiles, Autofill, Extensions, Sessions, Extension settings, History Delete Directives, Device Info, User Consents, Send Tab To Self, Web Apps, History, Saved Tab Group, WebAuthn Credentials, Edge Hub App Usage, Edge Workspace, Encryption Keys}
{"logTime": "0903/151931", "correlationVector":"6f5wWXU688BzLPi2feA8FF.1","action":"SyncServerConnectionManagerRequest", "result":"SYNC_SERVER_OK", "context":{"environment":"Prod_southindia_prod-s01-004-apac-southindia", "migrationStage":"NotStarted", "server":"akswtt10700003d"}}
{"logTime": "0903/151931", "correlationVector":"6f5wWXU688BzLPi2feA8FF.2","action":"ProcessGetUpdates", "result":"Done", "context":{"dataType":"Passwords", "deleted":"0", "process_failed_to_decrypt":"0", "process_pending_decryption":"0", "process_success":"14", "total":"14"}}
{"logTime": "0903/151931", "correlationVector":"6f5wWXU688BzLPi2feA8FF.3","action":"GetUpdates Response", "result":"Success", "context":Received 14 update(s). cV=6f5wWXU688BzLPi2feA8FF.0;server=akswtt10700003d;cloudType=Consumer;environment=Prod_southindia_prod-s01-004-apac-southindia;migrationStage=NotStarted}
{"logTime": "0903/151931", "correlationVector":"1I2IiEsidEhfpPR3qRA/zS","action":"DoCompareDataConsistency requsted types: ", "result":"Bookmarks, Preferences, Passwords, Extensions, Extension settings, History Delete Directives, Send Tab To Self, Web Apps, History, Saved Tab Group, WebAuthn Credentials, Edge Workspace, Encryption Keys"}
{"logTime": "0903/151931", "correlationVector":"1I2IiEsidEhfpPR3qRA/zS.0","action":"CompareDataConsistency result: ", "result":"Compare result: Encryption Keys is consistent. local entities count is: 1 local entities hash is: uwZcdIvcO6dtwSxHuP29ZVsIDJc="}
{"logTime": "0903/151931", "correlationVector":"1I2IiEsidEhfpPR3qRA/zS.1","action":"CompareDataConsistency result: ", "result":"Compare result: Bookmarks is consistent. local entities count is: 4 local entities hash is: eMLi1iBqjs7glT/cOx3X4kmAqi0="}
{"logTime": "0903/151931", "correlationVector":"1I2IiEsidEhfpPR3qRA/zS.2","action":"CompareDataConsistency result: ", "result":"Compare result: Preferences is consistent. local entities count is: 70 local entities hash is: /YW7n2Gi2ibAtsydmxKYa203xz0="}
{"logTime": "0903/151931", "correlationVector":"1I2IiEsidEhfpPR3qRA/zS.3","action":"CompareDataConsistency result: ", "result":"Compare result: Extensions is consistent. local entities count is: 5 local entities hash is: fb29WUW4yEJda9qmzcO8JRRq7OE="}
{"logTime": "0903/151931", "correlationVector":"1I2IiEsidEhfpPR3qRA/zS.4","action":"CompareDataConsistency result: ", "result":"Compare result: Extension settings is consistent. local entities count is: 0 local entities hash is: "}
{"logTime": "0903/151931", "correlationVector":"1I2IiEsidEhfpPR3qRA/zS.5","action":"CompareDataConsistency result: ", "result":"Compare result: History Delete Directives is consistent. local entities count is: 0 local entities hash is: "}
{"logTime": "0903/151931", "correlationVector":"1I2IiEsidEhfpPR3qRA/zS.6","action":"CompareDataConsistency result: ", "result":"Server did not send this Send Tab To Self local entities count is: 0 local entities hash is: "}
{"logTime": "0903/151931", "correlationVector":"1I2IiEsidEhfpPR3qRA/zS.7","action":"CompareDataConsistency result: ", "result":"Compare result: Web Apps is consistent. local entities count is: 0 local entities hash is: "}
{"logTime": "0903/151931", "correlationVector":"1I2IiEsidEhfpPR3qRA/zS.8","action":"CompareDataConsistency result: ", "result":"Server did not send this History local entities count is: 0 local entities hash is: "}
{"logTime": "0903/151931", "correlationVector":"1I2IiEsidEhfpPR3qRA/zS.9","action":"CompareDataConsistency result: ", "result":"Compare result: Saved Tab Group is consistent. local entities count is: 0 local entities hash is: "}
{"logTime": "0903/151931", "correlationVector":"1I2IiEsidEhfpPR3qRA/zS.10","action":"CompareDataConsistency result: ", "result":"Server did not send this WebAuthn Credentials local entities count is: 0 local entities hash is: "}
{"logTime": "0903/151931", "correlationVector":"1I2IiEsidEhfpPR3qRA/zS.11","action":"CompareDataConsistency result: ", "result":"Server did not send this Edge Workspace local entities count is: 0 local entities hash is: "}
{"logTime": "0903/151931", "correlationVector":"1I2IiEsidEhfpPR3qRA/zS.12","action":"CompareDataConsistency result: ", "result":"Compare result: Passwords is inconsistent. server entities count is: 132 server entities hash is: qeqnLKR8j3yQZBYswpOXvUFsLBI= local entities count is: 132 local entities hash is: UOKkT9FNgo+wnmN8QWs9h3cdoPE="}
{"logTime": "0903/151932", "correlationVector":"fsRUMya+tS02nu4fDlnayn","action":"Commit Request", "result":"", "context":Item count: 4
Contributing types: Sessions, Device Info, User Consents}
{"logTime": "0903/151933", "correlationVector":"fsRUMya+tS02nu4fDlnayn.1","action":"SyncServerConnectionManagerRequest", "result":"SYNC_SERVER_OK", "context":{"environment":"Prod_southindia_prod-s01-004-apac-southindia", "migrationStage":"NotStarted", "server":"akswtt107000010"}}
{"logTime": "0903/151933", "correlationVector":"fsRUMya+tS02nu4fDlnayn.2","action":"Commit Response", "result":"Success", "context":Result: Success. cV=fsRUMya+tS02nu4fDlnayn.0;server=akswtt107000010;cloudType=Consumer;environment=Prod_southindia_prod-s01-004-apac-southindia;migrationStage=NotStarted}
{"logTime": "0903/151934", "correlationVector":"","action":"DIAGNOSTIC_REQUEST|v1/diagnosticData/Diagnostic.SendCheckResult()|SUCCESS", "result":""}
{"logTime": "0903/151935", "correlationVector":"tu62k7ozpfkv8e8K6cE6wH","action":"Normal GetUpdate request", "result":"", "context":cV=tu62k7ozpfkv8e8K6cE6wH
Nudged types: Sessions, Device Info
Notified types: Passwords}
{"logTime": "0903/151936", "correlationVector":"tu62k7ozpfkv8e8K6cE6wH.1","action":"SyncServerConnectionManagerRequest", "result":"SYNC_SERVER_OK", "context":{"environment":"Prod_southindia_prod-s01-004-apac-southindia", "migrationStage":"NotStarted", "server":"akswtt107000011"}}
{"logTime": "0903/151936", "correlationVector":"tu62k7ozpfkv8e8K6cE6wH.2","action":"ProcessGetUpdates", "result":"Done", "context":{"dataType":"Passwords", "deleted":"0", "process_failed_to_decrypt":"0", "process_pending_decryption":"0", "process_success":"19", "total":"19"}}
{"logTime": "0903/151936", "correlationVector":"tu62k7ozpfkv8e8K6cE6wH.3","action":"ProcessGetUpdates", "result":"Done", "context":{"dataType":"Sessions", "deleted":"0", "process_failed_to_decrypt":"0", "process_pending_decryption":"0", "process_success":"2", "total":"2"}}
{"logTime": "0903/151936", "correlationVector":"tu62k7ozpfkv8e8K6cE6wH.4","action":"ProcessGetUpdates", "result":"Done", "context":{"dataType":"Device Info", "deleted":"0", "process_failed_to_decrypt":"0", "process_pending_decryption":"0", "process_success":"1", "total":"1"}}
{"logTime": "0903/151936", "correlationVector":"tu62k7ozpfkv8e8K6cE6wH.5","action":"GetUpdates Response", "result":"Success", "context":Received 22 update(s). cV=tu62k7ozpfkv8e8K6cE6wH.0;server=akswtt107000011;cloudType=Consumer;environment=Prod_southindia_prod-s01-004-apac-southindia;migrationStage=NotStarted}
{"logTime": "0903/151948", "correlationVector":"Ejus2lrWNKs7l9RxbujjXL","action":"Normal GetUpdate request", "result":"", "context":cV=Ejus2lrWNKs7l9RxbujjXL
Nudged types: Sessions, History
Notified types: Passwords, History}
{"logTime": "0903/151949", "correlationVector":"Ejus2lrWNKs7l9RxbujjXL.1","action":"SyncServerConnectionManagerRequest", "result":"SYNC_SERVER_OK", "context":{"environment":"Prod_southindia_prod-s01-004-apac-southindia", "migrationStage":"NotStarted", "server":"akswtt107000011"}}
{"logTime": "0903/151949", "correlationVector":"Ejus2lrWNKs7l9RxbujjXL.2","action":"ProcessGetUpdates", "result":"Done", "context":{"dataType":"Passwords", "deleted":"0", "process_failed_to_decrypt":"0", "process_pending_decryption":"0", "process_success":"31", "total":"31"}}
{"logTime": "0903/151949", "correlationVector":"Ejus2lrWNKs7l9RxbujjXL.3","action":"ProcessGetUpdates", "result":"Done", "context":{"dataType":"Sessions", "deleted":"0", "process_failed_to_decrypt":"0", "process_pending_decryption":"0", "process_success":"3", "total":"3"}}
{"logTime": "0903/151949", "correlationVector":"Ejus2lrWNKs7l9RxbujjXL.4","action":"ProcessGetUpdates", "result":"Done", "context":{"dataType":"History", "deleted":"0", "process_failed_to_decrypt":"0", "process_pending_decryption":"0", "process_success":"4", "total":"4"}}
{"logTime": "0903/151949", "correlationVector":"Ejus2lrWNKs7l9RxbujjXL.5","action":"GetUpdates Response", "result":"Success", "context":Received 38 update(s). cV=Ejus2lrWNKs7l9RxbujjXL.0;server=akswtt107000011;cloudType=Consumer;environment=Prod_southindia_prod-s01-004-apac-southindia;migrationStage=NotStarted}
{"logTime": "0903/151956", "correlationVector":"LTjiMowYJ8pj8a2dOrXrlt","action":"Commit Request", "result":"", "context":Item count: 3
Contributing types: Sessions, History}
{"logTime": "0903/151957", "correlationVector":"LTjiMowYJ8pj8a2dOrXrlt.1","action":"SyncServerConnectionManagerRequest", "result":"SYNC_SERVER_OK", "context":{"environment":"Prod_southindia_prod-s01-004-apac-southindia", "migrationStage":"NotStarted", "server":"akswtt10700003c"}}
{"logTime": "0903/151957", "correlationVector":"LTjiMowYJ8pj8a2dOrXrlt.2","action":"Commit Response", "result":"Success", "context":Result: Success. cV=LTjiMowYJ8pj8a2dOrXrlt.0;server=akswtt10700003c;cloudType=Consumer;environment=Prod_southindia_prod-s01-004-apac-southindia;migrationStage=NotStarted}
{"logTime": "0903/152038", "correlationVector":"FLj5JePVG1sXmaKx8x4K+f","action":"Commit Request", "result":"", "context":Item count: 40
Contributing types: Passwords}
{"logTime": "0903/152049", "correlationVector":"FLj5JePVG1sXmaKx8x4K+f.1","action":"SyncServerConnectionManagerRequest", "result":"SYNC_SERVER_OK", "context":{"environment":"Prod_southindia_prod-s01-004-apac-southindia", "migrationStage":"NotStarted", "server":"akswtt10700000y"}}
{"logTime": "0903/152049", "correlationVector":"FLj5JePVG1sXmaKx8x4K+f.2","action":"Commit Response", "result":"Success", "context":Result: Success. cV=FLj5JePVG1sXmaKx8x4K+f.0;server=akswtt10700000y;cloudType=Consumer;environment=Prod_southindia_prod-s01-004-apac-southindia;migrationStage=NotStarted}
{"logTime": "0903/152050", "correlationVector":"cZYSPCCaLO7Yg6apna5ml8","action":"Commit Request", "result":"", "context":Item count: 40
Contributing types: Passwords}
{"logTime": "0903/152102", "correlationVector":"cZYSPCCaLO7Yg6apna5ml8.1","action":"SyncServerConnectionManagerRequest", "result":"SYNC_SERVER_OK", "context":{"environment":"Prod_southindia_prod-s01-004-apac-southindia", "migrationStage":"NotStarted", "server":"akswtt10700003j"}}
{"logTime": "0903/152102", "correlationVector":"cZYSPCCaLO7Yg6apna5ml8.2","action":"Commit Response", "result":"Success", "context":Result: Success. cV=cZYSPCCaLO7Yg6apna5ml8.0;server=akswtt10700003j;cloudType=Consumer;environment=Prod_southindia_prod-s01-004-apac-southindia;migrationStage=NotStarted}
{"logTime": "0903/152102", "correlationVector":"EjP+YCjSh40Om8T4BkfIxF","action":"Commit Request", "result":"", "context":Item count: 36
Contributing types: Passwords, Sessions, History}
{"logTime": "0903/152112", "correlationVector":"EjP+YCjSh40Om8T4BkfIxF.1","action":"SyncServerConnectionManagerRequest", "result":"SYNC_SERVER_OK", "context":{"environment":"Prod_southindia_prod-s01-004-apac-southindia", "migrationStage":"NotStarted", "server":"akswtt107000007"}}
{"logTime": "0903/152112", "correlationVector":"EjP+YCjSh40Om8T4BkfIxF.2","action":"Commit Response", "result":"Success", "context":Result: Success. cV=EjP+YCjSh40Om8T4BkfIxF.0;server=akswtt107000007;cloudType=Consumer;environment=Prod_southindia_prod-s01-004-apac-southindia;migrationStage=NotStarted}
{"logTime": "0903/152113", "correlationVector":"uy8OvbBmW1/zgBABVSa8gb","action":"Commit Request", "result":"", "context":Item count: 2
Contributing types: Sessions, History}
{"logTime": "0903/152114", "correlationVector":"uy8OvbBmW1/zgBABVSa8gb.1","action":"SyncServerConnectionManagerRequest", "result":"SYNC_SERVER_OK", "context":{"environment":"Prod_southindia_prod-s01-004-apac-southindia", "migrationStage":"NotStarted", "server":"akswtt10700001c"}}
{"logTime": "0903/152114", "correlationVector":"uy8OvbBmW1/zgBABVSa8gb.2","action":"Commit Response", "result":"Success", "context":Result: Success. cV=uy8OvbBmW1/zgBABVSa8gb.0;server=akswtt10700001c;cloudType=Consumer;environment=Prod_southindia_prod-s01-004-apac-southindia;migrationStage=NotStarted}
{"logTime": "0903/152242", "correlationVector":"AfLYdWm1NUSkFeVJxxGO6p","action":"Normal GetUpdate request", "result":"", "context":cV=AfLYdWm1NUSkFeVJxxGO6p
Notified types: Device Info}
{"logTime": "0903/152243", "correlationVector":"AfLYdWm1NUSkFeVJxxGO6p.1","action":"SyncServerConnectionManagerRequest", "result":"SYNC_SERVER_OK", "context":{"environment":"Prod_southindia_prod-s01-004-apac-southindia", "migrationStage":"NotStarted", "server":"akswtt10700000w"}}
{"logTime": "0903/152243", "correlationVector":"AfLYdWm1NUSkFeVJxxGO6p.2","action":"ProcessGetUpdates", "result":"Done", "context":{"dataType":"Passwords", "deleted":"0", "process_failed_to_decrypt":"0", "process_pending_decryption":"0", "process_success":"111", "total":"111"}}
{"logTime": "0903/152243", "correlationVector":"AfLYdWm1NUSkFeVJxxGO6p.3","action":"ProcessGetUpdates", "result":"Done", "context":{"dataType":"Sessions", "deleted":"0", "process_failed_to_decrypt":"0", "process_pending_decryption":"0", "process_success":"5", "total":"5"}}
{"logTime": "0903/152243", "correlationVector":"AfLYdWm1NUSkFeVJxxGO6p.4","action":"ProcessGetUpdates", "result":"Done", "context":{"dataType":"Device Info", "deleted":"0", "process_failed_to_decrypt":"0", "process_pending_decryption":"0", "process_success":"1", "total":"1"}}
{"logTime": "0903/152243", "correlationVector":"AfLYdWm1NUSkFeVJxxGO6p.5","action":"ProcessGetUpdates", "result":"Done", "context":{"dataType":"History", "deleted":"0", "process_failed_to_decrypt":"0", "process_pending_decryption":"0", "process_success":"4", "total":"4"}}
{"logTime": "0903/152243", "correlationVector":"AfLYdWm1NUSkFeVJxxGO6p.6","action":"GetUpdates Response", "result":"Success", "context":Received 121 update(s). cV=AfLYdWm1NUSkFeVJxxGO6p.0;server=akswtt10700000w;cloudType=Consumer;environment=Prod_southindia_prod-s01-004-apac-southindia;migrationStage=NotStarted}
{"logTime": "0903/152420", "correlationVector":"hfRaZD5qGSzdsvqqCili5W","action":"Normal GetUpdate request", "result":"", "context":cV=hfRaZD5qGSzdsvqqCili5W
Notified types: Device Info, History}
{"logTime": "0903/152421", "correlationVector":"hfRaZD5qGSzdsvqqCili5W.1","action":"SyncServerConnectionManagerRequest", "result":"SYNC_SERVER_OK", "context":{"environment":"Prod_southindia_prod-s01-004-apac-southindia", "migrationStage":"NotStarted", "server":"akswtt107000036"}}
{"logTime": "0903/152421", "correlationVector":"hfRaZD5qGSzdsvqqCili5W.2","action":"ProcessGetUpdates", "result":"Done", "context":{"dataType":"Sessions", "deleted":"0", "process_failed_to_decrypt":"0", "process_pending_decryption":"0", "process_success":"4", "total":"4"}}
{"logTime": "0903/152421", "correlationVector":"hfRaZD5qGSzdsvqqCili5W.3","action":"ProcessGetUpdates", "result":"Done", "context":{"dataType":"Device Info", "deleted":"0", "process_failed_to_decrypt":"0", "process_pending_decryption":"0", "process_success":"1", "total":"1"}}
{"logTime": "0903/152421", "correlationVector":"hfRaZD5qGSzdsvqqCili5W.4","action":"ProcessGetUpdates", "result":"Done", "context":{"dataType":"History", "deleted":"0", "process_failed_to_decrypt":"0", "process_pending_decryption":"0", "process_success":"1", "total":"1"}}
{"logTime": "0903/152421", "correlationVector":"hfRaZD5qGSzdsvqqCili5W.5","action":"GetUpdates Response", "result":"Success", "context":Received 6 update(s). cV=hfRaZD5qGSzdsvqqCili5W.0;server=akswtt107000036;cloudType=Consumer;environment=Prod_southindia_prod-s01-004-apac-southindia;migrationStage=NotStarted}
{"logTime": "0903/152430", "correlationVector":"Tsse79DzWzv8o9CdgHHUqX","action":"Normal GetUpdate request", "result":"", "context":cV=Tsse79DzWzv8o9CdgHHUqX
Notified types: History}
{"logTime": "0903/152430", "correlationVector":"Tsse79DzWzv8o9CdgHHUqX.1","action":"SyncServerConnectionManagerRequest", "result":"SYNC_SERVER_OK", "context":{"environment":"Prod_southindia_prod-s01-004-apac-southindia", "migrationStage":"NotStarted", "server":"akswtt10700000w"}}
{"logTime": "0903/152430", "correlationVector":"Tsse79DzWzv8o9CdgHHUqX.2","action":"ProcessGetUpdates", "result":"Done", "context":{"dataType":"Sessions", "deleted":"0", "process_failed_to_decrypt":"0", "process_pending_decryption":"0", "process_success":"2", "total":"2"}}
{"logTime": "0903/152430", "correlationVector":"Tsse79DzWzv8o9CdgHHUqX.3","action":"ProcessGetUpdates", "result":"Done", "context":{"dataType":"History", "deleted":"0", "process_failed_to_decrypt":"0", "process_pending_decryption":"0", "process_success":"2", "total":"2"}}
{"logTime": "0903/152430", "correlationVector":"Tsse79DzWzv8o9CdgHHUqX.4","action":"GetUpdates Response", "result":"Success", "context":Received 4 update(s). cV=Tsse79DzWzv8o9CdgHHUqX.0;server=akswtt10700000w;cloudType=Consumer;environment=Prod_southindia_prod-s01-004-apac-southindia;migrationStage=NotStarted}
{"logTime": "0903/152441", "correlationVector":"Px+AwVYZs4ccMHgmOJPYJp","action":"Normal GetUpdate request", "result":"", "context":cV=Px+AwVYZs4ccMHgmOJPYJp
Notified types: History}
{"logTime": "0903/152441", "correlationVector":"Px+AwVYZs4ccMHgmOJPYJp.1","action":"SyncServerConnectionManagerRequest", "result":"SYNC_SERVER_OK", "context":{"environment":"Prod_southindia_prod-s01-004-apac-southindia", "migrationStage":"NotStarted", "server":"akswtt10700001d"}}
{"logTime": "0903/152441", "correlationVector":"Px+AwVYZs4ccMHgmOJPYJp.2","action":"ProcessGetUpdates", "result":"Done", "context":{"dataType":"Sessions", "deleted":"0", "process_failed_to_decrypt":"0", "process_pending_decryption":"0", "process_success":"1", "total":"1"}}
{"logTime": "0903/152441", "correlationVector":"Px+AwVYZs4ccMHgmOJPYJp.3","action":"ProcessGetUpdates", "result":"Done", "context":{"dataType":"History", "deleted":"0", "process_failed_to_decrypt":"0", "process_pending_decryption":"0", "process_success":"1", "total":"1"}}
{"logTime": "0903/152442", "correlationVector":"Px+AwVYZs4ccMHgmOJPYJp.4","action":"GetUpdates Response", "result":"Success", "context":Received 2 update(s). cV=Px+AwVYZs4ccMHgmOJPYJp.0;server=akswtt10700001d;cloudType=Consumer;environment=Prod_southindia_prod-s01-004-apac-southindia;migrationStage=NotStarted}
{"logTime": "0903/152510", "correlationVector":"HyiW3C7/Wxrf8aKG1CLLpj","action":"Normal GetUpdate request", "result":"", "context":cV=HyiW3C7/Wxrf8aKG1CLLpj
Notified types: History}
{"logTime": "0903/152511", "correlationVector":"HyiW3C7/Wxrf8aKG1CLLpj.1","action":"SyncServerConnectionManagerRequest", "result":"SYNC_SERVER_OK", "context":{"environment":"Prod_southindia_prod-s01-004-apac-southindia", "migrationStage":"NotStarted", "server":"akswtt107000014"}}
{"logTime": "0903/152511", "correlationVector":"HyiW3C7/Wxrf8aKG1CLLpj.2","action":"ProcessGetUpdates", "result":"Done", "context":{"dataType":"Sessions", "deleted":"0", "process_failed_to_decrypt":"0", "process_pending_decryption":"0", "process_success":"3", "total":"3"}}
{"logTime": "0903/152511", "correlationVector":"HyiW3C7/Wxrf8aKG1CLLpj.3","action":"ProcessGetUpdates", "result":"Done", "context":{"dataType":"History", "deleted":"0", "process_failed_to_decrypt":"0", "process_pending_decryption":"0", "process_success":"2", "total":"2"}}
{"logTime": "0903/152511", "correlationVector":"HyiW3C7/Wxrf8aKG1CLLpj.4","action":"GetUpdates Response", "result":"Success", "context":Received 5 update(s). cV=HyiW3C7/Wxrf8aKG1CLLpj.0;server=akswtt107000014;cloudType=Consumer;environment=Prod_southindia_prod-s01-004-apac-southindia;migrationStage=NotStarted}
{"logTime": "0903/152629", "correlationVector":"YusMgpns+kpzYgOQaZtJd6","action":"Normal GetUpdate request", "result":"", "context":cV=YusMgpns+kpzYgOQaZtJd6
Notified types: Passwords}
{"logTime": "0903/152630", "correlationVector":"YusMgpns+kpzYgOQaZtJd6.1","action":"SyncServerConnectionManagerRequest", "result":"SYNC_SERVER_OK", "context":{"environment":"Prod_southindia_prod-s01-004-apac-southindia", "migrationStage":"NotStarted", "server":"akswtt10700001l"}}
{"logTime": "0903/152630", "correlationVector":"YusMgpns+kpzYgOQaZtJd6.2","action":"ProcessGetUpdates", "result":"Done", "context":{"dataType":"Passwords", "deleted":"0", "process_failed_to_decrypt":"0", "process_pending_decryption":"0", "process_success":"44", "total":"44"}}
{"logTime": "0903/152630", "correlationVector":"YusMgpns+kpzYgOQaZtJd6.3","action":"GetUpdates Response", "result":"Success", "context":Received 44 update(s). cV=YusMgpns+kpzYgOQaZtJd6.0;server=akswtt10700001l;cloudType=Consumer;environment=Prod_southindia_prod-s01-004-apac-southindia;migrationStage=NotStarted}
{"logTime": "0903/152633", "correlationVector":"2kRwXLSVvnDWYGF5+ylVFX","action":"Normal GetUpdate request", "result":"", "context":cV=2kRwXLSVvnDWYGF5+ylVFX
Notified types: Passwords}
{"logTime": "0903/152633", "correlationVector":"2kRwXLSVvnDWYGF5+ylVFX.1","action":"SyncServerConnectionManagerRequest", "result":"SYNC_SERVER_OK", "context":{"environment":"Prod_southindia_prod-s01-004-apac-southindia", "migrationStage":"NotStarted", "server":"akswtt10700000i"}}
{"logTime": "0903/152633", "correlationVector":"2kRwXLSVvnDWYGF5+ylVFX.2","action":"ProcessGetUpdates", "result":"Done", "context":{"dataType":"Passwords", "deleted":"0", "process_failed_to_decrypt":"0", "process_pending_decryption":"0", "process_success":"4", "total":"4"}}
{"logTime": "0903/152633", "correlationVector":"2kRwXLSVvnDWYGF5+ylVFX.3","action":"GetUpdates Response", "result":"Success", "context":Received 4 update(s). cV=2kRwXLSVvnDWYGF5+ylVFX.0;server=akswtt10700000i;cloudType=Consumer;environment=Prod_southindia_prod-s01-004-apac-southindia;migrationStage=NotStarted}
{"logTime": "0903/152635", "correlationVector":"wo5+71V1ZwE6fbV+9jxXHh","action":"Normal GetUpdate request", "result":"", "context":cV=wo5+71V1ZwE6fbV+9jxXHh
Notified types: Passwords}
{"logTime": "0903/152635", "correlationVector":"wo5+71V1ZwE6fbV+9jxXHh.1","action":"SyncServerConnectionManagerRequest", "result":"SYNC_SERVER_OK", "context":{"environment":"Prod_southindia_prod-s01-004-apac-southindia", "migrationStage":"NotStarted", "server":"akswtt10700000t"}}
{"logTime": "0903/152635", "correlationVector":"wo5+71V1ZwE6fbV+9jxXHh.2","action":"ProcessGetUpdates", "result":"Done", "context":{"dataType":"Passwords", "deleted":"0", "process_failed_to_decrypt":"0", "process_pending_decryption":"0", "process_success":"13", "total":"13"}}
{"logTime": "0903/152635", "correlationVector":"wo5+71V1ZwE6fbV+9jxXHh.3","action":"GetUpdates Response", "result":"Success", "context":Received 13 update(s). cV=wo5+71V1ZwE6fbV+9jxXHh.0;server=akswtt10700000t;cloudType=Consumer;environment=Prod_southindia_prod-s01-004-apac-southindia;migrationStage=NotStarted}
{"logTime": "0903/152637", "correlationVector":"GGzJeRBfocPeJrdnFCZWh5","action":"Normal GetUpdate request", "result":"", "context":cV=GGzJeRBfocPeJrdnFCZWh5
Notified types: Passwords}
{"logTime": "0903/152638", "correlationVector":"GGzJeRBfocPeJrdnFCZWh5.1","action":"SyncServerConnectionManagerRequest", "result":"SYNC_SERVER_OK", "context":{"environment":"Prod_southindia_prod-s01-004-apac-southindia", "migrationStage":"NotStarted", "server":"akswtt107000014"}}
{"logTime": "0903/152638", "correlationVector":"GGzJeRBfocPeJrdnFCZWh5.2","action":"ProcessGetUpdates", "result":"Done", "context":{"dataType":"Sessions", "deleted":"0", "process_failed_to_decrypt":"0", "process_pending_decryption":"0", "process_success":"2", "total":"2"}}
{"logTime": "0903/152638", "correlationVector":"GGzJeRBfocPeJrdnFCZWh5.3","action":"ProcessGetUpdates", "result":"Done", "context":{"dataType":"History", "deleted":"0", "process_failed_to_decrypt":"0", "process_pending_decryption":"0", "process_success":"1", "total":"1"}}
{"logTime": "0903/152638", "correlationVector":"GGzJeRBfocPeJrdnFCZWh5.4","action":"GetUpdates Response", "result":"Success", "context":Received 3 update(s). cV=GGzJeRBfocPeJrdnFCZWh5.0;server=akswtt107000014;cloudType=Consumer;environment=Prod_southindia_prod-s01-004-apac-southindia;migrationStage=NotStarted}
{"logTime": "0903/152639", "correlationVector":"mjql/7Umqd5+A11hXA69yO","action":"Normal GetUpdate request", "result":"", "context":cV=mjql/7Umqd5+A11hXA69yO
Notified types: History}
{"logTime": "0903/152639", "correlationVector":"mjql/7Umqd5+A11hXA69yO.1","action":"SyncServerConnectionManagerRequest", "result":"SYNC_SERVER_OK", "context":{"environment":"Prod_southindia_prod-s01-004-apac-southindia", "migrationStage":"NotStarted", "server":"akswtt10700003m"}}
{"logTime": "0903/152639", "correlationVector":"mjql/7Umqd5+A11hXA69yO.2","action":"ProcessGetUpdates", "result":"Done", "context":{"dataType":"Sessions", "deleted":"0", "process_failed_to_decrypt":"0", "process_pending_decryption":"0", "process_success":"2", "total":"2"}}
{"logTime": "0903/152639", "correlationVector":"mjql/7Umqd5+A11hXA69yO.3","action":"ProcessGetUpdates", "result":"Done", "context":{"dataType":"History", "deleted":"0", "process_failed_to_decrypt":"0", "process_pending_decryption":"0", "process_success":"1", "total":"1"}}
{"logTime": "0903/152639", "correlationVector":"mjql/7Umqd5+A11hXA69yO.4","action":"GetUpdates Response", "result":"Success", "context":Received 3 update(s). cV=mjql/7Umqd5+A11hXA69yO.0;server=akswtt10700003m;cloudType=Consumer;environment=Prod_southindia_prod-s01-004-apac-southindia;migrationStage=NotStarted}
{"logTime": "0903/152641", "correlationVector":"FRIwJLnOb5wLdC7O52/yOI","action":"Normal GetUpdate request", "result":"", "context":cV=FRIwJLnOb5wLdC7O52/yOI
Notified types: History}
{"logTime": "0903/152642", "correlationVector":"FRIwJLnOb5wLdC7O52/yOI.1","action":"SyncServerConnectionManagerRequest", "result":"SYNC_SERVER_OK", "context":{"environment":"Prod_southindia_prod-s01-004-apac-southindia", "migrationStage":"NotStarted", "server":"akswtt10700000h"}}
{"logTime": "0903/152642", "correlationVector":"FRIwJLnOb5wLdC7O52/yOI.2","action":"GetUpdates Response", "result":"Success", "context":Received 0 update(s). cV=FRIwJLnOb5wLdC7O52/yOI.0;server=akswtt10700000h;cloudType=Consumer;environment=Prod_southindia_prod-s01-004-apac-southindia;migrationStage=NotStarted}
{"logTime": "0903/152726", "correlationVector":"LlMQsNmpLMeWddiLNW9U49","action":"Normal GetUpdate request", "result":"", "context":cV=LlMQsNmpLMeWddiLNW9U49
Notified types: Passwords}
{"logTime": "0903/152726", "correlationVector":"LlMQsNmpLMeWddiLNW9U49.1","action":"SyncServerConnectionManagerRequest", "result":"SYNC_SERVER_OK", "context":{"environment":"Prod_southindia_prod-s01-004-apac-southindia", "migrationStage":"NotStarted", "server":"akswtt107000031"}}
{"logTime": "0903/152726", "correlationVector":"LlMQsNmpLMeWddiLNW9U49.2","action":"ProcessGetUpdates", "result":"Done", "context":{"dataType":"Passwords", "deleted":"0", "process_failed_to_decrypt":"0", "process_pending_decryption":"0", "process_success":"21", "total":"21"}}
{"logTime": "0903/152726", "correlationVector":"LlMQsNmpLMeWddiLNW9U49.3","action":"GetUpdates Response", "result":"Success", "context":Received 21 update(s). cV=LlMQsNmpLMeWddiLNW9U49.0;server=akswtt107000031;cloudType=Consumer;environment=Prod_southindia_prod-s01-004-apac-southindia;migrationStage=NotStarted}
{"logTime": "0903/152728", "correlationVector":"mhSlYx5Q3kaE06eeRvbxC4","action":"Normal GetUpdate request", "result":"", "context":cV=mhSlYx5Q3kaE06eeRvbxC4
Notified types: History}
{"logTime": "0903/152728", "correlationVector":"mhSlYx5Q3kaE06eeRvbxC4.1","action":"SyncServerConnectionManagerRequest", "result":"SYNC_SERVER_OK", "context":{"environment":"Prod_southindia_prod-s01-004-apac-southindia", "migrationStage":"NotStarted", "server":"akswtt10700000w"}}
{"logTime": "0903/152728", "correlationVector":"mhSlYx5Q3kaE06eeRvbxC4.2","action":"ProcessGetUpdates", "result":"Done", "context":{"dataType":"Sessions", "deleted":"0", "process_failed_to_decrypt":"0", "process_pending_decryption":"0", "process_success":"1", "total":"1"}}
{"logTime": "0903/152728", "correlationVector":"mhSlYx5Q3kaE06eeRvbxC4.3","action":"ProcessGetUpdates", "result":"Done", "context":{"dataType":"History", "deleted":"0", "process_failed_to_decrypt":"0", "process_pending_decryption":"0", "process_success":"2", "total":"2"}}
{"logTime": "0903/152728", "correlationVector":"mhSlYx5Q3kaE06eeRvbxC4.4","action":"GetUpdates Response", "result":"Success", "context":Received 3 update(s). cV=mhSlYx5Q3kaE06eeRvbxC4.0;server=akswtt10700000w;cloudType=Consumer;environment=Prod_southindia_prod-s01-004-apac-southindia;migrationStage=NotStarted}
{"logTime": "0903/152731", "correlationVector":"fbQIdBdCKDLlQHGCkCEATc","action":"Normal GetUpdate request", "result":"", "context":cV=fbQIdBdCKDLlQHGCkCEATc
Notified types: Passwords}
{"logTime": "0903/152732", "correlationVector":"fbQIdBdCKDLlQHGCkCEATc.1","action":"SyncServerConnectionManagerRequest", "result":"SYNC_SERVER_OK", "context":{"environment":"Prod_southindia_prod-s01-004-apac-southindia", "migrationStage":"NotStarted", "server":"akswtt10700003k"}}
{"logTime": "0903/152732", "correlationVector":"fbQIdBdCKDLlQHGCkCEATc.2","action":"GetUpdates Response", "result":"Success", "context":Received 0 update(s). cV=fbQIdBdCKDLlQHGCkCEATc.0;server=akswtt10700003k;cloudType=Consumer;environment=Prod_southindia_prod-s01-004-apac-southindia;migrationStage=NotStarted}
{"logTime": "0903/152743", "correlationVector":"vZuWWn39egVp1RKTyWVclf","action":"Normal GetUpdate request", "result":"", "context":cV=vZuWWn39egVp1RKTyWVclf
Notified types: Passwords}
{"logTime": "0903/152744", "correlationVector":"vZuWWn39egVp1RKTyWVclf.1","action":"SyncServerConnectionManagerRequest", "result":"SYNC_SERVER_OK", "context":{"environment":"Prod_southindia_prod-s01-004-apac-southindia", "migrationStage":"NotStarted", "server":"akswtt10700002v"}}
{"logTime": "0903/152744", "correlationVector":"vZuWWn39egVp1RKTyWVclf.2","action":"ProcessGetUpdates", "result":"Done", "context":{"dataType":"Passwords", "deleted":"0", "process_failed_to_decrypt":"0", "process_pending_decryption":"0", "process_success":"40", "total":"40"}}
{"logTime": "0903/152744", "correlationVector":"vZuWWn39egVp1RKTyWVclf.3","action":"ProcessGetUpdates", "result":"Done", "context":{"dataType":"Sessions", "deleted":"0", "process_failed_to_decrypt":"0", "process_pending_decryption":"0", "process_success":"1", "total":"1"}}
{"logTime": "0903/152744", "correlationVector":"vZuWWn39egVp1RKTyWVclf.4","action":"ProcessGetUpdates", "result":"Done", "context":{"dataType":"History", "deleted":"0", "process_failed_to_decrypt":"0", "process_pending_decryption":"0", "process_success":"2", "total":"2"}}
{"logTime": "0903/152744", "correlationVector":"vZuWWn39egVp1RKTyWVclf.5","action":"GetUpdates Response", "result":"Success", "context":Received 43 update(s). cV=vZuWWn39egVp1RKTyWVclf.0;server=akswtt10700002v;cloudType=Consumer;environment=Prod_southindia_prod-s01-004-apac-southindia;migrationStage=NotStarted}
{"logTime": "0903/152745", "correlationVector":"mqflBh6vz7eeM6dOzZt4ow","action":"Normal GetUpdate request", "result":"", "context":cV=mqflBh6vz7eeM6dOzZt4ow
Notified types: History}
{"logTime": "0903/152746", "correlationVector":"mqflBh6vz7eeM6dOzZt4ow.1","action":"SyncServerConnectionManagerRequest", "result":"SYNC_SERVER_OK", "context":{"environment":"Prod_southindia_prod-s01-004-apac-southindia", "migrationStage":"NotStarted", "server":"akswtt107000008"}}
{"logTime": "0903/152746", "correlationVector":"mqflBh6vz7eeM6dOzZt4ow.2","action":"ProcessGetUpdates", "result":"Done", "context":{"dataType":"Sessions", "deleted":"0", "process_failed_to_decrypt":"0", "process_pending_decryption":"0", "process_success":"1", "total":"1"}}
{"logTime": "0903/152746", "correlationVector":"mqflBh6vz7eeM6dOzZt4ow.3","action":"ProcessGetUpdates", "result":"Done", "context":{"dataType":"History", "deleted":"0", "process_failed_to_decrypt":"0", "process_pending_decryption":"0", "process_success":"2", "total":"2"}}
{"logTime": "0903/152746", "correlationVector":"mqflBh6vz7eeM6dOzZt4ow.4","action":"GetUpdates Response", "result":"Success", "context":Received 3 update(s). cV=mqflBh6vz7eeM6dOzZt4ow.0;server=akswtt107000008;cloudType=Consumer;environment=Prod_southindia_prod-s01-004-apac-southindia;migrationStage=NotStarted}
{"logTime": "0903/152747", "correlationVector":"Vfv2LajEVaiFXrCPiuZGrk","action":"Normal GetUpdate request", "result":"", "context":cV=Vfv2LajEVaiFXrCPiuZGrk
Notified types: History}
{"logTime": "0903/152748", "correlationVector":"Vfv2LajEVaiFXrCPiuZGrk.1","action":"SyncServerConnectionManagerRequest", "result":"SYNC_SERVER_OK", "context":{"environment":"Prod_southindia_prod-s01-004-apac-southindia", "migrationStage":"NotStarted", "server":"akswtt10700002v"}}
{"logTime": "0903/152748", "correlationVector":"Vfv2LajEVaiFXrCPiuZGrk.2","action":"ProcessGetUpdates", "result":"Done", "context":{"dataType":"History", "deleted":"0", "process_failed_to_decrypt":"0", "process_pending_decryption":"0", "process_success":"1", "total":"1"}}
{"logTime": "0903/152748", "correlationVector":"Vfv2LajEVaiFXrCPiuZGrk.3","action":"GetUpdates Response", "result":"Success", "context":Received 1 update(s). cV=Vfv2LajEVaiFXrCPiuZGrk.0;server=akswtt10700002v;cloudType=Consumer;environment=Prod_southindia_prod-s01-004-apac-southindia;migrationStage=NotStarted}
{"logTime": "0903/152847", "correlationVector":"U34/5K56/OvlgFvxUc4bbt","action":"Normal GetUpdate request", "result":"", "context":cV=U34/5K56/OvlgFvxUc4bbt
Notified types: Passwords}
{"logTime": "0903/152848", "correlationVector":"U34/5K56/OvlgFvxUc4bbt.1","action":"SyncServerConnectionManagerRequest", "result":"SYNC_SERVER_OK", "context":{"environment":"Prod_southindia_prod-s01-004-apac-southindia", "migrationStage":"NotStarted", "server":"akswtt10700003c"}}
{"logTime": "0903/152848", "correlationVector":"U34/5K56/OvlgFvxUc4bbt.2","action":"ProcessGetUpdates", "result":"Done", "context":{"dataType":"Passwords", "deleted":"0", "process_failed_to_decrypt":"0", "process_pending_decryption":"0", "process_success":"40", "total":"40"}}
{"logTime": "0903/152848", "correlationVector":"U34/5K56/OvlgFvxUc4bbt.3","action":"GetUpdates Response", "result":"Success", "context":Received 40 update(s). cV=U34/5K56/OvlgFvxUc4bbt.0;server=akswtt10700003c;cloudType=Consumer;environment=Prod_southindia_prod-s01-004-apac-southindia;migrationStage=NotStarted}
{"logTime": "0903/152849", "correlationVector":"sIFIaR3xGnT/J/OEyiggFE","action":"Normal GetUpdate request", "result":"", "context":cV=sIFIaR3xGnT/J/OEyiggFE
Notified types: History}
{"logTime": "0903/152849", "correlationVector":"sIFIaR3xGnT/J/OEyiggFE.1","action":"SyncServerConnectionManagerRequest", "result":"SYNC_SERVER_OK", "context":{"environment":"Prod_southindia_prod-s01-004-apac-southindia", "migrationStage":"NotStarted", "server":"akswtt107000001"}}
{"logTime": "0903/152849", "correlationVector":"sIFIaR3xGnT/J/OEyiggFE.2","action":"ProcessGetUpdates", "result":"Done", "context":{"dataType":"Passwords", "deleted":"0", "process_failed_to_decrypt":"0", "process_pending_decryption":"0", "process_success":"6", "total":"6"}}
{"logTime": "0903/152849", "correlationVector":"sIFIaR3xGnT/J/OEyiggFE.3","action":"ProcessGetUpdates", "result":"Done", "context":{"dataType":"Sessions", "deleted":"0", "process_failed_to_decrypt":"0", "process_pending_decryption":"0", "process_success":"1", "total":"1"}}
{"logTime": "0903/152849", "correlationVector":"sIFIaR3xGnT/J/OEyiggFE.4","action":"ProcessGetUpdates", "result":"Done", "context":{"dataType":"History", "deleted":"0", "process_failed_to_decrypt":"0", "process_pending_decryption":"0", "process_success":"1", "total":"1"}}
{"logTime": "0903/152849", "correlationVector":"sIFIaR3xGnT/J/OEyiggFE.5","action":"GetUpdates Response", "result":"Success", "context":Received 8 update(s). cV=sIFIaR3xGnT/J/OEyiggFE.0;server=akswtt107000001;cloudType=Consumer;environment=Prod_southindia_prod-s01-004-apac-southindia;migrationStage=NotStarted}
{"logTime": "0903/152851", "correlationVector":"IQr52FlZ3MHm0PgWfgy9Xb","action":"Normal GetUpdate request", "result":"", "context":cV=IQr52FlZ3MHm0PgWfgy9Xb
Notified types: History}
{"logTime": "0903/152851", "correlationVector":"IQr52FlZ3MHm0PgWfgy9Xb.1","action":"SyncServerConnectionManagerRequest", "result":"SYNC_SERVER_OK", "context":{"environment":"Prod_southindia_prod-s01-004-apac-southindia", "migrationStage":"NotStarted", "server":"akswtt107000029"}}
{"logTime": "0903/152851", "correlationVector":"IQr52FlZ3MHm0PgWfgy9Xb.2","action":"ProcessGetUpdates", "result":"Done", "context":{"dataType":"Passwords", "deleted":"0", "process_failed_to_decrypt":"0", "process_pending_decryption":"0", "process_success":"7", "total":"7"}}
{"logTime": "0903/152851", "correlationVector":"IQr52FlZ3MHm0PgWfgy9Xb.3","action":"ProcessGetUpdates", "result":"Done", "context":{"dataType":"Sessions", "deleted":"1", "process_failed_to_decrypt":"0", "process_pending_decryption":"0", "process_success":"3", "total":"3"}}
{"logTime": "0903/152851", "correlationVector":"IQr52FlZ3MHm0PgWfgy9Xb.4","action":"ProcessGetUpdates", "result":"Done", "context":{"dataType":"History", "deleted":"0", "process_failed_to_decrypt":"0", "process_pending_decryption":"0", "process_success":"1", "total":"1"}}
{"logTime": "0903/152851", "correlationVector":"IQr52FlZ3MHm0PgWfgy9Xb.5","action":"GetUpdates Response", "result":"Success", "context":Received 11 update(s). cV=IQr52FlZ3MHm0PgWfgy9Xb.0;server=akswtt107000029;cloudType=Consumer;environment=Prod_southindia_prod-s01-004-apac-southindia;migrationStage=NotStarted}
{"logTime": "0903/152854", "correlationVector":"DKi1ECZ2MNq+XuhD92H1pt","action":"Normal GetUpdate request", "result":"", "context":cV=DKi1ECZ2MNq+XuhD92H1pt
Notified types: History}
{"logTime": "0903/152855", "correlationVector":"DKi1ECZ2MNq+XuhD92H1pt.1","action":"SyncServerConnectionManagerRequest", "result":"SYNC_SERVER_OK", "context":{"environment":"Prod_southindia_prod-s01-004-apac-southindia", "migrationStage":"NotStarted", "server":"akswtt10700002v"}}
{"logTime": "0903/152855", "correlationVector":"DKi1ECZ2MNq+XuhD92H1pt.2","action":"ProcessGetUpdates", "result":"Done", "context":{"dataType":"Sessions", "deleted":"0", "process_failed_to_decrypt":"0", "process_pending_decryption":"0", "process_success":"1", "total":"1"}}
{"logTime": "0903/152855", "correlationVector":"DKi1ECZ2MNq+XuhD92H1pt.3","action":"ProcessGetUpdates", "result":"Done", "context":{"dataType":"History", "deleted":"0", "process_failed_to_decrypt":"0", "process_pending_decryption":"0", "process_success":"2", "total":"2"}}
{"logTime": "0903/152855", "correlationVector":"DKi1ECZ2MNq+XuhD92H1pt.4","action":"GetUpdates Response", "result":"Success", "context":Received 3 update(s). cV=DKi1ECZ2MNq+XuhD92H1pt.0;server=akswtt10700002v;cloudType=Consumer;environment=Prod_southindia_prod-s01-004-apac-southindia;migrationStage=NotStarted}
{"logTime": "0903/152858", "correlationVector":"EmwM8LTfSfkm2wYvPWa07F","action":"Normal GetUpdate request", "result":"", "context":cV=EmwM8LTfSfkm2wYvPWa07F
Notified types: Passwords}
{"logTime": "0903/152859", "correlationVector":"EmwM8LTfSfkm2wYvPWa07F.1","action":"SyncServerConnectionManagerRequest", "result":"SYNC_SERVER_OK", "context":{"environment":"Prod_southindia_prod-s01-004-apac-southindia", "migrationStage":"NotStarted", "server":"akswtt10700000i"}}
{"logTime": "0903/152859", "correlationVector":"EmwM8LTfSfkm2wYvPWa07F.2","action":"GetUpdates Response", "result":"Success", "context":Received 0 update(s). cV=EmwM8LTfSfkm2wYvPWa07F.0;server=akswtt10700000i;cloudType=Consumer;environment=Prod_southindia_prod-s01-004-apac-southindia;migrationStage=NotStarted}
{"logTime": "0903/152908", "correlationVector":"C3fVAi6TtBalu0QCkYm2wj","action":"Normal GetUpdate request", "result":"", "context":cV=C3fVAi6TtBalu0QCkYm2wj
Notified types: Passwords, History}
{"logTime": "0903/152909", "correlationVector":"C3fVAi6TtBalu0QCkYm2wj.2","action":"ProcessGetUpdates", "result":"Done", "context":{"dataType":"Passwords", "deleted":"0", "process_failed_to_decrypt":"0", "process_pending_decryption":"0", "process_success":"31", "total":"31"}}
{"logTime": "0903/152909", "correlationVector":"C3fVAi6TtBalu0QCkYm2wj.3","action":"ProcessGetUpdates", "result":"Done", "context":{"dataType":"Sessions", "deleted":"0", "process_failed_to_decrypt":"0", "process_pending_decryption":"0", "process_success":"1", "total":"1"}}
{"logTime": "0903/152909", "correlationVector":"C3fVAi6TtBalu0QCkYm2wj.4","action":"ProcessGetUpdates", "result":"Done", "context":{"dataType":"History", "deleted":"0", "process_failed_to_decrypt":"0", "process_pending_decryption":"0", "process_success":"2", "total":"2"}}
{"logTime": "0903/152909", "correlationVector":"C3fVAi6TtBalu0QCkYm2wj.5","action":"GetUpdates Response", "result":"Success", "context":Received 34 update(s). cV=C3fVAi6TtBalu0QCkYm2wj.0;server=akswtt10700000t;cloudType=Consumer;environment=Prod_southindia_prod-s01-004-apac-southindia;migrationStage=NotStarted}
{"logTime": "0903/152911", "correlationVector":"r4n0ezPG623EPcpsIC6szD","action":"Normal GetUpdate request", "result":"", "context":cV=r4n0ezPG623EPcpsIC6szD
Notified types: History}
{"logTime": "0903/152911", "correlationVector":"r4n0ezPG623EPcpsIC6szD.1","action":"SyncServerConnectionManagerRequest", "result":"SYNC_SERVER_OK", "context":{"environment":"Prod_southindia_prod-s01-004-apac-southindia", "migrationStage":"NotStarted", "server":"akswtt10700003m"}}
{"logTime": "0903/152911", "correlationVector":"r4n0ezPG623EPcpsIC6szD.2","action":"ProcessGetUpdates", "result":"Done", "context":{"dataType":"Sessions", "deleted":"0", "process_failed_to_decrypt":"0", "process_pending_decryption":"0", "process_success":"2", "total":"2"}}
{"logTime": "0903/152911", "correlationVector":"r4n0ezPG623EPcpsIC6szD.3","action":"ProcessGetUpdates", "result":"Done", "context":{"dataType":"History", "deleted":"0", "process_failed_to_decrypt":"0", "process_pending_decryption":"0", "process_success":"1", "total":"1"}}
{"logTime": "0903/152911", "correlationVector":"r4n0ezPG623EPcpsIC6szD.4","action":"GetUpdates Response", "result":"Success", "context":Received 3 update(s). cV=r4n0ezPG623EPcpsIC6szD.0;server=akswtt10700003m;cloudType=Consumer;environment=Prod_southindia_prod-s01-004-apac-southindia;migrationStage=NotStarted}
{"logTime": "0903/152947", "correlationVector":"LpQBXkQGHcPYPvADzIOk7w","action":"Normal GetUpdate request", "result":"", "context":cV=LpQBXkQGHcPYPvADzIOk7w
Notified types: Passwords}
{"logTime": "0903/152948", "correlationVector":"LpQBXkQGHcPYPvADzIOk7w.1","action":"SyncServerConnectionManagerRequest", "result":"SYNC_SERVER_OK", "context":{"environment":"Prod_southindia_prod-s01-004-apac-southindia", "migrationStage":"NotStarted", "server":"akswtt107000006"}}
{"logTime": "0903/152948", "correlationVector":"LpQBXkQGHcPYPvADzIOk7w.2","action":"ProcessGetUpdates", "result":"Done", "context":{"dataType":"Passwords", "deleted":"0", "process_failed_to_decrypt":"0", "process_pending_decryption":"0", "process_success":"34", "total":"34"}}
{"logTime": "0903/152948", "correlationVector":"LpQBXkQGHcPYPvADzIOk7w.3","action":"GetUpdates Response", "result":"Success", "context":Received 34 update(s). cV=LpQBXkQGHcPYPvADzIOk7w.0;server=akswtt107000006;cloudType=Consumer;environment=Prod_southindia_prod-s01-004-apac-southindia;migrationStage=NotStarted}
{"logTime": "0903/153055", "correlationVector":"MYRaUGeOa7O/RRX7iD7kBs","action":"Normal GetUpdate request", "result":"", "context":cV=MYRaUGeOa7O/RRX7iD7kBs
Nudged types: Sessions, History
Notified types: History}
{"logTime": "0903/153056", "correlationVector":"MYRaUGeOa7O/RRX7iD7kBs.1","action":"SyncServerConnectionManagerRequest", "result":"SYNC_SERVER_OK", "context":{"environment":"Prod_southindia_prod-s01-004-apac-southindia", "migrationStage":"NotStarted", "server":"akswtt107000031"}}
{"logTime": "0903/153056", "correlationVector":"MYRaUGeOa7O/RRX7iD7kBs.2","action":"ProcessGetUpdates", "result":"Done", "context":{"dataType":"Sessions", "deleted":"0", "process_failed_to_decrypt":"0", "process_pending_decryption":"0", "process_success":"2", "total":"2"}}
{"logTime": "0903/153056", "correlationVector":"MYRaUGeOa7O/RRX7iD7kBs.3","action":"ProcessGetUpdates", "result":"Done", "context":{"dataType":"History", "deleted":"0", "process_failed_to_decrypt":"0", "process_pending_decryption":"0", "process_success":"4", "total":"4"}}
{"logTime": "0903/153056", "correlationVector":"MYRaUGeOa7O/RRX7iD7kBs.4","action":"GetUpdates Response", "result":"Success", "context":Received 6 update(s). cV=MYRaUGeOa7O/RRX7iD7kBs.0;server=akswtt107000031;cloudType=Consumer;environment=Prod_southindia_prod-s01-004-apac-southindia;migrationStage=NotStarted}
{"logTime": "0903/153057", "correlationVector":"nvVGh9AEa7+uCvyGOUsIuW","action":"Commit Request", "result":"", "context":Item count: 4
Contributing types: Sessions, History}
{"logTime": "0903/153058", "correlationVector":"nvVGh9AEa7+uCvyGOUsIuW.1","action":"SyncServerConnectionManagerRequest", "result":"SYNC_SERVER_OK", "context":{"environment":"Prod_southindia_prod-s01-004-apac-southindia", "migrationStage":"NotStarted", "server":"akswtt10700003j"}}
{"logTime": "0903/153058", "correlationVector":"nvVGh9AEa7+uCvyGOUsIuW.2","action":"Commit Response", "result":"Success", "context":Result: Success. cV=nvVGh9AEa7+uCvyGOUsIuW.0;server=akswtt10700003j;cloudType=Consumer;environment=Prod_southindia_prod-s01-004-apac-southindia;migrationStage=NotStarted}
{"logTime": "0903/153058", "correlationVector":"nvVGh9AEa7+uCvyGOUsIuW.3","action":"Commit.Sessions", "result":"Success", "context":{"id":"3cfd5c3d-85b4-42bc-ad51-aaa484921e4c", "isDeleted":"true", "size":"0", "version":"1788448803272"}}
{"logTime": "0903/153059", "correlationVector":"L+V16TJ4XTeOL6U5bu74DI","action":"Normal GetUpdate request", "result":"", "context":cV=L+V16TJ4XTeOL6U5bu74DI
Nudged types: Sessions, History
Notified types: History}
{"logTime": "0903/153059", "correlationVector":"L+V16TJ4XTeOL6U5bu74DI.1","action":"SyncServerConnectionManagerRequest", "result":"SYNC_SERVER_OK", "context":{"environment":"Prod_southindia_prod-s01-004-apac-southindia", "migrationStage":"NotStarted", "server":"akswtt10700000z"}}
{"logTime": "0903/153059", "correlationVector":"L+V16TJ4XTeOL6U5bu74DI.2","action":"ProcessGetUpdates", "result":"Done", "context":{"dataType":"Sessions", "deleted":"1", "process_failed_to_decrypt":"0", "process_pending_decryption":"0", "process_success":"3", "total":"3"}}
{"logTime": "0903/153059", "correlationVector":"L+V16TJ4XTeOL6U5bu74DI.3","action":"ProcessGetUpdates", "result":"Done", "context":{"dataType":"History", "deleted":"0", "process_failed_to_decrypt":"0", "process_pending_decryption":"0", "process_success":"1", "total":"1"}}
{"logTime": "0903/153059", "correlationVector":"L+V16TJ4XTeOL6U5bu74DI.4","action":"GetUpdates Response", "result":"Success", "context":Received 4 update(s). cV=L+V16TJ4XTeOL6U5bu74DI.0;server=akswtt10700000z;cloudType=Consumer;environment=Prod_southindia_prod-s01-004-apac-southindia;migrationStage=NotStarted}
