{"logTime": "0903/151754", "correlationVector":"wPXFcVc6JpwT1h4wMtfZfV.1","action":"SyncServerConnectionManagerRequest", "result":"SYNC_SERVER_OK", "context":{"environment":"Prod_southindia_prod-s01-004-apac-southindia", "migrationStage":"NotStarted", "server":"akswtt107000025"}}
{"logTime": "0903/151754", "correlationVector":"wPXFcVc6JpwT1h4wMtfZfV.2","action":"ProcessGetUpdates", "result":"Done", "context":{"dataType":"Encryption Keys", "deleted":"0", "process_failed_to_decrypt":"0", "process_pending_decryption":"0", "process_success":"1", "total":"1"}}
{"logTime": "0903/151755", "correlationVector":"T1jr6xYDg6RV2Sk5Ur3U0b","action":"SyncServerConnectionManagerRequest", "result":"SYNC_SERVER_OK", "context":{"environment":"", "migrationStage":"", "server":""}}
{"logTime": "0903/151755", "correlationVector":"T1jr6xYDg6RV2Sk5Ur3U0b.0","action":"EncryptionKeysFetcher.DownloadKeys:", "result":"Success", "context":Key count: 10, Last key timestamp: 2026-07-24T13:34:16Z}
{"logTime": "0903/151755", "correlationVector":"T1jr6xYDg6RV2Sk5Ur3U0b.1","action":"EncryptionKeysManager::SetEncryptionKeys:", "result":"Success", "context":Key names[10]:[uc6Gm22WegGTqjl9C3sED0kLk8mn/D+JUNl38WX+pwqF8S1remztN90oguW/+w6hZzJSiMa39Qextb/1K+2+PA==][km3GlgyyVXmk+N0ZS/Yo92KlsfNdODRNuRAMsPtdLZvkAQsh81caALVWMKxHhHWBgBRuN5o5G6OMZivbSw/jZQ==][s8ek65JsKsfR2UbSztQ9a9osfhAmz/GdhqUf9rK8CVyrQrub/imvB44yMDxKyt7i9NsVs5IL4VsiXtsx2K12eg==][FVyGx7qtdKnPjhfm0sXZF6SadPtOjuJaV0thCg7s3orxts7EoUDU7PHhzvjtUpvKNM3q9dnfZE5tLErYhjYIgw==][Flg0uikwr+IyuXxcc+6ZqFJULOhq9TIWNn/+LfRNQbt0R1JVAFt4Kl0bYdDfCb6HDaMDWxjNR1mCTEu+nDzW5A==][yD6xuT0JJmYH17bkqYHsp3DcVQPUjVO72nSby3LoZkqcS07WfIf7DvpluDL8vKWpEhM7lp9os0GFUpcGEI3RoA==][AX0pUMDnrAWCS2MtdUQJ4X6TmISvWK/jQnluC7NUU5C5npWwlYqXTH+WDYzSdHYkM22Ce6DzU3Tro5utcgB+/A==][4cw2xlKMCcH30rGLorBBiT+hU2LvOlGF3YuOIjxCPtfDX63giVPdaP1d9V8QkVDacz7gA56ySt3eGbVdsI916Q==][I7lDXthXgjzhXwwks4hxbvXd3/x2jBhmvzTVN/ttfteFCUx2pP0seNr6swqXj6c0GU0ExqF6mOp/RaAcEncjjg==][Fq4kuqULR0gK0T6au6nwmQPIP054cdc49l2/ewrFLF7hZpjkMsCXk3dbErSkaovB7BRpdJiPbV78BAMQxF4hGA==]}
{"logTime": "0903/151755", "correlationVector":"T1jr6xYDg6RV2Sk5Ur3U0b.2","action":"EncryptionKeysManager::SetEncryptionKeysWithTimestamps:", "result":"Success", "context":Key timestamps[10]:[2024-03-02T02:31:48Z][2024-03-07T16:11:21Z][2024-04-05T16:43:10Z][2024-06-20T06:25:06Z][2024-07-17T12:17:33Z][2025-03-13T15:14:32Z][2025-03-18T02:41:59Z][2025-09-28T05:37:51Z][2026-01-25T07:23:07Z][2026-07-24T13:34:16Z]}
{"logTime": "0903/151755", "correlationVector":"wPXFcVc6JpwT1h4wMtfZfV","action":"Initial GetUpdates", "result":"", "context":Reason: NEW_CLIENT. cV=wPXFcVc6JpwT1h4wMtfZfV}
{"logTime": "0903/151755", "correlationVector":"wPXFcVc6JpwT1h4wMtfZfV.3","action":"GetUpdates Response", "result":"Success", "context":Received 1 update(s). cV=wPXFcVc6JpwT1h4wMtfZfV.0;server=akswtt107000025;cloudType=Consumer;environment=Prod_southindia_prod-s01-004-apac-southindia;migrationStage=NotStarted}
{"logTime": "0903/151755", "correlationVector":"pFXzk/jaI5Bo4N2qPk4eoM","action":"Initial GetUpdates", "result":"", "context":Reason: NEWLY_SUPPORTED_DATATYPE. cV=pFXzk/jaI5Bo4N2qPk4eoM}
{"logTime": "0903/151756", "correlationVector":"pFXzk/jaI5Bo4N2qPk4eoM.1","action":"SyncServerConnectionManagerRequest", "result":"SYNC_SERVER_OK", "context":{"environment":"Prod_southindia_prod-s01-004-apac-southindia", "migrationStage":"NotStarted", "server":"akswtt10700001a"}}
{"logTime": "0903/151756", "correlationVector":"pFXzk/jaI5Bo4N2qPk4eoM.2","action":"ProcessGetUpdates", "result":"Done", "context":{"dataType":"Passwords", "deleted":"0", "process_failed_to_decrypt":"0", "process_pending_decryption":"0", "process_success":"132", "total":"132"}}
{"logTime": "0903/151756", "correlationVector":"pFXzk/jaI5Bo4N2qPk4eoM.3","action":"ProcessGetUpdates", "result":"Done", "context":{"dataType":"Device Info", "deleted":"0", "process_failed_to_decrypt":"0", "process_pending_decryption":"0", "process_success":"13", "total":"13"}}
{"logTime": "0903/151756", "correlationVector":"pFXzk/jaI5Bo4N2qPk4eoM.4","action":"GetUpdates Response", "result":"Success", "context":Received 145 update(s). cV=pFXzk/jaI5Bo4N2qPk4eoM.0;server=akswtt10700001a;cloudType=Consumer;environment=Prod_southindia_prod-s01-004-apac-southindia;migrationStage=NotStarted}
{"logTime": "0903/151756", "correlationVector":"tB5yw5E3vuehZpHS/gD93Y","action":"Initial GetUpdates", "result":"", "context":Reason: NEWLY_SUPPORTED_DATATYPE. cV=tB5yw5E3vuehZpHS/gD93Y}
{"logTime": "0903/151758", "correlationVector":"tB5yw5E3vuehZpHS/gD93Y.1","action":"SyncServerConnectionManagerRequest", "result":"SYNC_SERVER_OK", "context":{"environment":"Prod_southindia_prod-s01-004-apac-southindia", "migrationStage":"NotStarted", "server":"akswtt10700001t"}}
{"logTime": "0903/151758", "correlationVector":"tB5yw5E3vuehZpHS/gD93Y.2","action":"ProcessGetUpdates", "result":"Done", "context":{"dataType":"Bookmarks", "deleted":"0", "process_failed_to_decrypt":"0", "process_pending_decryption":"0", "process_success":"10", "total":"10"}}
{"logTime": "0903/151758", "correlationVector":"tB5yw5E3vuehZpHS/gD93Y.3","action":"ProcessGetUpdates", "result":"Done", "context":{"dataType":"Preferences", "deleted":"0", "process_failed_to_decrypt":"0", "process_pending_decryption":"0", "process_success":"70", "total":"70"}}
{"logTime": "0903/151758", "correlationVector":"tB5yw5E3vuehZpHS/gD93Y.4","action":"ProcessGetUpdates", "result":"Done", "context":{"dataType":"Autofill", "deleted":"0", "process_failed_to_decrypt":"0", "process_pending_decryption":"0", "process_success":"14", "total":"14"}}
{"logTime": "0903/151758", "correlationVector":"tB5yw5E3vuehZpHS/gD93Y.5","action":"ProcessGetUpdates", "result":"Done", "context":{"dataType":"Extensions", "deleted":"0", "process_failed_to_decrypt":"0", "process_pending_decryption":"0", "process_success":"5", "total":"5"}}
{"logTime": "0903/151758", "correlationVector":"tB5yw5E3vuehZpHS/gD93Y.6","action":"ProcessGetUpdates", "result":"Done", "context":{"dataType":"Sessions", "deleted":"12", "process_failed_to_decrypt":"0", "process_pending_decryption":"0", "process_success":"19", "total":"19"}}
{"logTime": "0903/151758", "correlationVector":"tB5yw5E3vuehZpHS/gD93Y.7","action":"GetUpdates Response", "result":"Success", "context":Received 118 update(s). cV=tB5yw5E3vuehZpHS/gD93Y.0;server=akswtt10700001t;cloudType=Consumer;environment=Prod_southindia_prod-s01-004-apac-southindia;migrationStage=NotStarted}
{"logTime": "0903/151758", "correlationVector":"J19EKy5ARLWFgsfdcAFNi1","action":"Initial GetUpdates", "result":"", "context":Reason: NEWLY_SUPPORTED_DATATYPE. cV=J19EKy5ARLWFgsfdcAFNi1}
{"logTime": "0903/151758", "correlationVector":"J19EKy5ARLWFgsfdcAFNi1.1","action":"SyncServerConnectionManagerRequest", "result":"SYNC_SERVER_OK", "context":{"environment":"Prod_southindia_prod-s01-004-apac-southindia", "migrationStage":"NotStarted", "server":"akswtt10700001a"}}
{"logTime": "0903/151758", "correlationVector":"J19EKy5ARLWFgsfdcAFNi1.2","action":"ProcessGetUpdates", "result":"Done", "context":{"dataType":"History", "deleted":"0", "process_failed_to_decrypt":"0", "process_pending_decryption":"0", "process_success":"15", "total":"15"}}
{"logTime": "0903/151758", "correlationVector":"J19EKy5ARLWFgsfdcAFNi1.3","action":"GetUpdates Response", "result":"Success", "context":Received 15 update(s). cV=J19EKy5ARLWFgsfdcAFNi1.0;server=akswtt10700001a;cloudType=Consumer;environment=Prod_southindia_prod-s01-004-apac-southindia;migrationStage=NotStarted}
{"logTime": "0903/151758", "correlationVector":"WiEtlGI8tdP0wmske9utpg","action":"Normal GetUpdate request", "result":"", "context":cV=WiEtlGI8tdP0wmske9utpg
Nudged types: Sessions, Device Info, User Consents
Refresh requested types: Bookmarks, Preferences, Passwords, Autofill Profiles, Autofill, Extensions, Sessions, Extension settings, History Delete Directives, Device Info, User Consents, Send Tab To Self, Web Apps, History, Saved Tab Group, WebAuthn Credentials, Edge Hub App Usage, Edge Workspace, Encryption Keys}
{"logTime": "0903/151800", "correlationVector":"WiEtlGI8tdP0wmske9utpg.1","action":"SyncServerConnectionManagerRequest", "result":"SYNC_SERVER_OK", "context":{"environment":"Prod_southindia_prod-s01-004-apac-southindia", "migrationStage":"NotStarted", "server":"akswtt10700003a"}}
{"logTime": "0903/151800", "correlationVector":"WiEtlGI8tdP0wmske9utpg.2","action":"GetUpdates Response", "result":"Success", "context":Received 0 update(s). cV=WiEtlGI8tdP0wmske9utpg.0;server=akswtt10700003a;cloudType=Consumer;environment=Prod_southindia_prod-s01-004-apac-southindia;migrationStage=NotStarted}
{"logTime": "0903/151801", "correlationVector":"u7036jr7jWvTqJyfN82Ug/","action":"DoCompareDataConsistency requsted types: ", "result":"Bookmarks, Preferences, Passwords, Extensions, Extension settings, History Delete Directives, Send Tab To Self, Web Apps, History, Saved Tab Group, WebAuthn Credentials, Edge Workspace, Encryption Keys"}
{"logTime": "0903/151801", "correlationVector":"u7036jr7jWvTqJyfN82Ug/.0","action":"CompareDataConsistency result: ", "result":"Compare result: Encryption Keys is consistent. local entities count is: 1 local entities hash is: uwZcdIvcO6dtwSxHuP29ZVsIDJc="}
{"logTime": "0903/151801", "correlationVector":"u7036jr7jWvTqJyfN82Ug/.1","action":"CompareDataConsistency result: ", "result":"Compare result: Bookmarks is consistent. local entities count is: 4 local entities hash is: eMLi1iBqjs7glT/cOx3X4kmAqi0="}
{"logTime": "0903/151801", "correlationVector":"u7036jr7jWvTqJyfN82Ug/.2","action":"CompareDataConsistency result: ", "result":"Compare result: Preferences is consistent. local entities count is: 70 local entities hash is: /YW7n2Gi2ibAtsydmxKYa203xz0="}
{"logTime": "0903/151801", "correlationVector":"u7036jr7jWvTqJyfN82Ug/.3","action":"CompareDataConsistency result: ", "result":"Compare result: Extensions is consistent. local entities count is: 5 local entities hash is: fb29WUW4yEJda9qmzcO8JRRq7OE="}
{"logTime": "0903/151801", "correlationVector":"u7036jr7jWvTqJyfN82Ug/.4","action":"CompareDataConsistency result: ", "result":"Compare result: Extension settings is consistent. local entities count is: 0 local entities hash is: "}
{"logTime": "0903/151801", "correlationVector":"u7036jr7jWvTqJyfN82Ug/.5","action":"CompareDataConsistency result: ", "result":"Compare result: History Delete Directives is consistent. local entities count is: 0 local entities hash is: "}
{"logTime": "0903/151801", "correlationVector":"u7036jr7jWvTqJyfN82Ug/.6","action":"CompareDataConsistency result: ", "result":"Server did not send this Send Tab To Self local entities count is: 0 local entities hash is: "}
{"logTime": "0903/151801", "correlationVector":"u7036jr7jWvTqJyfN82Ug/.7","action":"CompareDataConsistency result: ", "result":"Compare result: Web Apps is consistent. local entities count is: 0 local entities hash is: "}
{"logTime": "0903/151801", "correlationVector":"u7036jr7jWvTqJyfN82Ug/.8","action":"CompareDataConsistency result: ", "result":"Server did not send this History local entities count is: 0 local entities hash is: "}
{"logTime": "0903/151801", "correlationVector":"u7036jr7jWvTqJyfN82Ug/.9","action":"CompareDataConsistency result: ", "result":"Compare result: Saved Tab Group is consistent. local entities count is: 0 local entities hash is: "}
{"logTime": "0903/151801", "correlationVector":"u7036jr7jWvTqJyfN82Ug/.10","action":"CompareDataConsistency result: ", "result":"Server did not send this WebAuthn Credentials local entities count is: 0 local entities hash is: "}
{"logTime": "0903/151801", "correlationVector":"u7036jr7jWvTqJyfN82Ug/.11","action":"CompareDataConsistency result: ", "result":"Server did not send this Edge Workspace local entities count is: 0 local entities hash is: "}
{"logTime": "0903/151801", "correlationVector":"u7036jr7jWvTqJyfN82Ug/.12","action":"CompareDataConsistency result: ", "result":"Compare result: Passwords is consistent. local entities count is: 132 local entities hash is: hssWGAdmKwSC3CrU09X/5ReJLiI="}
{"logTime": "0903/151801", "correlationVector":"PKxIk7wJgiSr9xs69mwC3U","action":"Commit Request", "result":"", "context":Item count: 4
Contributing types: Sessions, Device Info, User Consents}
{"logTime": "0903/151803", "correlationVector":"PKxIk7wJgiSr9xs69mwC3U.1","action":"SyncServerConnectionManagerRequest", "result":"SYNC_SERVER_OK", "context":{"environment":"Prod_southindia_prod-s01-004-apac-southindia", "migrationStage":"NotStarted", "server":"akswtt107000014"}}
{"logTime": "0903/151803", "correlationVector":"PKxIk7wJgiSr9xs69mwC3U.2","action":"Commit Response", "result":"Success", "context":Result: Success. cV=PKxIk7wJgiSr9xs69mwC3U.0;server=akswtt107000014;cloudType=Consumer;environment=Prod_southindia_prod-s01-004-apac-southindia;migrationStage=NotStarted}
{"logTime": "0903/151803", "correlationVector":"","action":"DIAGNOSTIC_REQUEST|v1/diagnosticData/Diagnostic.SendCheckResult()|SUCCESS", "result":""}
{"logTime": "0903/151910", "correlationVector":"bFdeSmE3HZO+49A4kwH8y+","action":"Commit Request", "result":"", "context":Item count: 40
Contributing types: Passwords}
{"logTime": "0903/151921", "correlationVector":"bFdeSmE3HZO+49A4kwH8y+.1","action":"SyncServerConnectionManagerRequest", "result":"SYNC_SERVER_OK", "context":{"environment":"Prod_southindia_prod-s01-004-apac-southindia", "migrationStage":"NotStarted", "server":"akswtt107000001"}}
{"logTime": "0903/151921", "correlationVector":"bFdeSmE3HZO+49A4kwH8y+.2","action":"Commit Response", "result":"Success", "context":Result: Success. cV=bFdeSmE3HZO+49A4kwH8y+.0;server=akswtt107000001;cloudType=Consumer;environment=Prod_southindia_prod-s01-004-apac-southindia;migrationStage=NotStarted}
{"logTime": "0903/151922", "correlationVector":"Yh8899jnfCxJmkpBuDBUip","action":"Commit Request", "result":"", "context":Item count: 40
Contributing types: Passwords}
{"logTime": "0903/151934", "correlationVector":"Yh8899jnfCxJmkpBuDBUip.1","action":"SyncServerConnectionManagerRequest", "result":"SYNC_SERVER_OK", "context":{"environment":"Prod_southindia_prod-s01-004-apac-southindia", "migrationStage":"NotStarted", "server":"akswtt107000033"}}
{"logTime": "0903/151934", "correlationVector":"Yh8899jnfCxJmkpBuDBUip.2","action":"Commit Response", "result":"Success", "context":Result: Success. cV=Yh8899jnfCxJmkpBuDBUip.0;server=akswtt107000033;cloudType=Consumer;environment=Prod_southindia_prod-s01-004-apac-southindia;migrationStage=NotStarted}
{"logTime": "0903/151935", "correlationVector":"LfZYywa/dNzPI2FHkP5+7c","action":"Commit Request", "result":"", "context":Item count: 38
Contributing types: Passwords, Sessions, History}
{"logTime": "0903/151946", "correlationVector":"LfZYywa/dNzPI2FHkP5+7c.1","action":"SyncServerConnectionManagerRequest", "result":"SYNC_SERVER_OK", "context":{"environment":"Prod_southindia_prod-s01-004-apac-southindia", "migrationStage":"NotStarted", "server":"akswtt10700001a"}}
{"logTime": "0903/151946", "correlationVector":"LfZYywa/dNzPI2FHkP5+7c.2","action":"Commit Response", "result":"Success", "context":Result: Success. cV=LfZYywa/dNzPI2FHkP5+7c.0;server=akswtt10700001a;cloudType=Consumer;environment=Prod_southindia_prod-s01-004-apac-southindia;migrationStage=NotStarted}
{"logTime": "0903/151947", "correlationVector":"PEA4Y/aUDlEuvV09WAqH2y","action":"Normal GetUpdate request", "result":"", "context":cV=PEA4Y/aUDlEuvV09WAqH2y
Nudged types: Passwords
Notified types: Device Info}
{"logTime": "0903/151948", "correlationVector":"PEA4Y/aUDlEuvV09WAqH2y.1","action":"SyncServerConnectionManagerRequest", "result":"SYNC_SERVER_OK", "context":{"environment":"Prod_southindia_prod-s01-004-apac-southindia", "migrationStage":"NotStarted", "server":"akswtt10700002u"}}
{"logTime": "0903/151948", "correlationVector":"PEA4Y/aUDlEuvV09WAqH2y.2","action":"ProcessGetUpdates", "result":"Done", "context":{"dataType":"Passwords", "deleted":"0", "process_failed_to_decrypt":"0", "process_pending_decryption":"0", "process_success":"111", "total":"111"}}
{"logTime": "0903/151948", "correlationVector":"PEA4Y/aUDlEuvV09WAqH2y.3","action":"ProcessGetUpdates", "result":"Done", "context":{"dataType":"Sessions", "deleted":"0", "process_failed_to_decrypt":"0", "process_pending_decryption":"0", "process_success":"6", "total":"6"}}
{"logTime": "0903/151948", "correlationVector":"PEA4Y/aUDlEuvV09WAqH2y.4","action":"ProcessGetUpdates", "result":"Done", "context":{"dataType":"Device Info", "deleted":"0", "process_failed_to_decrypt":"0", "process_pending_decryption":"0", "process_success":"2", "total":"2"}}
{"logTime": "0903/151948", "correlationVector":"PEA4Y/aUDlEuvV09WAqH2y.5","action":"ProcessGetUpdates", "result":"Done", "context":{"dataType":"History", "deleted":"0", "process_failed_to_decrypt":"0", "process_pending_decryption":"0", "process_success":"4", "total":"4"}}
{"logTime": "0903/151948", "correlationVector":"PEA4Y/aUDlEuvV09WAqH2y.6","action":"GetUpdates Response", "result":"Success", "context":Received 123 update(s). cV=PEA4Y/aUDlEuvV09WAqH2y.0;server=akswtt10700002u;cloudType=Consumer;environment=Prod_southindia_prod-s01-004-apac-southindia;migrationStage=NotStarted}
{"logTime": "0903/151958", "correlationVector":"OUsdopS6pcRrScIkeAqdEF","action":"Normal GetUpdate request", "result":"", "context":cV=OUsdopS6pcRrScIkeAqdEF
Notified types: History}
{"logTime": "0903/151958", "correlationVector":"OUsdopS6pcRrScIkeAqdEF.1","action":"SyncServerConnectionManagerRequest", "result":"SYNC_SERVER_OK", "context":{"environment":"Prod_southindia_prod-s01-004-apac-southindia", "migrationStage":"NotStarted", "server":"akswtt10700000j"}}
{"logTime": "0903/151958", "correlationVector":"OUsdopS6pcRrScIkeAqdEF.2","action":"ProcessGetUpdates", "result":"Done", "context":{"dataType":"Sessions", "deleted":"0", "process_failed_to_decrypt":"0", "process_pending_decryption":"0", "process_success":"2", "total":"2"}}
{"logTime": "0903/151958", "correlationVector":"OUsdopS6pcRrScIkeAqdEF.3","action":"ProcessGetUpdates", "result":"Done", "context":{"dataType":"History", "deleted":"0", "process_failed_to_decrypt":"0", "process_pending_decryption":"0", "process_success":"1", "total":"1"}}
{"logTime": "0903/151958", "correlationVector":"OUsdopS6pcRrScIkeAqdEF.4","action":"GetUpdates Response", "result":"Success", "context":Received 3 update(s). cV=OUsdopS6pcRrScIkeAqdEF.0;server=akswtt10700000j;cloudType=Consumer;environment=Prod_southindia_prod-s01-004-apac-southindia;migrationStage=NotStarted}
{"logTime": "0903/152050", "correlationVector":"rwyCNGNvkNHSmGgokTDhRk","action":"Normal GetUpdate request", "result":"", "context":cV=rwyCNGNvkNHSmGgokTDhRk
Notified types: Passwords}
{"logTime": "0903/152050", "correlationVector":"rwyCNGNvkNHSmGgokTDhRk.1","action":"SyncServerConnectionManagerRequest", "result":"SYNC_SERVER_OK", "context":{"environment":"Prod_southindia_prod-s01-004-apac-southindia", "migrationStage":"NotStarted", "server":"akswtt107000003"}}
{"logTime": "0903/152050", "correlationVector":"rwyCNGNvkNHSmGgokTDhRk.2","action":"ProcessGetUpdates", "result":"Done", "context":{"dataType":"Passwords", "deleted":"0", "process_failed_to_decrypt":"0", "process_pending_decryption":"0", "process_success":"40", "total":"40"}}
{"logTime": "0903/152050", "correlationVector":"rwyCNGNvkNHSmGgokTDhRk.3","action":"GetUpdates Response", "result":"Success", "context":Received 40 update(s). cV=rwyCNGNvkNHSmGgokTDhRk.0;server=akswtt107000003;cloudType=Consumer;environment=Prod_southindia_prod-s01-004-apac-southindia;migrationStage=NotStarted}
{"logTime": "0903/152102", "correlationVector":"esT8EyLqUoMSpJeFRoYJl4","action":"Normal GetUpdate request", "result":"", "context":cV=esT8EyLqUoMSpJeFRoYJl4
Notified types: Passwords}
{"logTime": "0903/152103", "correlationVector":"esT8EyLqUoMSpJeFRoYJl4.1","action":"SyncServerConnectionManagerRequest", "result":"SYNC_SERVER_OK", "context":{"environment":"Prod_southindia_prod-s01-004-apac-southindia", "migrationStage":"NotStarted", "server":"akswtt10700001d"}}
{"logTime": "0903/152103", "correlationVector":"esT8EyLqUoMSpJeFRoYJl4.2","action":"ProcessGetUpdates", "result":"Done", "context":{"dataType":"Passwords", "deleted":"0", "process_failed_to_decrypt":"0", "process_pending_decryption":"0", "process_success":"40", "total":"40"}}
{"logTime": "0903/152103", "correlationVector":"esT8EyLqUoMSpJeFRoYJl4.3","action":"GetUpdates Response", "result":"Success", "context":Received 40 update(s). cV=esT8EyLqUoMSpJeFRoYJl4.0;server=akswtt10700001d;cloudType=Consumer;environment=Prod_southindia_prod-s01-004-apac-southindia;migrationStage=NotStarted}
{"logTime": "0903/152113", "correlationVector":"CehiTq7hE12WWe33q9Pcah","action":"Normal GetUpdate request", "result":"", "context":cV=CehiTq7hE12WWe33q9Pcah
Notified types: Passwords, History}
{"logTime": "0903/152114", "correlationVector":"CehiTq7hE12WWe33q9Pcah.1","action":"SyncServerConnectionManagerRequest", "result":"SYNC_SERVER_OK", "context":{"environment":"Prod_southindia_prod-s01-004-apac-southindia", "migrationStage":"NotStarted", "server":"akswtt10700001m"}}
{"logTime": "0903/152114", "correlationVector":"CehiTq7hE12WWe33q9Pcah.2","action":"ProcessGetUpdates", "result":"Done", "context":{"dataType":"Passwords", "deleted":"0", "process_failed_to_decrypt":"0", "process_pending_decryption":"0", "process_success":"31", "total":"31"}}
{"logTime": "0903/152114", "correlationVector":"CehiTq7hE12WWe33q9Pcah.3","action":"ProcessGetUpdates", "result":"Done", "context":{"dataType":"Sessions", "deleted":"0", "process_failed_to_decrypt":"0", "process_pending_decryption":"0", "process_success":"2", "total":"2"}}
{"logTime": "0903/152114", "correlationVector":"CehiTq7hE12WWe33q9Pcah.4","action":"ProcessGetUpdates", "result":"Done", "context":{"dataType":"History", "deleted":"0", "process_failed_to_decrypt":"0", "process_pending_decryption":"0", "process_success":"3", "total":"3"}}
{"logTime": "0903/152114", "correlationVector":"CehiTq7hE12WWe33q9Pcah.5","action":"GetUpdates Response", "result":"Success", "context":Received 36 update(s). cV=CehiTq7hE12WWe33q9Pcah.0;server=akswtt10700001m;cloudType=Consumer;environment=Prod_southindia_prod-s01-004-apac-southindia;migrationStage=NotStarted}
{"logTime": "0903/152115", "correlationVector":"7lXYjnqUrVQ31ElHQZUVLe","action":"Normal GetUpdate request", "result":"", "context":cV=7lXYjnqUrVQ31ElHQZUVLe
Notified types: History}
{"logTime": "0903/152116", "correlationVector":"7lXYjnqUrVQ31ElHQZUVLe.1","action":"SyncServerConnectionManagerRequest", "result":"SYNC_SERVER_OK", "context":{"environment":"Prod_southindia_prod-s01-004-apac-southindia", "migrationStage":"NotStarted", "server":"akswtt10700003m"}}
{"logTime": "0903/152116", "correlationVector":"7lXYjnqUrVQ31ElHQZUVLe.2","action":"ProcessGetUpdates", "result":"Done", "context":{"dataType":"Sessions", "deleted":"0", "process_failed_to_decrypt":"0", "process_pending_decryption":"0", "process_success":"1", "total":"1"}}
{"logTime": "0903/152116", "correlationVector":"7lXYjnqUrVQ31ElHQZUVLe.3","action":"ProcessGetUpdates", "result":"Done", "context":{"dataType":"History", "deleted":"0", "process_failed_to_decrypt":"0", "process_pending_decryption":"0", "process_success":"1", "total":"1"}}
{"logTime": "0903/152116", "correlationVector":"7lXYjnqUrVQ31ElHQZUVLe.4","action":"GetUpdates Response", "result":"Success", "context":Received 2 update(s). cV=7lXYjnqUrVQ31ElHQZUVLe.0;server=akswtt10700003m;cloudType=Consumer;environment=Prod_southindia_prod-s01-004-apac-southindia;migrationStage=NotStarted}
{"logTime": "0903/152242", "correlationVector":"sJ2kUvyiBTpy1mOaX23FbF","action":"Normal GetUpdate request", "result":"", "context":cV=sJ2kUvyiBTpy1mOaX23FbF
Notified types: Device Info}
{"logTime": "0903/152243", "correlationVector":"sJ2kUvyiBTpy1mOaX23FbF.1","action":"SyncServerConnectionManagerRequest", "result":"SYNC_SERVER_OK", "context":{"environment":"Prod_southindia_prod-s01-004-apac-southindia", "migrationStage":"NotStarted", "server":"akswtt10700001i"}}
{"logTime": "0903/152243", "correlationVector":"sJ2kUvyiBTpy1mOaX23FbF.2","action":"ProcessGetUpdates", "result":"Done", "context":{"dataType":"Sessions", "deleted":"0", "process_failed_to_decrypt":"0", "process_pending_decryption":"0", "process_success":"2", "total":"2"}}
{"logTime": "0903/152243", "correlationVector":"sJ2kUvyiBTpy1mOaX23FbF.3","action":"ProcessGetUpdates", "result":"Done", "context":{"dataType":"Device Info", "deleted":"0", "process_failed_to_decrypt":"0", "process_pending_decryption":"0", "process_success":"1", "total":"1"}}
{"logTime": "0903/152243", "correlationVector":"sJ2kUvyiBTpy1mOaX23FbF.4","action":"GetUpdates Response", "result":"Success", "context":Received 3 update(s). cV=sJ2kUvyiBTpy1mOaX23FbF.0;server=akswtt10700001i;cloudType=Consumer;environment=Prod_southindia_prod-s01-004-apac-southindia;migrationStage=NotStarted}
{"logTime": "0903/152420", "correlationVector":"Z4JphiFV7/wWVcQIpVTm8/","action":"Normal GetUpdate request", "result":"", "context":cV=Z4JphiFV7/wWVcQIpVTm8/
Notified types: Device Info, History}
{"logTime": "0903/152421", "correlationVector":"Z4JphiFV7/wWVcQIpVTm8/.1","action":"SyncServerConnectionManagerRequest", "result":"SYNC_SERVER_OK", "context":{"environment":"Prod_southindia_prod-s01-004-apac-southindia", "migrationStage":"NotStarted", "server":"akswtt107000039"}}
{"logTime": "0903/152421", "correlationVector":"Z4JphiFV7/wWVcQIpVTm8/.2","action":"ProcessGetUpdates", "result":"Done", "context":{"dataType":"Sessions", "deleted":"0", "process_failed_to_decrypt":"0", "process_pending_decryption":"0", "process_success":"4", "total":"4"}}
{"logTime": "0903/152421", "correlationVector":"Z4JphiFV7/wWVcQIpVTm8/.3","action":"ProcessGetUpdates", "result":"Done", "context":{"dataType":"Device Info", "deleted":"0", "process_failed_to_decrypt":"0", "process_pending_decryption":"0", "process_success":"1", "total":"1"}}
{"logTime": "0903/152421", "correlationVector":"Z4JphiFV7/wWVcQIpVTm8/.4","action":"ProcessGetUpdates", "result":"Done", "context":{"dataType":"History", "deleted":"0", "process_failed_to_decrypt":"0", "process_pending_decryption":"0", "process_success":"1", "total":"1"}}
{"logTime": "0903/152421", "correlationVector":"Z4JphiFV7/wWVcQIpVTm8/.5","action":"GetUpdates Response", "result":"Success", "context":Received 6 update(s). cV=Z4JphiFV7/wWVcQIpVTm8/.0;server=akswtt107000039;cloudType=Consumer;environment=Prod_southindia_prod-s01-004-apac-southindia;migrationStage=NotStarted}
{"logTime": "0903/152430", "correlationVector":"/xtjmFi3cLrxQ6uvPWZcm/","action":"Normal GetUpdate request", "result":"", "context":cV=/xtjmFi3cLrxQ6uvPWZcm/
Notified types: History}
{"logTime": "0903/152430", "correlationVector":"/xtjmFi3cLrxQ6uvPWZcm/.1","action":"SyncServerConnectionManagerRequest", "result":"SYNC_SERVER_OK", "context":{"environment":"Prod_southindia_prod-s01-004-apac-southindia", "migrationStage":"NotStarted", "server":"akswtt107000007"}}
{"logTime": "0903/152430", "correlationVector":"/xtjmFi3cLrxQ6uvPWZcm/.2","action":"ProcessGetUpdates", "result":"Done", "context":{"dataType":"Sessions", "deleted":"0", "process_failed_to_decrypt":"0", "process_pending_decryption":"0", "process_success":"2", "total":"2"}}
{"logTime": "0903/152430", "correlationVector":"/xtjmFi3cLrxQ6uvPWZcm/.3","action":"ProcessGetUpdates", "result":"Done", "context":{"dataType":"History", "deleted":"0", "process_failed_to_decrypt":"0", "process_pending_decryption":"0", "process_success":"2", "total":"2"}}
{"logTime": "0903/152430", "correlationVector":"/xtjmFi3cLrxQ6uvPWZcm/.4","action":"GetUpdates Response", "result":"Success", "context":Received 4 update(s). cV=/xtjmFi3cLrxQ6uvPWZcm/.0;server=akswtt107000007;cloudType=Consumer;environment=Prod_southindia_prod-s01-004-apac-southindia;migrationStage=NotStarted}
{"logTime": "0903/152441", "correlationVector":"zgcQ3QdFpo4Yw2FKeIl3Vm","action":"Normal GetUpdate request", "result":"", "context":cV=zgcQ3QdFpo4Yw2FKeIl3Vm
Notified types: History}
{"logTime": "0903/152441", "correlationVector":"zgcQ3QdFpo4Yw2FKeIl3Vm.1","action":"SyncServerConnectionManagerRequest", "result":"SYNC_SERVER_OK", "context":{"environment":"Prod_southindia_prod-s01-004-apac-southindia", "migrationStage":"NotStarted", "server":"akswtt10700003g"}}
{"logTime": "0903/152441", "correlationVector":"zgcQ3QdFpo4Yw2FKeIl3Vm.2","action":"ProcessGetUpdates", "result":"Done", "context":{"dataType":"Sessions", "deleted":"0", "process_failed_to_decrypt":"0", "process_pending_decryption":"0", "process_success":"1", "total":"1"}}
{"logTime": "0903/152441", "correlationVector":"zgcQ3QdFpo4Yw2FKeIl3Vm.3","action":"ProcessGetUpdates", "result":"Done", "context":{"dataType":"History", "deleted":"0", "process_failed_to_decrypt":"0", "process_pending_decryption":"0", "process_success":"1", "total":"1"}}
{"logTime": "0903/152442", "correlationVector":"zgcQ3QdFpo4Yw2FKeIl3Vm.4","action":"GetUpdates Response", "result":"Success", "context":Received 2 update(s). cV=zgcQ3QdFpo4Yw2FKeIl3Vm.0;server=akswtt10700003g;cloudType=Consumer;environment=Prod_southindia_prod-s01-004-apac-southindia;migrationStage=NotStarted}
{"logTime": "0903/152510", "correlationVector":"cH1+tvFszzd1hhF8ZB1v9M","action":"Normal GetUpdate request", "result":"", "context":cV=cH1+tvFszzd1hhF8ZB1v9M
Notified types: History}
{"logTime": "0903/152511", "correlationVector":"cH1+tvFszzd1hhF8ZB1v9M.1","action":"SyncServerConnectionManagerRequest", "result":"SYNC_SERVER_OK", "context":{"environment":"Prod_southindia_prod-s01-004-apac-southindia", "migrationStage":"NotStarted", "server":"akswtt107000027"}}
{"logTime": "0903/152511", "correlationVector":"cH1+tvFszzd1hhF8ZB1v9M.2","action":"ProcessGetUpdates", "result":"Done", "context":{"dataType":"Sessions", "deleted":"0", "process_failed_to_decrypt":"0", "process_pending_decryption":"0", "process_success":"3", "total":"3"}}
{"logTime": "0903/152511", "correlationVector":"cH1+tvFszzd1hhF8ZB1v9M.3","action":"ProcessGetUpdates", "result":"Done", "context":{"dataType":"History", "deleted":"0", "process_failed_to_decrypt":"0", "process_pending_decryption":"0", "process_success":"2", "total":"2"}}
{"logTime": "0903/152511", "correlationVector":"cH1+tvFszzd1hhF8ZB1v9M.4","action":"GetUpdates Response", "result":"Success", "context":Received 5 update(s). cV=cH1+tvFszzd1hhF8ZB1v9M.0;server=akswtt107000027;cloudType=Consumer;environment=Prod_southindia_prod-s01-004-apac-southindia;migrationStage=NotStarted}
{"logTime": "0903/152629", "correlationVector":"kQQNViKOrlaf4JMFw/mtEz","action":"Normal GetUpdate request", "result":"", "context":cV=kQQNViKOrlaf4JMFw/mtEz
Notified types: Passwords}
{"logTime": "0903/152630", "correlationVector":"kQQNViKOrlaf4JMFw/mtEz.1","action":"SyncServerConnectionManagerRequest", "result":"SYNC_SERVER_OK", "context":{"environment":"Prod_southindia_prod-s01-004-apac-southindia", "migrationStage":"NotStarted", "server":"akswtt107000007"}}
{"logTime": "0903/152630", "correlationVector":"kQQNViKOrlaf4JMFw/mtEz.2","action":"ProcessGetUpdates", "result":"Done", "context":{"dataType":"Passwords", "deleted":"0", "process_failed_to_decrypt":"0", "process_pending_decryption":"0", "process_success":"44", "total":"44"}}
{"logTime": "0903/152630", "correlationVector":"kQQNViKOrlaf4JMFw/mtEz.3","action":"GetUpdates Response", "result":"Success", "context":Received 44 update(s). cV=kQQNViKOrlaf4JMFw/mtEz.0;server=akswtt107000007;cloudType=Consumer;environment=Prod_southindia_prod-s01-004-apac-southindia;migrationStage=NotStarted}
{"logTime": "0903/152632", "correlationVector":"pi+BbGHvOVlG1mQMrRTVfv","action":"Normal GetUpdate request", "result":"", "context":cV=pi+BbGHvOVlG1mQMrRTVfv
Notified types: Passwords}
{"logTime": "0903/152633", "correlationVector":"pi+BbGHvOVlG1mQMrRTVfv.1","action":"SyncServerConnectionManagerRequest", "result":"SYNC_SERVER_OK", "context":{"environment":"Prod_southindia_prod-s01-004-apac-southindia", "migrationStage":"NotStarted", "server":"akswtt10700000j"}}
{"logTime": "0903/152633", "correlationVector":"pi+BbGHvOVlG1mQMrRTVfv.2","action":"ProcessGetUpdates", "result":"Done", "context":{"dataType":"Passwords", "deleted":"0", "process_failed_to_decrypt":"0", "process_pending_decryption":"0", "process_success":"1", "total":"1"}}
{"logTime": "0903/152633", "correlationVector":"pi+BbGHvOVlG1mQMrRTVfv.3","action":"GetUpdates Response", "result":"Success", "context":Received 1 update(s). cV=pi+BbGHvOVlG1mQMrRTVfv.0;server=akswtt10700000j;cloudType=Consumer;environment=Prod_southindia_prod-s01-004-apac-southindia;migrationStage=NotStarted}
{"logTime": "0903/152635", "correlationVector":"z84rSaf2Pyf5ASn16IKr84","action":"Normal GetUpdate request", "result":"", "context":cV=z84rSaf2Pyf5ASn16IKr84
Notified types: Passwords}
{"logTime": "0903/152635", "correlationVector":"z84rSaf2Pyf5ASn16IKr84.1","action":"SyncServerConnectionManagerRequest", "result":"SYNC_SERVER_OK", "context":{"environment":"Prod_southindia_prod-s01-004-apac-southindia", "migrationStage":"NotStarted", "server":"akswtt10700000z"}}
{"logTime": "0903/152635", "correlationVector":"z84rSaf2Pyf5ASn16IKr84.2","action":"ProcessGetUpdates", "result":"Done", "context":{"dataType":"Passwords", "deleted":"0", "process_failed_to_decrypt":"0", "process_pending_decryption":"0", "process_success":"16", "total":"16"}}
{"logTime": "0903/152635", "correlationVector":"z84rSaf2Pyf5ASn16IKr84.3","action":"GetUpdates Response", "result":"Success", "context":Received 16 update(s). cV=z84rSaf2Pyf5ASn16IKr84.0;server=akswtt10700000z;cloudType=Consumer;environment=Prod_southindia_prod-s01-004-apac-southindia;migrationStage=NotStarted}
{"logTime": "0903/152637", "correlationVector":"CibOrG49/4VCMAO+A1r8DJ","action":"Normal GetUpdate request", "result":"", "context":cV=CibOrG49/4VCMAO+A1r8DJ
Notified types: Passwords}
{"logTime": "0903/152638", "correlationVector":"CibOrG49/4VCMAO+A1r8DJ.1","action":"SyncServerConnectionManagerRequest", "result":"SYNC_SERVER_OK", "context":{"environment":"Prod_southindia_prod-s01-004-apac-southindia", "migrationStage":"NotStarted", "server":"akswtt107000039"}}
{"logTime": "0903/152638", "correlationVector":"CibOrG49/4VCMAO+A1r8DJ.2","action":"ProcessGetUpdates", "result":"Done", "context":{"dataType":"Sessions", "deleted":"0", "process_failed_to_decrypt":"0", "process_pending_decryption":"0", "process_success":"2", "total":"2"}}
{"logTime": "0903/152638", "correlationVector":"CibOrG49/4VCMAO+A1r8DJ.3","action":"ProcessGetUpdates", "result":"Done", "context":{"dataType":"History", "deleted":"0", "process_failed_to_decrypt":"0", "process_pending_decryption":"0", "process_success":"1", "total":"1"}}
{"logTime": "0903/152638", "correlationVector":"CibOrG49/4VCMAO+A1r8DJ.4","action":"GetUpdates Response", "result":"Success", "context":Received 3 update(s). cV=CibOrG49/4VCMAO+A1r8DJ.0;server=akswtt107000039;cloudType=Consumer;environment=Prod_southindia_prod-s01-004-apac-southindia;migrationStage=NotStarted}
{"logTime": "0903/152638", "correlationVector":"tvuDILYk7y5tN36k8MdIX8","action":"Normal GetUpdate request", "result":"", "context":cV=tvuDILYk7y5tN36k8MdIX8
Notified types: History}
{"logTime": "0903/152639", "correlationVector":"tvuDILYk7y5tN36k8MdIX8.1","action":"SyncServerConnectionManagerRequest", "result":"SYNC_SERVER_OK", "context":{"environment":"Prod_southindia_prod-s01-004-apac-southindia", "migrationStage":"NotStarted", "server":"akswtt107000037"}}
{"logTime": "0903/152639", "correlationVector":"tvuDILYk7y5tN36k8MdIX8.2","action":"ProcessGetUpdates", "result":"Done", "context":{"dataType":"Sessions", "deleted":"0", "process_failed_to_decrypt":"0", "process_pending_decryption":"0", "process_success":"2", "total":"2"}}
{"logTime": "0903/152639", "correlationVector":"tvuDILYk7y5tN36k8MdIX8.3","action":"ProcessGetUpdates", "result":"Done", "context":{"dataType":"History", "deleted":"0", "process_failed_to_decrypt":"0", "process_pending_decryption":"0", "process_success":"1", "total":"1"}}
{"logTime": "0903/152639", "correlationVector":"tvuDILYk7y5tN36k8MdIX8.4","action":"GetUpdates Response", "result":"Success", "context":Received 3 update(s). cV=tvuDILYk7y5tN36k8MdIX8.0;server=akswtt107000037;cloudType=Consumer;environment=Prod_southindia_prod-s01-004-apac-southindia;migrationStage=NotStarted}
{"logTime": "0903/152640", "correlationVector":"6+v4VpUlkDZdgmuIBgWYPV","action":"Normal GetUpdate request", "result":"", "context":cV=6+v4VpUlkDZdgmuIBgWYPV
Notified types: History}
{"logTime": "0903/152640", "correlationVector":"6+v4VpUlkDZdgmuIBgWYPV.1","action":"SyncServerConnectionManagerRequest", "result":"SYNC_SERVER_OK", "context":{"environment":"Prod_southindia_prod-s01-004-apac-southindia", "migrationStage":"NotStarted", "server":"akswtt10700000y"}}
{"logTime": "0903/152640", "correlationVector":"6+v4VpUlkDZdgmuIBgWYPV.2","action":"GetUpdates Response", "result":"Success", "context":Received 0 update(s). cV=6+v4VpUlkDZdgmuIBgWYPV.0;server=akswtt10700000y;cloudType=Consumer;environment=Prod_southindia_prod-s01-004-apac-southindia;migrationStage=NotStarted}
{"logTime": "0903/152726", "correlationVector":"Dc5vN5vVjnNckkUE3T2uRU","action":"Normal GetUpdate request", "result":"", "context":cV=Dc5vN5vVjnNckkUE3T2uRU
Notified types: Passwords}
{"logTime": "0903/152726", "correlationVector":"Dc5vN5vVjnNckkUE3T2uRU.1","action":"SyncServerConnectionManagerRequest", "result":"SYNC_SERVER_OK", "context":{"environment":"Prod_southeastasia_prod-s01-064-apac-southeastasia", "migrationStage":"NotStarted", "server":"akswtt003000013"}}
{"logTime": "0903/152726", "correlationVector":"Dc5vN5vVjnNckkUE3T2uRU.2","action":"ProcessGetUpdates", "result":"Done", "context":{"dataType":"Passwords", "deleted":"0", "process_failed_to_decrypt":"0", "process_pending_decryption":"0", "process_success":"21", "total":"21"}}
{"logTime": "0903/152726", "correlationVector":"Dc5vN5vVjnNckkUE3T2uRU.3","action":"GetUpdates Response", "result":"Success", "context":Received 21 update(s). cV=Dc5vN5vVjnNckkUE3T2uRU.0;server=akswtt003000013;cloudType=Consumer;environment=Prod_southeastasia_prod-s01-064-apac-southeastasia;migrationStage=NotStarted}
{"logTime": "0903/152728", "correlationVector":"lJL94r1LU7G4YWPwYp2Pxf","action":"Normal GetUpdate request", "result":"", "context":cV=lJL94r1LU7G4YWPwYp2Pxf
Notified types: History}
{"logTime": "0903/152728", "correlationVector":"lJL94r1LU7G4YWPwYp2Pxf.1","action":"SyncServerConnectionManagerRequest", "result":"SYNC_SERVER_OK", "context":{"environment":"Prod_southeastasia_prod-s01-064-apac-southeastasia", "migrationStage":"NotStarted", "server":"akswtt00300000f"}}
{"logTime": "0903/152728", "correlationVector":"lJL94r1LU7G4YWPwYp2Pxf.2","action":"ProcessGetUpdates", "result":"Done", "context":{"dataType":"Sessions", "deleted":"0", "process_failed_to_decrypt":"0", "process_pending_decryption":"0", "process_success":"1", "total":"1"}}
{"logTime": "0903/152728", "correlationVector":"lJL94r1LU7G4YWPwYp2Pxf.3","action":"ProcessGetUpdates", "result":"Done", "context":{"dataType":"History", "deleted":"0", "process_failed_to_decrypt":"0", "process_pending_decryption":"0", "process_success":"2", "total":"2"}}
{"logTime": "0903/152728", "correlationVector":"lJL94r1LU7G4YWPwYp2Pxf.4","action":"GetUpdates Response", "result":"Success", "context":Received 3 update(s). cV=lJL94r1LU7G4YWPwYp2Pxf.0;server=akswtt00300000f;cloudType=Consumer;environment=Prod_southeastasia_prod-s01-064-apac-southeastasia;migrationStage=NotStarted}
{"logTime": "0903/152731", "correlationVector":"ssiaWnmsv9K2MyQprCUlAD","action":"Normal GetUpdate request", "result":"", "context":cV=ssiaWnmsv9K2MyQprCUlAD
Notified types: Passwords}
{"logTime": "0903/152732", "correlationVector":"ssiaWnmsv9K2MyQprCUlAD.1","action":"SyncServerConnectionManagerRequest", "result":"SYNC_SERVER_OK", "context":{"environment":"Prod_southeastasia_prod-s01-064-apac-southeastasia", "migrationStage":"NotStarted", "server":"akswtt00300001k"}}
{"logTime": "0903/152732", "correlationVector":"ssiaWnmsv9K2MyQprCUlAD.2","action":"GetUpdates Response", "result":"Success", "context":Received 0 update(s). cV=ssiaWnmsv9K2MyQprCUlAD.0;server=akswtt00300001k;cloudType=Consumer;environment=Prod_southeastasia_prod-s01-064-apac-southeastasia;migrationStage=NotStarted}
{"logTime": "0903/152742", "correlationVector":"ru4jsUPF7m7C/FO+l8VLCK","action":"Normal GetUpdate request", "result":"", "context":cV=ru4jsUPF7m7C/FO+l8VLCK
Notified types: Passwords}
{"logTime": "0903/152742", "correlationVector":"ru4jsUPF7m7C/FO+l8VLCK.1","action":"SyncServerConnectionManagerRequest", "result":"SYNC_SERVER_OK", "context":{"environment":"Prod_southeastasia_prod-s01-064-apac-southeastasia", "migrationStage":"NotStarted", "server":"akswtt00300000b"}}
{"logTime": "0903/152742", "correlationVector":"ru4jsUPF7m7C/FO+l8VLCK.2","action":"ProcessGetUpdates", "result":"Done", "context":{"dataType":"Passwords", "deleted":"0", "process_failed_to_decrypt":"0", "process_pending_decryption":"0", "process_success":"40", "total":"40"}}
{"logTime": "0903/152743", "correlationVector":"ru4jsUPF7m7C/FO+l8VLCK.3","action":"GetUpdates Response", "result":"Success", "context":Received 40 update(s). cV=ru4jsUPF7m7C/FO+l8VLCK.0;server=akswtt00300000b;cloudType=Consumer;environment=Prod_southeastasia_prod-s01-064-apac-southeastasia;migrationStage=NotStarted}
{"logTime": "0903/152745", "correlationVector":"Tb3bGNj7hSN964pr75Ch3L","action":"Normal GetUpdate request", "result":"", "context":cV=Tb3bGNj7hSN964pr75Ch3L
Notified types: History}
{"logTime": "0903/152745", "correlationVector":"Tb3bGNj7hSN964pr75Ch3L.1","action":"SyncServerConnectionManagerRequest", "result":"SYNC_SERVER_OK", "context":{"environment":"Prod_southeastasia_prod-s01-064-apac-southeastasia", "migrationStage":"NotStarted", "server":"akswtt003000020"}}
{"logTime": "0903/152745", "correlationVector":"Tb3bGNj7hSN964pr75Ch3L.2","action":"ProcessGetUpdates", "result":"Done", "context":{"dataType":"Sessions", "deleted":"0", "process_failed_to_decrypt":"0", "process_pending_decryption":"0", "process_success":"1", "total":"1"}}
{"logTime": "0903/152745", "correlationVector":"Tb3bGNj7hSN964pr75Ch3L.3","action":"ProcessGetUpdates", "result":"Done", "context":{"dataType":"History", "deleted":"0", "process_failed_to_decrypt":"0", "process_pending_decryption":"0", "process_success":"2", "total":"2"}}
{"logTime": "0903/152745", "correlationVector":"Tb3bGNj7hSN964pr75Ch3L.4","action":"GetUpdates Response", "result":"Success", "context":Received 3 update(s). cV=Tb3bGNj7hSN964pr75Ch3L.0;server=akswtt003000020;cloudType=Consumer;environment=Prod_southeastasia_prod-s01-064-apac-southeastasia;migrationStage=NotStarted}
{"logTime": "0903/152747", "correlationVector":"gYH2ov1E1R1BB8ukcCsYdq","action":"Normal GetUpdate request", "result":"", "context":cV=gYH2ov1E1R1BB8ukcCsYdq
Notified types: History}
{"logTime": "0903/152747", "correlationVector":"gYH2ov1E1R1BB8ukcCsYdq.1","action":"SyncServerConnectionManagerRequest", "result":"SYNC_SERVER_OK", "context":{"environment":"Prod_southindia_prod-s01-004-apac-southindia", "migrationStage":"NotStarted", "server":"akswtt107000037"}}
{"logTime": "0903/152747", "correlationVector":"gYH2ov1E1R1BB8ukcCsYdq.2","action":"ProcessGetUpdates", "result":"Done", "context":{"dataType":"Sessions", "deleted":"0", "process_failed_to_decrypt":"0", "process_pending_decryption":"0", "process_success":"1", "total":"1"}}
{"logTime": "0903/152747", "correlationVector":"gYH2ov1E1R1BB8ukcCsYdq.3","action":"ProcessGetUpdates", "result":"Done", "context":{"dataType":"History", "deleted":"0", "process_failed_to_decrypt":"0", "process_pending_decryption":"0", "process_success":"3", "total":"3"}}
{"logTime": "0903/152747", "correlationVector":"gYH2ov1E1R1BB8ukcCsYdq.4","action":"GetUpdates Response", "result":"Success", "context":Received 4 update(s). cV=gYH2ov1E1R1BB8ukcCsYdq.0;server=akswtt107000037;cloudType=Consumer;environment=Prod_southindia_prod-s01-004-apac-southindia;migrationStage=NotStarted}
{"logTime": "0903/152847", "correlationVector":"Z7ioQ5fnu1IWOHuo+a0wcA","action":"Normal GetUpdate request", "result":"", "context":cV=Z7ioQ5fnu1IWOHuo+a0wcA
Nudged types: Sessions, History
Notified types: Passwords}
{"logTime": "0903/152848", "correlationVector":"Z7ioQ5fnu1IWOHuo+a0wcA.1","action":"SyncServerConnectionManagerRequest", "result":"SYNC_SERVER_OK", "context":{"environment":"Prod_southindia_prod-s01-004-apac-southindia", "migrationStage":"NotStarted", "server":"akswtt107000007"}}
{"logTime": "0903/152848", "correlationVector":"Z7ioQ5fnu1IWOHuo+a0wcA.2","action":"ProcessGetUpdates", "result":"Done", "context":{"dataType":"Passwords", "deleted":"0", "process_failed_to_decrypt":"0", "process_pending_decryption":"0", "process_success":"40", "total":"40"}}
{"logTime": "0903/152848", "correlationVector":"Z7ioQ5fnu1IWOHuo+a0wcA.3","action":"GetUpdates Response", "result":"Success", "context":Received 40 update(s). cV=Z7ioQ5fnu1IWOHuo+a0wcA.0;server=akswtt107000007;cloudType=Consumer;environment=Prod_southindia_prod-s01-004-apac-southindia;migrationStage=NotStarted}
{"logTime": "0903/152848", "correlationVector":"f/8IQ6KB6iX24oWkbrAo/9","action":"Commit Request", "result":"", "context":Item count: 4
Contributing types: Sessions, History}
{"logTime": "0903/152850", "correlationVector":"f/8IQ6KB6iX24oWkbrAo/9.1","action":"SyncServerConnectionManagerRequest", "result":"SYNC_SERVER_OK", "context":{"environment":"Prod_southindia_prod-s01-004-apac-southindia", "migrationStage":"NotStarted", "server":"akswtt10700002u"}}
{"logTime": "0903/152850", "correlationVector":"f/8IQ6KB6iX24oWkbrAo/9.2","action":"Commit Response", "result":"Success", "context":Result: Success. cV=f/8IQ6KB6iX24oWkbrAo/9.0;server=akswtt10700002u;cloudType=Consumer;environment=Prod_southindia_prod-s01-004-apac-southindia;migrationStage=NotStarted}
{"logTime": "0903/152850", "correlationVector":"f/8IQ6KB6iX24oWkbrAo/9.3","action":"Commit.Sessions", "result":"Success", "context":{"id":"a9742583-a3aa-409e-a748-8998995a4fed", "isDeleted":"true", "size":"0", "version":"1788448783107"}}
{"logTime": "0903/152850", "correlationVector":"vAMuoZU4rzrtKF9N0VZbP6","action":"Normal GetUpdate request", "result":"", "context":cV=vAMuoZU4rzrtKF9N0VZbP6
Nudged types: Sessions, History
Notified types: History}
{"logTime": "0903/152852", "correlationVector":"vAMuoZU4rzrtKF9N0VZbP6.1","action":"SyncServerConnectionManagerRequest", "result":"SYNC_SERVER_OK", "context":{"environment":"Prod_southindia_prod-s01-004-apac-southindia", "migrationStage":"NotStarted", "server":"akswtt10700002u"}}
{"logTime": "0903/152852", "correlationVector":"vAMuoZU4rzrtKF9N0VZbP6.2","action":"ProcessGetUpdates", "result":"Done", "context":{"dataType":"Passwords", "deleted":"0", "process_failed_to_decrypt":"0", "process_pending_decryption":"0", "process_success":"15", "total":"15"}}
{"logTime": "0903/152852", "correlationVector":"vAMuoZU4rzrtKF9N0VZbP6.3","action":"ProcessGetUpdates", "result":"Done", "context":{"dataType":"Sessions", "deleted":"1", "process_failed_to_decrypt":"0", "process_pending_decryption":"0", "process_success":"4", "total":"4"}}
{"logTime": "0903/152852", "correlationVector":"vAMuoZU4rzrtKF9N0VZbP6.4","action":"ProcessGetUpdates", "result":"Done", "context":{"dataType":"History", "deleted":"0", "process_failed_to_decrypt":"0", "process_pending_decryption":"0", "process_success":"2", "total":"2"}}
{"logTime": "0903/152852", "correlationVector":"vAMuoZU4rzrtKF9N0VZbP6.5","action":"GetUpdates Response", "result":"Success", "context":Received 21 update(s). cV=vAMuoZU4rzrtKF9N0VZbP6.0;server=akswtt10700002u;cloudType=Consumer;environment=Prod_southindia_prod-s01-004-apac-southindia;migrationStage=NotStarted}
{"logTime": "0903/152854", "correlationVector":"jp9rGWicia8TEcZ3jHSw7r","action":"Normal GetUpdate request", "result":"", "context":cV=jp9rGWicia8TEcZ3jHSw7r
Notified types: History}
{"logTime": "0903/152855", "correlationVector":"jp9rGWicia8TEcZ3jHSw7r.1","action":"SyncServerConnectionManagerRequest", "result":"SYNC_SERVER_OK", "context":{"environment":"Prod_southindia_prod-s01-004-apac-southindia", "migrationStage":"NotStarted", "server":"akswtt107000037"}}
{"logTime": "0903/152855", "correlationVector":"jp9rGWicia8TEcZ3jHSw7r.2","action":"ProcessGetUpdates", "result":"Done", "context":{"dataType":"Sessions", "deleted":"0", "process_failed_to_decrypt":"0", "process_pending_decryption":"0", "process_success":"1", "total":"1"}}
{"logTime": "0903/152855", "correlationVector":"jp9rGWicia8TEcZ3jHSw7r.3","action":"ProcessGetUpdates", "result":"Done", "context":{"dataType":"History", "deleted":"0", "process_failed_to_decrypt":"0", "process_pending_decryption":"0", "process_success":"2", "total":"2"}}
{"logTime": "0903/152855", "correlationVector":"jp9rGWicia8TEcZ3jHSw7r.4","action":"GetUpdates Response", "result":"Success", "context":Received 3 update(s). cV=jp9rGWicia8TEcZ3jHSw7r.0;server=akswtt107000037;cloudType=Consumer;environment=Prod_southindia_prod-s01-004-apac-southindia;migrationStage=NotStarted}
{"logTime": "0903/152858", "correlationVector":"UJ3OxlePSpTXO+D0kKm5fN","action":"Normal GetUpdate request", "result":"", "context":cV=UJ3OxlePSpTXO+D0kKm5fN
Notified types: Passwords}
{"logTime": "0903/152859", "correlationVector":"UJ3OxlePSpTXO+D0kKm5fN.1","action":"SyncServerConnectionManagerRequest", "result":"SYNC_SERVER_OK", "context":{"environment":"Prod_southindia_prod-s01-004-apac-southindia", "migrationStage":"NotStarted", "server":"akswtt10700000j"}}
{"logTime": "0903/152859", "correlationVector":"UJ3OxlePSpTXO+D0kKm5fN.2","action":"GetUpdates Response", "result":"Success", "context":Received 0 update(s). cV=UJ3OxlePSpTXO+D0kKm5fN.0;server=akswtt10700000j;cloudType=Consumer;environment=Prod_southindia_prod-s01-004-apac-southindia;migrationStage=NotStarted}
{"logTime": "0903/152908", "correlationVector":"r5JP4pkFrDcl1MrCIjgvek","action":"Normal GetUpdate request", "result":"", "context":cV=r5JP4pkFrDcl1MrCIjgvek
Notified types: Passwords, History}
{"logTime": "0903/152909", "correlationVector":"r5JP4pkFrDcl1MrCIjgvek.1","action":"SyncServerConnectionManagerRequest", "result":"SYNC_SERVER_OK", "context":{"environment":"Prod_southindia_prod-s01-004-apac-southindia", "migrationStage":"NotStarted", "server":"akswtt10700000g"}}
{"logTime": "0903/152909", "correlationVector":"r5JP4pkFrDcl1MrCIjgvek.2","action":"ProcessGetUpdates", "result":"Done", "context":{"dataType":"Passwords", "deleted":"0", "process_failed_to_decrypt":"0", "process_pending_decryption":"0", "process_success":"31", "total":"31"}}
{"logTime": "0903/152909", "correlationVector":"r5JP4pkFrDcl1MrCIjgvek.3","action":"ProcessGetUpdates", "result":"Done", "context":{"dataType":"Sessions", "deleted":"0", "process_failed_to_decrypt":"0", "process_pending_decryption":"0", "process_success":"1", "total":"1"}}
{"logTime": "0903/152909", "correlationVector":"r5JP4pkFrDcl1MrCIjgvek.4","action":"ProcessGetUpdates", "result":"Done", "context":{"dataType":"History", "deleted":"0", "process_failed_to_decrypt":"0", "process_pending_decryption":"0", "process_success":"2", "total":"2"}}
{"logTime": "0903/152909", "correlationVector":"r5JP4pkFrDcl1MrCIjgvek.5","action":"GetUpdates Response", "result":"Success", "context":Received 34 update(s). cV=r5JP4pkFrDcl1MrCIjgvek.0;server=akswtt10700000g;cloudType=Consumer;environment=Prod_southindia_prod-s01-004-apac-southindia;migrationStage=NotStarted}
{"logTime": "0903/152911", "correlationVector":"K9w/ZGPSlN5d5RZgYe0F5+","action":"Normal GetUpdate request", "result":"", "context":cV=K9w/ZGPSlN5d5RZgYe0F5+
Notified types: History}
{"logTime": "0903/152911", "correlationVector":"K9w/ZGPSlN5d5RZgYe0F5+.1","action":"SyncServerConnectionManagerRequest", "result":"SYNC_SERVER_OK", "context":{"environment":"Prod_southindia_prod-s01-004-apac-southindia", "migrationStage":"NotStarted", "server":"akswtt107000016"}}
{"logTime": "0903/152911", "correlationVector":"K9w/ZGPSlN5d5RZgYe0F5+.2","action":"ProcessGetUpdates", "result":"Done", "context":{"dataType":"Sessions", "deleted":"0", "process_failed_to_decrypt":"0", "process_pending_decryption":"0", "process_success":"2", "total":"2"}}
{"logTime": "0903/152911", "correlationVector":"K9w/ZGPSlN5d5RZgYe0F5+.3","action":"ProcessGetUpdates", "result":"Done", "context":{"dataType":"History", "deleted":"0", "process_failed_to_decrypt":"0", "process_pending_decryption":"0", "process_success":"1", "total":"1"}}
{"logTime": "0903/152911", "correlationVector":"K9w/ZGPSlN5d5RZgYe0F5+.4","action":"GetUpdates Response", "result":"Success", "context":Received 3 update(s). cV=K9w/ZGPSlN5d5RZgYe0F5+.0;server=akswtt107000016;cloudType=Consumer;environment=Prod_southindia_prod-s01-004-apac-southindia;migrationStage=NotStarted}
{"logTime": "0903/152947", "correlationVector":"wGZj/lCqPgxhRXSu6R9ucY","action":"Normal GetUpdate request", "result":"", "context":cV=wGZj/lCqPgxhRXSu6R9ucY
Notified types: Passwords}
{"logTime": "0903/153055", "correlationVector":"DN7nQrppbg1ptRtdXCDRYX","action":"Normal GetUpdate request", "result":"", "context":cV=DN7nQrppbg1ptRtdXCDRYX
Notified types: History}
{"logTime": "0903/153056", "correlationVector":"DN7nQrppbg1ptRtdXCDRYX.1","action":"SyncServerConnectionManagerRequest", "result":"SYNC_SERVER_OK", "context":{"environment":"Prod_southindia_prod-s01-004-apac-southindia", "migrationStage":"NotStarted", "server":"akswtt10700003i"}}
{"logTime": "0903/153056", "correlationVector":"DN7nQrppbg1ptRtdXCDRYX.2","action":"ProcessGetUpdates", "result":"Done", "context":{"dataType":"Sessions", "deleted":"0", "process_failed_to_decrypt":"0", "process_pending_decryption":"0", "process_success":"2", "total":"2"}}
{"logTime": "0903/153056", "correlationVector":"DN7nQrppbg1ptRtdXCDRYX.3","action":"ProcessGetUpdates", "result":"Done", "context":{"dataType":"History", "deleted":"0", "process_failed_to_decrypt":"0", "process_pending_decryption":"0", "process_success":"4", "total":"4"}}
{"logTime": "0903/153056", "correlationVector":"DN7nQrppbg1ptRtdXCDRYX.4","action":"GetUpdates Response", "result":"Success", "context":Received 6 update(s). cV=DN7nQrppbg1ptRtdXCDRYX.0;server=akswtt10700003i;cloudType=Consumer;environment=Prod_southindia_prod-s01-004-apac-southindia;migrationStage=NotStarted}
{"logTime": "0903/153057", "correlationVector":"XD+boXrg3lQKCCIHySrjAL","action":"Normal GetUpdate request", "result":"", "context":cV=XD+boXrg3lQKCCIHySrjAL
Notified types: History}
{"logTime": "0903/153058", "correlationVector":"XD+boXrg3lQKCCIHySrjAL.1","action":"SyncServerConnectionManagerRequest", "result":"SYNC_SERVER_OK", "context":{"environment":"Prod_southindia_prod-s01-004-apac-southindia", "migrationStage":"NotStarted", "server":"akswtt10700003g"}}
{"logTime": "0903/153058", "correlationVector":"XD+boXrg3lQKCCIHySrjAL.2","action":"GetUpdates Response", "result":"Success", "context":Received 0 update(s). cV=XD+boXrg3lQKCCIHySrjAL.0;server=akswtt10700003g;cloudType=Consumer;environment=Prod_southindia_prod-s01-004-apac-southindia;migrationStage=NotStarted}
{"logTime": "0903/153059", "correlationVector":"8qkA47v5bnOAtm4Nrl73GF","action":"Normal GetUpdate request", "result":"", "context":cV=8qkA47v5bnOAtm4Nrl73GF
Notified types: History}
{"logTime": "0903/153059", "correlationVector":"8qkA47v5bnOAtm4Nrl73GF.1","action":"SyncServerConnectionManagerRequest", "result":"SYNC_SERVER_OK", "context":{"environment":"Prod_southindia_prod-s01-004-apac-southindia", "migrationStage":"NotStarted", "server":"akswtt10700003g"}}
{"logTime": "0903/153059", "correlationVector":"8qkA47v5bnOAtm4Nrl73GF.2","action":"ProcessGetUpdates", "result":"Done", "context":{"dataType":"Sessions", "deleted":"1", "process_failed_to_decrypt":"0", "process_pending_decryption":"0", "process_success":"3", "total":"3"}}
{"logTime": "0903/153059", "correlationVector":"8qkA47v5bnOAtm4Nrl73GF.3","action":"ProcessGetUpdates", "result":"Done", "context":{"dataType":"History", "deleted":"0", "process_failed_to_decrypt":"0", "process_pending_decryption":"0", "process_success":"1", "total":"1"}}
{"logTime": "0903/153059", "correlationVector":"8qkA47v5bnOAtm4Nrl73GF.4","action":"GetUpdates Response", "result":"Success", "context":Received 4 update(s). cV=8qkA47v5bnOAtm4Nrl73GF.0;server=akswtt10700003g;cloudType=Consumer;environment=Prod_southindia_prod-s01-004-apac-southindia;migrationStage=NotStarted}
{"logTime": "0905/041028", "correlationVector":"vFzQRCtMP34HRk9tdQNvqh","action":"Normal GetUpdate request", "result":"", "context":cV=vFzQRCtMP34HRk9tdQNvqh
Nudged types: Sessions, Device Info, History
Refresh requested types: Bookmarks, Preferences, Passwords, Autofill Profiles, Autofill, Extensions, Sessions, Extension settings, History Delete Directives, Device Info, User Consents, Send Tab To Self, Web Apps, History, Saved Tab Group, WebAuthn Credentials, Edge Hub App Usage, Edge Workspace, Encryption Keys}
{"logTime": "0905/041029", "correlationVector":"vFzQRCtMP34HRk9tdQNvqh.1","action":"SyncServerConnectionManagerRequest", "result":"SYNC_SERVER_OK", "context":{"environment":"Prod_southindia_prod-s01-004-apac-southindia", "migrationStage":"NotStarted", "server":"akswtt107000031"}}
{"logTime": "0905/041029", "correlationVector":"vFzQRCtMP34HRk9tdQNvqh.2","action":"ProcessGetUpdates", "result":"Done", "context":{"dataType":"Passwords", "deleted":"0", "process_failed_to_decrypt":"0", "process_pending_decryption":"0", "process_success":"111", "total":"111"}}
{"logTime": "0905/041029", "correlationVector":"vFzQRCtMP34HRk9tdQNvqh.3","action":"ProcessGetUpdates", "result":"Done", "context":{"dataType":"Sessions", "deleted":"4", "process_failed_to_decrypt":"0", "process_pending_decryption":"0", "process_success":"22", "total":"22"}}
{"logTime": "0905/041029", "correlationVector":"vFzQRCtMP34HRk9tdQNvqh.4","action":"ProcessGetUpdates", "result":"Done", "context":{"dataType":"Device Info", "deleted":"0", "process_failed_to_decrypt":"0", "process_pending_decryption":"0", "process_success":"5", "total":"5"}}
{"logTime": "0905/041029", "correlationVector":"vFzQRCtMP34HRk9tdQNvqh.5","action":"ProcessGetUpdates", "result":"Done", "context":{"dataType":"History", "deleted":"0", "process_failed_to_decrypt":"0", "process_pending_decryption":"0", "process_success":"12", "total":"12"}}
{"logTime": "0905/041029", "correlationVector":"vFzQRCtMP34HRk9tdQNvqh.6","action":"GetUpdates Response", "result":"Success", "context":Received 150 update(s). cV=vFzQRCtMP34HRk9tdQNvqh.0;server=akswtt107000031;cloudType=Consumer;environment=Prod_southindia_prod-s01-004-apac-southindia;migrationStage=NotStarted}
{"logTime": "0905/041030", "correlationVector":"kguUESjVjEAVV+taYpVZ40","action":"Commit Request", "result":"", "context":Item count: 4
Contributing types: Sessions, Device Info, History}
{"logTime": "0905/041032", "correlationVector":"kguUESjVjEAVV+taYpVZ40.1","action":"SyncServerConnectionManagerRequest", "result":"SYNC_SERVER_OK", "context":{"environment":"Prod_southindia_prod-s01-004-apac-southindia", "migrationStage":"NotStarted", "server":"akswtt107000006"}}
{"logTime": "0905/041032", "correlationVector":"kguUESjVjEAVV+taYpVZ40.2","action":"Commit Response", "result":"Success", "context":Result: Success. cV=kguUESjVjEAVV+taYpVZ40.0;server=akswtt107000006;cloudType=Consumer;environment=Prod_southindia_prod-s01-004-apac-southindia;migrationStage=NotStarted}
{"logTime": "0905/041033", "correlationVector":"tIhpcYIq7F3WhQNSrIa1/M","action":"SyncServerConnectionManagerRequest", "result":"SYNC_SERVER_OK", "context":{"environment":"", "migrationStage":"", "server":""}}
{"logTime": "0905/041033", "correlationVector":"tIhpcYIq7F3WhQNSrIa1/M.0","action":"EncryptionKeysFetcher.DownloadKeys:", "result":"Success", "context":Key count: 10, Last key timestamp: 2026-07-24T13:34:16Z}
{"logTime": "0905/041033", "correlationVector":"tIhpcYIq7F3WhQNSrIa1/M.1","action":"EncryptionKeysManager::SetEncryptionKeys:", "result":"Success", "context":Key names[10]:[uc6Gm22WegGTqjl9C3sED0kLk8mn/D+JUNl38WX+pwqF8S1remztN90oguW/+w6hZzJSiMa39Qextb/1K+2+PA==][km3GlgyyVXmk+N0ZS/Yo92KlsfNdODRNuRAMsPtdLZvkAQsh81caALVWMKxHhHWBgBRuN5o5G6OMZivbSw/jZQ==][s8ek65JsKsfR2UbSztQ9a9osfhAmz/GdhqUf9rK8CVyrQrub/imvB44yMDxKyt7i9NsVs5IL4VsiXtsx2K12eg==][FVyGx7qtdKnPjhfm0sXZF6SadPtOjuJaV0thCg7s3orxts7EoUDU7PHhzvjtUpvKNM3q9dnfZE5tLErYhjYIgw==][Flg0uikwr+IyuXxcc+6ZqFJULOhq9TIWNn/+LfRNQbt0R1JVAFt4Kl0bYdDfCb6HDaMDWxjNR1mCTEu+nDzW5A==][yD6xuT0JJmYH17bkqYHsp3DcVQPUjVO72nSby3LoZkqcS07WfIf7DvpluDL8vKWpEhM7lp9os0GFUpcGEI3RoA==][AX0pUMDnrAWCS2MtdUQJ4X6TmISvWK/jQnluC7NUU5C5npWwlYqXTH+WDYzSdHYkM22Ce6DzU3Tro5utcgB+/A==][4cw2xlKMCcH30rGLorBBiT+hU2LvOlGF3YuOIjxCPtfDX63giVPdaP1d9V8QkVDacz7gA56ySt3eGbVdsI916Q==][I7lDXthXgjzhXwwks4hxbvXd3/x2jBhmvzTVN/ttfteFCUx2pP0seNr6swqXj6c0GU0ExqF6mOp/RaAcEncjjg==][Fq4kuqULR0gK0T6au6nwmQPIP054cdc49l2/ewrFLF7hZpjkMsCXk3dbErSkaovB7BRpdJiPbV78BAMQxF4hGA==]}
{"logTime": "0905/041033", "correlationVector":"tIhpcYIq7F3WhQNSrIa1/M.2","action":"EncryptionKeysManager::SetEncryptionKeysWithTimestamps:", "result":"Success", "context":Key timestamps[10]:[2024-03-02T02:31:48Z][2024-03-07T16:11:21Z][2024-04-05T16:43:10Z][2024-06-20T06:25:06Z][2024-07-17T12:17:33Z][2025-03-13T15:14:32Z][2025-03-18T02:41:59Z][2025-09-28T05:37:51Z][2026-01-25T07:23:07Z][2026-07-24T13:34:16Z]}
{"logTime": "0905/041033", "correlationVector":"3cTDnvL8nV229ZkWZF8IjQ","action":"Poll GetUpdate request", "result":"", "context":cV=3cTDnvL8nV229ZkWZF8IjQ}
{"logTime": "0905/041033", "correlationVector":"3cTDnvL8nV229ZkWZF8IjQ.1","action":"SyncServerConnectionManagerRequest", "result":"SYNC_SERVER_OK", "context":{"environment":"Prod_southindia_prod-s01-004-apac-southindia", "migrationStage":"NotStarted", "server":"akswtt10700000q"}}
{"logTime": "0905/041033", "correlationVector":"3cTDnvL8nV229ZkWZF8IjQ.2","action":"ProcessGetUpdates", "result":"Done", "context":{"dataType":"Sessions", "deleted":"0", "process_failed_to_decrypt":"0", "process_pending_decryption":"0", "process_success":"2", "total":"2"}}
{"logTime": "0905/041033", "correlationVector":"3cTDnvL8nV229ZkWZF8IjQ.3","action":"ProcessGetUpdates", "result":"Done", "context":{"dataType":"Device Info", "deleted":"0", "process_failed_to_decrypt":"0", "process_pending_decryption":"0", "process_success":"1", "total":"1"}}
{"logTime": "0905/041033", "correlationVector":"3cTDnvL8nV229ZkWZF8IjQ.4","action":"ProcessGetUpdates", "result":"Done", "context":{"dataType":"History", "deleted":"0", "process_failed_to_decrypt":"0", "process_pending_decryption":"0", "process_success":"1", "total":"1"}}
{"logTime": "0905/041033", "correlationVector":"3cTDnvL8nV229ZkWZF8IjQ.5","action":"GetUpdates Response", "result":"Success", "context":Received 4 update(s). cV=3cTDnvL8nV229ZkWZF8IjQ.0;server=akswtt10700000q;cloudType=Consumer;environment=Prod_southindia_prod-s01-004-apac-southindia;migrationStage=NotStarted}
