{"logTime": "0903/152404", "correlationVector":"2AkLDNsi86qK6zACyKusij","action":"Initial GetUpdates", "result":"", "context":Reason: NEWLY_SUPPORTED_DATATYPE. cV=2AkLDNsi86qK6zACyKusij}
{"logTime": "0903/152405", "correlationVector":"2AkLDNsi86qK6zACyKusij.1","action":"SyncServerConnectionManagerRequest", "result":"SYNC_SERVER_OK", "context":{"environment":"Prod_southindia_prod-s01-004-apac-southindia", "migrationStage":"NotStarted", "server":"akswtt10700000h"}}
{"logTime": "0903/152405", "correlationVector":"2AkLDNsi86qK6zACyKusij.2","action":"ProcessGetUpdates", "result":"Done", "context":{"dataType":"Bookmarks", "deleted":"0", "process_failed_to_decrypt":"0", "process_pending_decryption":"0", "process_success":"10", "total":"10"}}
{"logTime": "0903/152405", "correlationVector":"2AkLDNsi86qK6zACyKusij.3","action":"GetUpdates Response", "result":"Success", "context":Received 10 update(s). cV=2AkLDNsi86qK6zACyKusij.0;server=akswtt10700000h;cloudType=Consumer;environment=Prod_southindia_prod-s01-004-apac-southindia;migrationStage=NotStarted}
{"logTime": "0903/152406", "correlationVector":"h9r9jC+3/oy+4sVY7m4Z64","action":"SyncServerConnectionManagerRequest", "result":"SYNC_SERVER_OK", "context":{"environment":"", "migrationStage":"", "server":""}}
{"logTime": "0903/152406", "correlationVector":"h9r9jC+3/oy+4sVY7m4Z64.0","action":"EncryptionKeysFetcher.DownloadKeys:", "result":"Success", "context":Key count: 10, Last key timestamp: 2026-07-24T13:34:16Z}
{"logTime": "0903/152406", "correlationVector":"h9r9jC+3/oy+4sVY7m4Z64.1","action":"EncryptionKeysManager::SetEncryptionKeys:", "result":"Success", "context":Key names[10]:[uc6Gm22WegGTqjl9C3sED0kLk8mn/D+JUNl38WX+pwqF8S1remztN90oguW/+w6hZzJSiMa39Qextb/1K+2+PA==][km3GlgyyVXmk+N0ZS/Yo92KlsfNdODRNuRAMsPtdLZvkAQsh81caALVWMKxHhHWBgBRuN5o5G6OMZivbSw/jZQ==][s8ek65JsKsfR2UbSztQ9a9osfhAmz/GdhqUf9rK8CVyrQrub/imvB44yMDxKyt7i9NsVs5IL4VsiXtsx2K12eg==][FVyGx7qtdKnPjhfm0sXZF6SadPtOjuJaV0thCg7s3orxts7EoUDU7PHhzvjtUpvKNM3q9dnfZE5tLErYhjYIgw==][Flg0uikwr+IyuXxcc+6ZqFJULOhq9TIWNn/+LfRNQbt0R1JVAFt4Kl0bYdDfCb6HDaMDWxjNR1mCTEu+nDzW5A==][yD6xuT0JJmYH17bkqYHsp3DcVQPUjVO72nSby3LoZkqcS07WfIf7DvpluDL8vKWpEhM7lp9os0GFUpcGEI3RoA==][AX0pUMDnrAWCS2MtdUQJ4X6TmISvWK/jQnluC7NUU5C5npWwlYqXTH+WDYzSdHYkM22Ce6DzU3Tro5utcgB+/A==][4cw2xlKMCcH30rGLorBBiT+hU2LvOlGF3YuOIjxCPtfDX63giVPdaP1d9V8QkVDacz7gA56ySt3eGbVdsI916Q==][I7lDXthXgjzhXwwks4hxbvXd3/x2jBhmvzTVN/ttfteFCUx2pP0seNr6swqXj6c0GU0ExqF6mOp/RaAcEncjjg==][Fq4kuqULR0gK0T6au6nwmQPIP054cdc49l2/ewrFLF7hZpjkMsCXk3dbErSkaovB7BRpdJiPbV78BAMQxF4hGA==]}
{"logTime": "0903/152406", "correlationVector":"h9r9jC+3/oy+4sVY7m4Z64.2","action":"EncryptionKeysManager::SetEncryptionKeysWithTimestamps:", "result":"Success", "context":Key timestamps[10]:[2024-03-02T02:31:48Z][2024-03-07T16:11:21Z][2024-04-05T16:43:10Z][2024-06-20T06:25:06Z][2024-07-17T12:17:33Z][2025-03-13T15:14:32Z][2025-03-18T02:41:59Z][2025-09-28T05:37:51Z][2026-01-25T07:23:07Z][2026-07-24T13:34:16Z]}
{"logTime": "0903/152406", "correlationVector":"dFJvA2NPSttd9XKMuc4lyl","action":"Initial GetUpdates", "result":"", "context":Reason: NEWLY_SUPPORTED_DATATYPE. cV=dFJvA2NPSttd9XKMuc4lyl}
{"logTime": "0903/152407", "correlationVector":"dFJvA2NPSttd9XKMuc4lyl.1","action":"SyncServerConnectionManagerRequest", "result":"SYNC_SERVER_OK", "context":{"environment":"Prod_southindia_prod-s01-004-apac-southindia", "migrationStage":"NotStarted", "server":"akswtt10700000d"}}
{"logTime": "0903/152407", "correlationVector":"dFJvA2NPSttd9XKMuc4lyl.2","action":"ProcessGetUpdates", "result":"Done", "context":{"dataType":"History", "deleted":"0", "process_failed_to_decrypt":"0", "process_pending_decryption":"0", "process_success":"23", "total":"23"}}
{"logTime": "0903/152407", "correlationVector":"dFJvA2NPSttd9XKMuc4lyl.3","action":"GetUpdates Response", "result":"Success", "context":Received 23 update(s). cV=dFJvA2NPSttd9XKMuc4lyl.0;server=akswtt10700000d;cloudType=Consumer;environment=Prod_southindia_prod-s01-004-apac-southindia;migrationStage=NotStarted}
{"logTime": "0903/152407", "correlationVector":"oQ1emGWkmytD/lshTUTL/e","action":"Initial GetUpdates", "result":"", "context":Reason: NEWLY_SUPPORTED_DATATYPE. cV=oQ1emGWkmytD/lshTUTL/e}
{"logTime": "0903/152409", "correlationVector":"oQ1emGWkmytD/lshTUTL/e.1","action":"SyncServerConnectionManagerRequest", "result":"SYNC_SERVER_OK", "context":{"environment":"Prod_southindia_prod-s01-004-apac-southindia", "migrationStage":"NotStarted", "server":"akswtt10700001l"}}
{"logTime": "0903/152409", "correlationVector":"oQ1emGWkmytD/lshTUTL/e.2","action":"ProcessGetUpdates", "result":"Done", "context":{"dataType":"Passwords", "deleted":"0", "process_failed_to_decrypt":"0", "process_pending_decryption":"0", "process_success":"132", "total":"132"}}
{"logTime": "0903/152409", "correlationVector":"oQ1emGWkmytD/lshTUTL/e.3","action":"GetUpdates Response", "result":"Success", "context":Received 132 update(s). cV=oQ1emGWkmytD/lshTUTL/e.0;server=akswtt10700001l;cloudType=Consumer;environment=Prod_southindia_prod-s01-004-apac-southindia;migrationStage=NotStarted}
{"logTime": "0903/152409", "correlationVector":"T3DADIXhKuVuByQMmy7DC+","action":"Initial GetUpdates", "result":"", "context":Reason: NEWLY_SUPPORTED_DATATYPE. cV=T3DADIXhKuVuByQMmy7DC+}
{"logTime": "0903/152410", "correlationVector":"T3DADIXhKuVuByQMmy7DC+.1","action":"SyncServerConnectionManagerRequest", "result":"SYNC_SERVER_OK", "context":{"environment":"Prod_southindia_prod-s01-004-apac-southindia", "migrationStage":"NotStarted", "server":"akswtt10700000w"}}
{"logTime": "0903/152410", "correlationVector":"T3DADIXhKuVuByQMmy7DC+.2","action":"ProcessGetUpdates", "result":"Done", "context":{"dataType":"Autofill", "deleted":"0", "process_failed_to_decrypt":"0", "process_pending_decryption":"0", "process_success":"14", "total":"14"}}
{"logTime": "0903/152410", "correlationVector":"T3DADIXhKuVuByQMmy7DC+.3","action":"GetUpdates Response", "result":"Success", "context":Received 14 update(s). cV=T3DADIXhKuVuByQMmy7DC+.0;server=akswtt10700000w;cloudType=Consumer;environment=Prod_southindia_prod-s01-004-apac-southindia;migrationStage=NotStarted}
{"logTime": "0903/152412", "correlationVector":"SyrykJGNxxCDsTR8Y9g+hR","action":"Normal GetUpdate request", "result":"", "context":cV=SyrykJGNxxCDsTR8Y9g+hR
Nudged types: Sessions, Device Info, User Consents
Refresh requested types: Bookmarks, Preferences, Passwords, Autofill Profiles, Autofill, Extensions, Sessions, Extension settings, History Delete Directives, Device Info, User Consents, Send Tab To Self, Web Apps, History, Saved Tab Group, WebAuthn Credentials, Edge Hub App Usage, Edge Workspace, Encryption Keys}
{"logTime": "0903/152414", "correlationVector":"SyrykJGNxxCDsTR8Y9g+hR.1","action":"SyncServerConnectionManagerRequest", "result":"SYNC_SERVER_OK", "context":{"environment":"Prod_southindia_prod-s01-004-apac-southindia", "migrationStage":"NotStarted", "server":"akswtt10700003m"}}
{"logTime": "0903/152414", "correlationVector":"SyrykJGNxxCDsTR8Y9g+hR.2","action":"ProcessGetUpdates", "result":"Done", "context":{"dataType":"Sessions", "deleted":"0", "process_failed_to_decrypt":"0", "process_pending_decryption":"0", "process_success":"1", "total":"1"}}
{"logTime": "0903/152414", "correlationVector":"SyrykJGNxxCDsTR8Y9g+hR.3","action":"ProcessGetUpdates", "result":"Done", "context":{"dataType":"Device Info", "deleted":"0", "process_failed_to_decrypt":"0", "process_pending_decryption":"0", "process_success":"1", "total":"1"}}
{"logTime": "0903/152414", "correlationVector":"SyrykJGNxxCDsTR8Y9g+hR.4","action":"GetUpdates Response", "result":"Success", "context":Received 2 update(s). cV=SyrykJGNxxCDsTR8Y9g+hR.0;server=akswtt10700003m;cloudType=Consumer;environment=Prod_southindia_prod-s01-004-apac-southindia;migrationStage=NotStarted}
{"logTime": "0903/152416", "correlationVector":"0LRZ4QztXxwUMx6SLdQthb","action":"DoCompareDataConsistency: ", "result":"has local changes and skip compare"}
{"logTime": "0903/152416", "correlationVector":"34hH0/SjltT5t5kAMZ3G6Z","action":"Commit Request", "result":"", "context":Item count: 7
Contributing types: Sessions, Device Info, User Consents, History}
{"logTime": "0903/152419", "correlationVector":"34hH0/SjltT5t5kAMZ3G6Z.1","action":"SyncServerConnectionManagerRequest", "result":"SYNC_SERVER_OK", "context":{"environment":"Prod_southindia_prod-s01-004-apac-southindia", "migrationStage":"NotStarted", "server":"akswtt10700003i"}}
{"logTime": "0903/152419", "correlationVector":"34hH0/SjltT5t5kAMZ3G6Z.2","action":"Commit Response", "result":"Success", "context":Result: Success. cV=34hH0/SjltT5t5kAMZ3G6Z.0;server=akswtt10700003i;cloudType=Consumer;environment=Prod_southindia_prod-s01-004-apac-southindia;migrationStage=NotStarted}
{"logTime": "0903/152439", "correlationVector":"YxmasiNyEOXw4ebNSn/sFs","action":"Commit Request", "result":"", "context":Item count: 2
Contributing types: Sessions, History}
{"logTime": "0903/152440", "correlationVector":"YxmasiNyEOXw4ebNSn/sFs.1","action":"SyncServerConnectionManagerRequest", "result":"SYNC_SERVER_OK", "context":{"environment":"Prod_southindia_prod-s01-004-apac-southindia", "migrationStage":"NotStarted", "server":"akswtt10700001i"}}
{"logTime": "0903/152440", "correlationVector":"YxmasiNyEOXw4ebNSn/sFs.2","action":"Commit Response", "result":"Success", "context":Result: Success. cV=YxmasiNyEOXw4ebNSn/sFs.0;server=akswtt10700001i;cloudType=Consumer;environment=Prod_southindia_prod-s01-004-apac-southindia;migrationStage=NotStarted}
{"logTime": "0903/152441", "correlationVector":"MIaiNE2at1MQkxmrwpHLnt","action":"Normal GetUpdate request", "result":"", "context":cV=MIaiNE2at1MQkxmrwpHLnt
Nudged types: Sessions, History
Notified types: History}
{"logTime": "0903/152441", "correlationVector":"MIaiNE2at1MQkxmrwpHLnt.1","action":"SyncServerConnectionManagerRequest", "result":"SYNC_SERVER_OK", "context":{"environment":"Prod_southindia_prod-s01-004-apac-southindia", "migrationStage":"NotStarted", "server":"akswtt10700001h"}}
{"logTime": "0903/152441", "correlationVector":"MIaiNE2at1MQkxmrwpHLnt.2","action":"ProcessGetUpdates", "result":"Done", "context":{"dataType":"Sessions", "deleted":"0", "process_failed_to_decrypt":"0", "process_pending_decryption":"0", "process_success":"6", "total":"6"}}
{"logTime": "0903/152441", "correlationVector":"MIaiNE2at1MQkxmrwpHLnt.3","action":"ProcessGetUpdates", "result":"Done", "context":{"dataType":"Device Info", "deleted":"0", "process_failed_to_decrypt":"0", "process_pending_decryption":"0", "process_success":"1", "total":"1"}}
{"logTime": "0903/152441", "correlationVector":"MIaiNE2at1MQkxmrwpHLnt.4","action":"ProcessGetUpdates", "result":"Done", "context":{"dataType":"History", "deleted":"0", "process_failed_to_decrypt":"0", "process_pending_decryption":"0", "process_success":"3", "total":"3"}}
{"logTime": "0903/152441", "correlationVector":"MIaiNE2at1MQkxmrwpHLnt.5","action":"GetUpdates Response", "result":"Success", "context":Received 10 update(s). cV=MIaiNE2at1MQkxmrwpHLnt.0;server=akswtt10700001h;cloudType=Consumer;environment=Prod_southindia_prod-s01-004-apac-southindia;migrationStage=NotStarted}
{"logTime": "0903/152619", "correlationVector":"2HLpGQB8tTC/zrmdt/mnzf","action":"Commit Request", "result":"", "context":Item count: 40
Contributing types: Passwords}
{"logTime": "0903/152628", "correlationVector":"2HLpGQB8tTC/zrmdt/mnzf.1","action":"SyncServerConnectionManagerRequest", "result":"SYNC_SERVER_OK", "context":{"environment":"Prod_southindia_prod-s01-004-apac-southindia", "migrationStage":"NotStarted", "server":"akswtt107000028"}}
{"logTime": "0903/152628", "correlationVector":"2HLpGQB8tTC/zrmdt/mnzf.2","action":"Commit Response", "result":"Success", "context":Result: Success. cV=2HLpGQB8tTC/zrmdt/mnzf.0;server=akswtt107000028;cloudType=Consumer;environment=Prod_southindia_prod-s01-004-apac-southindia;migrationStage=NotStarted}
{"logTime": "0903/152628", "correlationVector":"2HLpGQB8tTC/zrmdt/mnzf.3","action":"Commit.Passwords", "result":"Conflict", "context":{"id":"039bde9a-e006-4c8d-a5d0-9ff541b3ed50", "isDeleted":"false", "size":"976", "version":"1788448845353"}}
{"logTime": "0903/152628", "correlationVector":"2HLpGQB8tTC/zrmdt/mnzf.4","action":"Commit.Passwords", "result":"Conflict", "context":{"id":"24d0c122-99bd-4002-b915-bd3096eb8eec", "isDeleted":"false", "size":"770", "version":"1788448845347"}}
{"logTime": "0903/152628", "correlationVector":"2HLpGQB8tTC/zrmdt/mnzf.5","action":"Commit.Passwords", "result":"Conflict", "context":{"id":"542cd2dd-f6c1-41d0-b3a0-ef75e5d01276", "isDeleted":"false", "size":"649", "version":"1788448845345"}}
{"logTime": "0903/152628", "correlationVector":"2HLpGQB8tTC/zrmdt/mnzf.6","action":"Commit.Passwords", "result":"Conflict", "context":{"id":"94afc45c-826e-4cd1-b1b2-0cf960186c8d", "isDeleted":"false", "size":"714", "version":"1788448845379"}}
{"logTime": "0903/152628", "correlationVector":"2HLpGQB8tTC/zrmdt/mnzf.7","action":"Commit.Passwords", "result":"Conflict", "context":{"id":"696fbd95-a5cb-481a-b522-5f321fa54cc3", "isDeleted":"false", "size":"620", "version":"1788448845354"}}
{"logTime": "0903/152628", "correlationVector":"2HLpGQB8tTC/zrmdt/mnzf.8","action":"Commit.Passwords", "result":"Conflict", "context":{"id":"fe37d5b7-4085-46de-9b46-36601f0af9b8", "isDeleted":"false", "size":"1077", "version":"1788448857393"}}
{"logTime": "0903/152628", "correlationVector":"2HLpGQB8tTC/zrmdt/mnzf.9","action":"Commit.Passwords", "result":"Conflict", "context":{"id":"7b99f1bc-8d65-4e02-aac6-bbd54128029c", "isDeleted":"false", "size":"671", "version":"1788448857400"}}
{"logTime": "0903/152628", "correlationVector":"2HLpGQB8tTC/zrmdt/mnzf.10","action":"Commit.Passwords", "result":"Conflict", "context":{"id":"bc745daf-a505-42b5-9ae3-bf3a14c6e21b", "isDeleted":"false", "size":"624", "version":"1788448869940"}}
{"logTime": "0903/152628", "correlationVector":"2HLpGQB8tTC/zrmdt/mnzf.11","action":"Commit.Passwords", "result":"Conflict", "context":{"id":"047d71c7-5010-40a7-b19b-d4796c0d75c3", "isDeleted":"false", "size":"976", "version":"1788448869943"}}
{"logTime": "0903/152628", "correlationVector":"2HLpGQB8tTC/zrmdt/mnzf.12","action":"Commit.Passwords", "result":"Conflict", "context":{"id":"52e3fb5b-9e84-489f-b4a6-9ab951404275", "isDeleted":"false", "size":"983", "version":"1788448845359"}}
{"logTime": "0903/152628", "correlationVector":"2HLpGQB8tTC/zrmdt/mnzf.13","action":"Commit.Passwords", "result":"Conflict", "context":{"id":"4cbb625b-154e-4e67-a0de-1c92f05ca636", "isDeleted":"false", "size":"776", "version":"1788448857373"}}
{"logTime": "0903/152628", "correlationVector":"2HLpGQB8tTC/zrmdt/mnzf.14","action":"Commit.Passwords", "result":"Conflict", "context":{"id":"5acf45fd-9094-435d-bfb6-47ec10fbb022", "isDeleted":"false", "size":"887", "version":"1788448869937"}}
{"logTime": "0903/152628", "correlationVector":"2HLpGQB8tTC/zrmdt/mnzf.15","action":"Commit.Passwords", "result":"Conflict", "context":{"id":"c2e45043-0362-4010-a10c-e58687834b7f", "isDeleted":"false", "size":"923", "version":"1788448845376"}}
{"logTime": "0903/152628", "correlationVector":"2HLpGQB8tTC/zrmdt/mnzf.16","action":"Commit.Passwords", "result":"Conflict", "context":{"id":"73813aac-b704-482f-a5d3-b9abd9364ed7", "isDeleted":"false", "size":"951", "version":"1788448857375"}}
{"logTime": "0903/152628", "correlationVector":"2HLpGQB8tTC/zrmdt/mnzf.17","action":"Commit.Passwords", "result":"Conflict", "context":{"id":"1d6fd60a-f2a6-4e5f-9782-5c61f108c146", "isDeleted":"false", "size":"977", "version":"1788448857368"}}
{"logTime": "0903/152628", "correlationVector":"2HLpGQB8tTC/zrmdt/mnzf.18","action":"Commit.Passwords", "result":"Conflict", "context":{"id":"b2b5f9dd-b558-4d97-b54f-3ead40835b4a", "isDeleted":"false", "size":"741", "version":"1788448869944"}}
{"logTime": "0903/152628", "correlationVector":"2HLpGQB8tTC/zrmdt/mnzf.19","action":"Commit.Passwords", "result":"Conflict", "context":{"id":"dc0ebd8f-3cdf-4dda-b424-7bfc426f7c43", "isDeleted":"false", "size":"627", "version":"1788448869948"}}
{"logTime": "0903/152628", "correlationVector":"2HLpGQB8tTC/zrmdt/mnzf.20","action":"Commit.Passwords", "result":"Conflict", "context":{"id":"973f5d64-d73c-4237-a7cf-f93fb2c4f1d8", "isDeleted":"false", "size":"668", "version":"1788448845344"}}
{"logTime": "0903/152628", "correlationVector":"2HLpGQB8tTC/zrmdt/mnzf.21","action":"Commit.Passwords", "result":"Conflict", "context":{"id":"1735a68a-d51d-4a58-847b-9caa9d03cacc", "isDeleted":"false", "size":"712", "version":"1788448845371"}}
{"logTime": "0903/152628", "correlationVector":"2HLpGQB8tTC/zrmdt/mnzf.22","action":"Commit.Passwords", "result":"Conflict", "context":{"id":"0bc826f1-27bd-48c7-9bad-b6bfdab8b5fc", "isDeleted":"false", "size":"646", "version":"1788448857377"}}
{"logTime": "0903/152628", "correlationVector":"2HLpGQB8tTC/zrmdt/mnzf.23","action":"Commit.Passwords", "result":"Conflict", "context":{"id":"d55952fa-7652-4944-9875-f512595c01ec", "isDeleted":"false", "size":"686", "version":"1788448845343"}}
{"logTime": "0903/152628", "correlationVector":"2HLpGQB8tTC/zrmdt/mnzf.24","action":"Commit.Passwords", "result":"Conflict", "context":{"id":"1f9cd0da-1360-4894-90f2-a03a71000d77", "isDeleted":"false", "size":"673", "version":"1788448869928"}}
{"logTime": "0903/152628", "correlationVector":"2HLpGQB8tTC/zrmdt/mnzf.25","action":"Commit.Passwords", "result":"Conflict", "context":{"id":"244db74f-6811-4b94-8f04-1959fb73b0af", "isDeleted":"false", "size":"953", "version":"1788448857371"}}
{"logTime": "0903/152628", "correlationVector":"2HLpGQB8tTC/zrmdt/mnzf.26","action":"Commit.Passwords", "result":"Conflict", "context":{"id":"3c6384d9-cd51-466f-8c78-9198cc0915dd", "isDeleted":"false", "size":"667", "version":"1788448845342"}}
{"logTime": "0903/152628", "correlationVector":"2HLpGQB8tTC/zrmdt/mnzf.27","action":"Commit.Passwords", "result":"Conflict", "context":{"id":"3aa63fac-6f24-40e9-bf5b-398108a9190b", "isDeleted":"false", "size":"954", "version":"1788448857382"}}
{"logTime": "0903/152628", "correlationVector":"2HLpGQB8tTC/zrmdt/mnzf.28","action":"Commit.Passwords", "result":"Conflict", "context":{"id":"97beb87b-98bc-4031-8b09-ea6832f0c178", "isDeleted":"false", "size":"604", "version":"1788448869927"}}
{"logTime": "0903/152628", "correlationVector":"2HLpGQB8tTC/zrmdt/mnzf.29","action":"Commit.Passwords", "result":"Conflict", "context":{"id":"4057a75e-2ba9-4d64-b0cc-c1068254b7f3", "isDeleted":"false", "size":"979", "version":"1788448857391"}}
{"logTime": "0903/152628", "correlationVector":"2HLpGQB8tTC/zrmdt/mnzf.30","action":"Commit.Passwords", "result":"Conflict", "context":{"id":"f8ce17d9-5a5b-4b8e-b1cb-ff463c3a5120", "isDeleted":"false", "size":"623", "version":"1788448857396"}}
{"logTime": "0903/152628", "correlationVector":"2HLpGQB8tTC/zrmdt/mnzf.31","action":"Commit.Passwords", "result":"Conflict", "context":{"id":"c25d0f8f-ac6c-4945-8322-b6a09f131d64", "isDeleted":"false", "size":"925", "version":"1788448857397"}}
{"logTime": "0903/152628", "correlationVector":"2HLpGQB8tTC/zrmdt/mnzf.32","action":"Commit.Passwords", "result":"Conflict", "context":{"id":"d20d640c-a374-4a63-92ae-f03d30e075c5", "isDeleted":"false", "size":"690", "version":"1788448869933"}}
{"logTime": "0903/152628", "correlationVector":"2HLpGQB8tTC/zrmdt/mnzf.33","action":"Commit.Passwords", "result":"Conflict", "context":{"id":"8be96714-2e53-4d38-a2ff-414e12d1e760", "isDeleted":"false", "size":"899", "version":"1788448857370"}}
{"logTime": "0903/152628", "correlationVector":"2HLpGQB8tTC/zrmdt/mnzf.34","action":"Commit.Passwords", "result":"Conflict", "context":{"id":"a1448257-2766-406b-8d22-320190f40102", "isDeleted":"false", "size":"754", "version":"1788448857380"}}
{"logTime": "0903/152628", "correlationVector":"2HLpGQB8tTC/zrmdt/mnzf.35","action":"Commit.Passwords", "result":"Conflict", "context":{"id":"4e7ef1e3-6d46-4ca3-b1c5-05c80ffb1f56", "isDeleted":"false", "size":"975", "version":"1788448857398"}}
{"logTime": "0903/152628", "correlationVector":"2HLpGQB8tTC/zrmdt/mnzf.36","action":"Commit.Passwords", "result":"Conflict", "context":{"id":"f157767d-5df7-46fe-8e00-b1b68805127c", "isDeleted":"false", "size":"888", "version":"1788448845346"}}
{"logTime": "0903/152628", "correlationVector":"2HLpGQB8tTC/zrmdt/mnzf.37","action":"Commit.Passwords", "result":"Conflict", "context":{"id":"e5fecec2-5932-4cfc-802d-6e3669e2414b", "isDeleted":"false", "size":"925", "version":"1788448857405"}}
{"logTime": "0903/152628", "correlationVector":"2HLpGQB8tTC/zrmdt/mnzf.38","action":"Commit.Passwords", "result":"Conflict", "context":{"id":"3a7cc464-7950-4a67-901e-d299d3afa714", "isDeleted":"false", "size":"976", "version":"1788448857406"}}
{"logTime": "0903/152628", "correlationVector":"2HLpGQB8tTC/zrmdt/mnzf.39","action":"Commit.Passwords", "result":"Conflict", "context":{"id":"655f6513-b561-44e6-9541-8de8bde6c60e", "isDeleted":"false", "size":"677", "version":"1788448845341"}}
{"logTime": "0903/152628", "correlationVector":"2HLpGQB8tTC/zrmdt/mnzf.40","action":"Commit.Passwords", "result":"Conflict", "context":{"id":"ba7ae10d-ea3c-4dbd-ac21-f5f49c61988c", "isDeleted":"false", "size":"984", "version":"1788448845364"}}
{"logTime": "0903/152628", "correlationVector":"2HLpGQB8tTC/zrmdt/mnzf.41","action":"Commit.Passwords", "result":"Conflict", "context":{"id":"792d5b62-0cc4-475d-8ad9-abc95f2d5705", "isDeleted":"false", "size":"738", "version":"1788448845368"}}
{"logTime": "0903/152628", "correlationVector":"2HLpGQB8tTC/zrmdt/mnzf.42","action":"Commit.Passwords", "result":"Conflict", "context":{"id":"65515495-21cc-4a8e-860d-1b395f21cdb0", "isDeleted":"false", "size":"690", "version":"1788448845366"}}
{"logTime": "0903/152629", "correlationVector":"3UbO706IWk1pgYKLDHmtbP","action":"Normal GetUpdate request", "result":"", "context":cV=3UbO706IWk1pgYKLDHmtbP
Nudged types: Passwords, Sessions, History
Notified types: Passwords, History}
{"logTime": "0903/152630", "correlationVector":"3UbO706IWk1pgYKLDHmtbP.1","action":"SyncServerConnectionManagerRequest", "result":"SYNC_SERVER_OK", "context":{"environment":"Prod_southindia_prod-s01-004-apac-southindia", "migrationStage":"NotStarted", "server":"akswtt10700000m"}}
{"logTime": "0903/152630", "correlationVector":"3UbO706IWk1pgYKLDHmtbP.2","action":"ProcessGetUpdates", "result":"Done", "context":{"dataType":"Passwords", "deleted":"0", "process_failed_to_decrypt":"0", "process_pending_decryption":"0", "process_success":"44", "total":"44"}}
{"logTime": "0903/152630", "correlationVector":"3UbO706IWk1pgYKLDHmtbP.3","action":"ProcessGetUpdates", "result":"Done", "context":{"dataType":"Sessions", "deleted":"0", "process_failed_to_decrypt":"0", "process_pending_decryption":"0", "process_success":"3", "total":"3"}}
{"logTime": "0903/152630", "correlationVector":"3UbO706IWk1pgYKLDHmtbP.4","action":"ProcessGetUpdates", "result":"Done", "context":{"dataType":"History", "deleted":"0", "process_failed_to_decrypt":"0", "process_pending_decryption":"0", "process_success":"2", "total":"2"}}
{"logTime": "0903/152630", "correlationVector":"3UbO706IWk1pgYKLDHmtbP.5","action":"GetUpdates Response", "result":"Success", "context":Received 49 update(s). cV=3UbO706IWk1pgYKLDHmtbP.0;server=akswtt10700000m;cloudType=Consumer;environment=Prod_southindia_prod-s01-004-apac-southindia;migrationStage=NotStarted}
{"logTime": "0903/152631", "correlationVector":"hJ851mnLywOQfrCEMSo3tu","action":"Commit Request", "result":"", "context":Item count: 40
Contributing types: Passwords}
{"logTime": "0903/152637", "correlationVector":"hJ851mnLywOQfrCEMSo3tu.1","action":"SyncServerConnectionManagerRequest", "result":"SYNC_SERVER_OK", "context":{"environment":"Prod_southindia_prod-s01-004-apac-southindia", "migrationStage":"NotStarted", "server":"akswtt10700000w"}}
{"logTime": "0903/152637", "correlationVector":"hJ851mnLywOQfrCEMSo3tu.3","action":"Commit.Passwords", "result":"Conflict", "context":{"id":"039bde9a-e006-4c8d-a5d0-9ff541b3ed50", "isDeleted":"false", "size":"976", "version":"1788449186265"}}
{"logTime": "0903/152637", "correlationVector":"hJ851mnLywOQfrCEMSo3tu.2","action":"Commit Response", "result":"Success", "context":Result: Success. cV=hJ851mnLywOQfrCEMSo3tu.0;server=akswtt10700000w;cloudType=Consumer;environment=Prod_southindia_prod-s01-004-apac-southindia;migrationStage=NotStarted}
{"logTime": "0903/152637", "correlationVector":"hJ851mnLywOQfrCEMSo3tu.4","action":"Commit.Passwords", "result":"Conflict", "context":{"id":"24d0c122-99bd-4002-b915-bd3096eb8eec", "isDeleted":"false", "size":"770", "version":"1788449191946"}}
{"logTime": "0903/152637", "correlationVector":"hJ851mnLywOQfrCEMSo3tu.5","action":"Commit.Passwords", "result":"Conflict", "context":{"id":"542cd2dd-f6c1-41d0-b3a0-ef75e5d01276", "isDeleted":"false", "size":"649", "version":"1788449186267"}}
{"logTime": "0903/152637", "correlationVector":"hJ851mnLywOQfrCEMSo3tu.6","action":"Commit.Passwords", "result":"Conflict", "context":{"id":"94afc45c-826e-4cd1-b1b2-0cf960186c8d", "isDeleted":"false", "size":"714", "version":"1788449186268"}}
{"logTime": "0903/152637", "correlationVector":"hJ851mnLywOQfrCEMSo3tu.7","action":"Commit.Passwords", "result":"Conflict", "context":{"id":"696fbd95-a5cb-481a-b522-5f321fa54cc3", "isDeleted":"false", "size":"620", "version":"1788449191950"}}
{"logTime": "0903/152637", "correlationVector":"hJ851mnLywOQfrCEMSo3tu.8","action":"Commit.Passwords", "result":"Conflict", "context":{"id":"fe37d5b7-4085-46de-9b46-36601f0af9b8", "isDeleted":"false", "size":"1077", "version":"1788449186270"}}
{"logTime": "0903/152637", "correlationVector":"hJ851mnLywOQfrCEMSo3tu.9","action":"Commit.Passwords", "result":"Conflict", "context":{"id":"7b99f1bc-8d65-4e02-aac6-bbd54128029c", "isDeleted":"false", "size":"671", "version":"1788449186271"}}
{"logTime": "0903/152637", "correlationVector":"hJ851mnLywOQfrCEMSo3tu.10","action":"Commit.Passwords", "result":"Conflict", "context":{"id":"bc745daf-a505-42b5-9ae3-bf3a14c6e21b", "isDeleted":"false", "size":"624", "version":"1788449186272"}}
{"logTime": "0903/152637", "correlationVector":"hJ851mnLywOQfrCEMSo3tu.11","action":"Commit.Passwords", "result":"Conflict", "context":{"id":"047d71c7-5010-40a7-b19b-d4796c0d75c3", "isDeleted":"false", "size":"976", "version":"1788449186273"}}
{"logTime": "0903/152637", "correlationVector":"hJ851mnLywOQfrCEMSo3tu.12","action":"Commit.Passwords", "result":"Conflict", "context":{"id":"52e3fb5b-9e84-489f-b4a6-9ab951404275", "isDeleted":"false", "size":"983", "version":"1788449186274"}}
{"logTime": "0903/152637", "correlationVector":"hJ851mnLywOQfrCEMSo3tu.13","action":"Commit.Passwords", "result":"Conflict", "context":{"id":"4cbb625b-154e-4e67-a0de-1c92f05ca636", "isDeleted":"false", "size":"776", "version":"1788449186275"}}
{"logTime": "0903/152637", "correlationVector":"hJ851mnLywOQfrCEMSo3tu.14","action":"Commit.Passwords", "result":"Conflict", "context":{"id":"5acf45fd-9094-435d-bfb6-47ec10fbb022", "isDeleted":"false", "size":"887", "version":"1788449186276"}}
{"logTime": "0903/152637", "correlationVector":"hJ851mnLywOQfrCEMSo3tu.15","action":"Commit.Passwords", "result":"Conflict", "context":{"id":"c2e45043-0362-4010-a10c-e58687834b7f", "isDeleted":"false", "size":"923", "version":"1788449186277"}}
{"logTime": "0903/152637", "correlationVector":"hJ851mnLywOQfrCEMSo3tu.16","action":"Commit.Passwords", "result":"Conflict", "context":{"id":"73813aac-b704-482f-a5d3-b9abd9364ed7", "isDeleted":"false", "size":"951", "version":"1788449186278"}}
{"logTime": "0903/152637", "correlationVector":"hJ851mnLywOQfrCEMSo3tu.17","action":"Commit.Passwords", "result":"Conflict", "context":{"id":"1d6fd60a-f2a6-4e5f-9782-5c61f108c146", "isDeleted":"false", "size":"977", "version":"1788449191949"}}
{"logTime": "0903/152637", "correlationVector":"hJ851mnLywOQfrCEMSo3tu.18","action":"Commit.Passwords", "result":"Conflict", "context":{"id":"b2b5f9dd-b558-4d97-b54f-3ead40835b4a", "isDeleted":"false", "size":"741", "version":"1788449186280"}}
{"logTime": "0903/152637", "correlationVector":"hJ851mnLywOQfrCEMSo3tu.19","action":"Commit.Passwords", "result":"Conflict", "context":{"id":"dc0ebd8f-3cdf-4dda-b424-7bfc426f7c43", "isDeleted":"false", "size":"627", "version":"1788449186281"}}
{"logTime": "0903/152637", "correlationVector":"hJ851mnLywOQfrCEMSo3tu.20","action":"Commit.Passwords", "result":"Conflict", "context":{"id":"973f5d64-d73c-4237-a7cf-f93fb2c4f1d8", "isDeleted":"false", "size":"668", "version":"1788449186282"}}
{"logTime": "0903/152637", "correlationVector":"hJ851mnLywOQfrCEMSo3tu.21","action":"Commit.Passwords", "result":"Conflict", "context":{"id":"1735a68a-d51d-4a58-847b-9caa9d03cacc", "isDeleted":"false", "size":"712", "version":"1788449191946"}}
{"logTime": "0903/152637", "correlationVector":"hJ851mnLywOQfrCEMSo3tu.22","action":"Commit.Passwords", "result":"Conflict", "context":{"id":"0bc826f1-27bd-48c7-9bad-b6bfdab8b5fc", "isDeleted":"false", "size":"646", "version":"1788449191945"}}
{"logTime": "0903/152637", "correlationVector":"hJ851mnLywOQfrCEMSo3tu.23","action":"Commit.Passwords", "result":"Conflict", "context":{"id":"d55952fa-7652-4944-9875-f512595c01ec", "isDeleted":"false", "size":"686", "version":"1788449191947"}}
{"logTime": "0903/152637", "correlationVector":"hJ851mnLywOQfrCEMSo3tu.24","action":"Commit.Passwords", "result":"Conflict", "context":{"id":"1f9cd0da-1360-4894-90f2-a03a71000d77", "isDeleted":"false", "size":"673", "version":"1788449186286"}}
{"logTime": "0903/152637", "correlationVector":"hJ851mnLywOQfrCEMSo3tu.25","action":"Commit.Passwords", "result":"Conflict", "context":{"id":"244db74f-6811-4b94-8f04-1959fb73b0af", "isDeleted":"false", "size":"953", "version":"1788449186287"}}
{"logTime": "0903/152637", "correlationVector":"hJ851mnLywOQfrCEMSo3tu.26","action":"Commit.Passwords", "result":"Conflict", "context":{"id":"3c6384d9-cd51-466f-8c78-9198cc0915dd", "isDeleted":"false", "size":"667", "version":"1788449191948"}}
{"logTime": "0903/152637", "correlationVector":"hJ851mnLywOQfrCEMSo3tu.27","action":"Commit.Passwords", "result":"Conflict", "context":{"id":"3aa63fac-6f24-40e9-bf5b-398108a9190b", "isDeleted":"false", "size":"954", "version":"1788449186289"}}
{"logTime": "0903/152637", "correlationVector":"hJ851mnLywOQfrCEMSo3tu.28","action":"Commit.Passwords", "result":"Conflict", "context":{"id":"97beb87b-98bc-4031-8b09-ea6832f0c178", "isDeleted":"false", "size":"604", "version":"1788449186290"}}
{"logTime": "0903/152637", "correlationVector":"hJ851mnLywOQfrCEMSo3tu.29","action":"Commit.Passwords", "result":"Conflict", "context":{"id":"4057a75e-2ba9-4d64-b0cc-c1068254b7f3", "isDeleted":"false", "size":"979", "version":"1788449186291"}}
{"logTime": "0903/152637", "correlationVector":"hJ851mnLywOQfrCEMSo3tu.30","action":"Commit.Passwords", "result":"Conflict", "context":{"id":"f8ce17d9-5a5b-4b8e-b1cb-ff463c3a5120", "isDeleted":"false", "size":"623", "version":"1788449186292"}}
{"logTime": "0903/152637", "correlationVector":"hJ851mnLywOQfrCEMSo3tu.31","action":"Commit.Passwords", "result":"Conflict", "context":{"id":"c25d0f8f-ac6c-4945-8322-b6a09f131d64", "isDeleted":"false", "size":"925", "version":"1788449186293"}}
{"logTime": "0903/152637", "correlationVector":"hJ851mnLywOQfrCEMSo3tu.32","action":"Commit.Passwords", "result":"Conflict", "context":{"id":"d20d640c-a374-4a63-92ae-f03d30e075c5", "isDeleted":"false", "size":"690", "version":"1788449186294"}}
{"logTime": "0903/152637", "correlationVector":"hJ851mnLywOQfrCEMSo3tu.33","action":"Commit.Passwords", "result":"Conflict", "context":{"id":"8be96714-2e53-4d38-a2ff-414e12d1e760", "isDeleted":"false", "size":"899", "version":"1788449186295"}}
{"logTime": "0903/152637", "correlationVector":"hJ851mnLywOQfrCEMSo3tu.34","action":"Commit.Passwords", "result":"Conflict", "context":{"id":"a1448257-2766-406b-8d22-320190f40102", "isDeleted":"false", "size":"754", "version":"1788449186296"}}
{"logTime": "0903/152637", "correlationVector":"hJ851mnLywOQfrCEMSo3tu.35","action":"Commit.Passwords", "result":"Conflict", "context":{"id":"4e7ef1e3-6d46-4ca3-b1c5-05c80ffb1f56", "isDeleted":"false", "size":"975", "version":"1788449186297"}}
{"logTime": "0903/152637", "correlationVector":"hJ851mnLywOQfrCEMSo3tu.36","action":"Commit.Passwords", "result":"Conflict", "context":{"id":"f157767d-5df7-46fe-8e00-b1b68805127c", "isDeleted":"false", "size":"888", "version":"1788449186298"}}
{"logTime": "0903/152637", "correlationVector":"hJ851mnLywOQfrCEMSo3tu.37","action":"Commit.Passwords", "result":"Conflict", "context":{"id":"e5fecec2-5932-4cfc-802d-6e3669e2414b", "isDeleted":"false", "size":"925", "version":"1788449186299"}}
{"logTime": "0903/152637", "correlationVector":"hJ851mnLywOQfrCEMSo3tu.38","action":"Commit.Passwords", "result":"Conflict", "context":{"id":"3a7cc464-7950-4a67-901e-d299d3afa714", "isDeleted":"false", "size":"976", "version":"1788449186300"}}
{"logTime": "0903/152637", "correlationVector":"hJ851mnLywOQfrCEMSo3tu.39","action":"Commit.Passwords", "result":"Conflict", "context":{"id":"655f6513-b561-44e6-9541-8de8bde6c60e", "isDeleted":"false", "size":"677", "version":"1788449186301"}}
{"logTime": "0903/152637", "correlationVector":"hJ851mnLywOQfrCEMSo3tu.40","action":"Commit.Passwords", "result":"Conflict", "context":{"id":"ba7ae10d-ea3c-4dbd-ac21-f5f49c61988c", "isDeleted":"false", "size":"984", "version":"1788449191942"}}
{"logTime": "0903/152637", "correlationVector":"hJ851mnLywOQfrCEMSo3tu.41","action":"Commit.Passwords", "result":"Conflict", "context":{"id":"792d5b62-0cc4-475d-8ad9-abc95f2d5705", "isDeleted":"false", "size":"738", "version":"1788448845368"}}
{"logTime": "0903/152637", "correlationVector":"hJ851mnLywOQfrCEMSo3tu.42","action":"Commit.Passwords", "result":"Conflict", "context":{"id":"65515495-21cc-4a8e-860d-1b395f21cdb0", "isDeleted":"false", "size":"690", "version":"1788448845366"}}
{"logTime": "0903/152638", "correlationVector":"MZlKTgXnWvXsGXDNTpgcgk","action":"Commit Request", "result":"", "context":Item count: 3
Contributing types: Sessions, History}
{"logTime": "0903/152639", "correlationVector":"MZlKTgXnWvXsGXDNTpgcgk.1","action":"SyncServerConnectionManagerRequest", "result":"SYNC_SERVER_OK", "context":{"environment":"Prod_southindia_prod-s01-004-apac-southindia", "migrationStage":"NotStarted", "server":"akswtt10700003d"}}
{"logTime": "0903/152639", "correlationVector":"MZlKTgXnWvXsGXDNTpgcgk.2","action":"Commit Response", "result":"Success", "context":Result: Success. cV=MZlKTgXnWvXsGXDNTpgcgk.0;server=akswtt10700003d;cloudType=Consumer;environment=Prod_southindia_prod-s01-004-apac-southindia;migrationStage=NotStarted}
{"logTime": "0903/152640", "correlationVector":"tteS1q3XXDAjjYpFb4YlKE","action":"Normal GetUpdate request", "result":"", "context":cV=tteS1q3XXDAjjYpFb4YlKE
Nudged types: Passwords
Notified types: Passwords, History}
{"logTime": "0903/152641", "correlationVector":"tteS1q3XXDAjjYpFb4YlKE.1","action":"SyncServerConnectionManagerRequest", "result":"SYNC_SERVER_OK", "context":{"environment":"Prod_southindia_prod-s01-004-apac-southindia", "migrationStage":"NotStarted", "server":"akswtt10700000d"}}
{"logTime": "0903/152641", "correlationVector":"tteS1q3XXDAjjYpFb4YlKE.2","action":"ProcessGetUpdates", "result":"Done", "context":{"dataType":"Sessions", "deleted":"0", "process_failed_to_decrypt":"0", "process_pending_decryption":"0", "process_success":"4", "total":"4"}}
{"logTime": "0903/152641", "correlationVector":"tteS1q3XXDAjjYpFb4YlKE.3","action":"ProcessGetUpdates", "result":"Done", "context":{"dataType":"History", "deleted":"0", "process_failed_to_decrypt":"0", "process_pending_decryption":"0", "process_success":"2", "total":"2"}}
{"logTime": "0903/152641", "correlationVector":"tteS1q3XXDAjjYpFb4YlKE.4","action":"GetUpdates Response", "result":"Success", "context":Received 6 update(s). cV=tteS1q3XXDAjjYpFb4YlKE.0;server=akswtt10700000d;cloudType=Consumer;environment=Prod_southindia_prod-s01-004-apac-southindia;migrationStage=NotStarted}
{"logTime": "0903/152722", "correlationVector":"p1jKyP+NgfVRHMz9i44kEB","action":"Normal GetUpdate request", "result":"", "context":cV=p1jKyP+NgfVRHMz9i44kEB
Nudged types: Passwords, Sessions, History
Notified types: Passwords}
{"logTime": "0903/152722", "correlationVector":"p1jKyP+NgfVRHMz9i44kEB.1","action":"SyncServerConnectionManagerRequest", "result":"SYNC_SERVER_OK", "context":{"environment":"Prod_southindia_prod-s01-004-apac-southindia", "migrationStage":"NotStarted", "server":"akswtt10700001l"}}
{"logTime": "0903/152722", "correlationVector":"p1jKyP+NgfVRHMz9i44kEB.2","action":"ProcessGetUpdates", "result":"Done", "context":{"dataType":"Passwords", "deleted":"0", "process_failed_to_decrypt":"0", "process_pending_decryption":"0", "process_success":"23", "total":"23"}}
{"logTime": "0903/152722", "correlationVector":"p1jKyP+NgfVRHMz9i44kEB.3","action":"GetUpdates Response", "result":"Success", "context":Received 23 update(s). cV=p1jKyP+NgfVRHMz9i44kEB.0;server=akswtt10700001l;cloudType=Consumer;environment=Prod_southindia_prod-s01-004-apac-southindia;migrationStage=NotStarted}
{"logTime": "0903/152723", "correlationVector":"WoTJ9qeNaDvkHuKagiJm33","action":"Commit Request", "result":"", "context":Item count: 40
Contributing types: Passwords}
{"logTime": "0903/152725", "correlationVector":"WoTJ9qeNaDvkHuKagiJm33.1","action":"SyncServerConnectionManagerRequest", "result":"SYNC_SERVER_OK", "context":{"environment":"Prod_southindia_prod-s01-004-apac-southindia", "migrationStage":"NotStarted", "server":"akswtt107000013"}}
{"logTime": "0903/152725", "correlationVector":"WoTJ9qeNaDvkHuKagiJm33.2","action":"Commit Response", "result":"Success", "context":Result: Success. cV=WoTJ9qeNaDvkHuKagiJm33.0;server=akswtt107000013;cloudType=Consumer;environment=Prod_southindia_prod-s01-004-apac-southindia;migrationStage=NotStarted}
{"logTime": "0903/152725", "correlationVector":"WoTJ9qeNaDvkHuKagiJm33.3","action":"Commit.Passwords", "result":"Conflict", "context":{"id":"039bde9a-e006-4c8d-a5d0-9ff541b3ed50", "isDeleted":"false", "size":"976", "version":"1788449198716"}}
{"logTime": "0903/152725", "correlationVector":"WoTJ9qeNaDvkHuKagiJm33.4","action":"Commit.Passwords", "result":"Conflict", "context":{"id":"24d0c122-99bd-4002-b915-bd3096eb8eec", "isDeleted":"false", "size":"770", "version":"1788449198717"}}
{"logTime": "0903/152725", "correlationVector":"WoTJ9qeNaDvkHuKagiJm33.5","action":"Commit.Passwords", "result":"Conflict", "context":{"id":"542cd2dd-f6c1-41d0-b3a0-ef75e5d01276", "isDeleted":"false", "size":"649", "version":"1788449198718"}}
{"logTime": "0903/152725", "correlationVector":"WoTJ9qeNaDvkHuKagiJm33.6","action":"Commit.Passwords", "result":"Conflict", "context":{"id":"94afc45c-826e-4cd1-b1b2-0cf960186c8d", "isDeleted":"false", "size":"714", "version":"1788449198719"}}
{"logTime": "0903/152725", "correlationVector":"WoTJ9qeNaDvkHuKagiJm33.7","action":"Commit.Passwords", "result":"Conflict", "context":{"id":"696fbd95-a5cb-481a-b522-5f321fa54cc3", "isDeleted":"false", "size":"620", "version":"1788449198720"}}
{"logTime": "0903/152725", "correlationVector":"WoTJ9qeNaDvkHuKagiJm33.8","action":"Commit.Passwords", "result":"Conflict", "context":{"id":"fe37d5b7-4085-46de-9b46-36601f0af9b8", "isDeleted":"false", "size":"1077", "version":"1788449198721"}}
{"logTime": "0903/152725", "correlationVector":"WoTJ9qeNaDvkHuKagiJm33.9","action":"Commit.Passwords", "result":"Conflict", "context":{"id":"7b99f1bc-8d65-4e02-aac6-bbd54128029c", "isDeleted":"false", "size":"671", "version":"1788449198722"}}
{"logTime": "0903/152725", "correlationVector":"WoTJ9qeNaDvkHuKagiJm33.10","action":"Commit.Passwords", "result":"Conflict", "context":{"id":"bc745daf-a505-42b5-9ae3-bf3a14c6e21b", "isDeleted":"false", "size":"624", "version":"1788449198723"}}
{"logTime": "0903/152725", "correlationVector":"WoTJ9qeNaDvkHuKagiJm33.11","action":"Commit.Passwords", "result":"Conflict", "context":{"id":"047d71c7-5010-40a7-b19b-d4796c0d75c3", "isDeleted":"false", "size":"976", "version":"1788449198724"}}
{"logTime": "0903/152725", "correlationVector":"WoTJ9qeNaDvkHuKagiJm33.12","action":"Commit.Passwords", "result":"Conflict", "context":{"id":"52e3fb5b-9e84-489f-b4a6-9ab951404275", "isDeleted":"false", "size":"983", "version":"1788449198725"}}
{"logTime": "0903/152725", "correlationVector":"WoTJ9qeNaDvkHuKagiJm33.13","action":"Commit.Passwords", "result":"Conflict", "context":{"id":"4cbb625b-154e-4e67-a0de-1c92f05ca636", "isDeleted":"false", "size":"776", "version":"1788449198726"}}
{"logTime": "0903/152725", "correlationVector":"WoTJ9qeNaDvkHuKagiJm33.14","action":"Commit.Passwords", "result":"Conflict", "context":{"id":"5acf45fd-9094-435d-bfb6-47ec10fbb022", "isDeleted":"false", "size":"887", "version":"1788449198727"}}
{"logTime": "0903/152725", "correlationVector":"WoTJ9qeNaDvkHuKagiJm33.15","action":"Commit.Passwords", "result":"Conflict", "context":{"id":"c2e45043-0362-4010-a10c-e58687834b7f", "isDeleted":"false", "size":"923", "version":"1788449198728"}}
{"logTime": "0903/152725", "correlationVector":"WoTJ9qeNaDvkHuKagiJm33.16","action":"Commit.Passwords", "result":"Conflict", "context":{"id":"73813aac-b704-482f-a5d3-b9abd9364ed7", "isDeleted":"false", "size":"951", "version":"1788449198729"}}
{"logTime": "0903/152725", "correlationVector":"WoTJ9qeNaDvkHuKagiJm33.17","action":"Commit.Passwords", "result":"Conflict", "context":{"id":"1d6fd60a-f2a6-4e5f-9782-5c61f108c146", "isDeleted":"false", "size":"977", "version":"1788449198730"}}
{"logTime": "0903/152725", "correlationVector":"WoTJ9qeNaDvkHuKagiJm33.18","action":"Commit.Passwords", "result":"Conflict", "context":{"id":"b2b5f9dd-b558-4d97-b54f-3ead40835b4a", "isDeleted":"false", "size":"741", "version":"1788449198731"}}
{"logTime": "0903/152725", "correlationVector":"WoTJ9qeNaDvkHuKagiJm33.19","action":"Commit.Passwords", "result":"Conflict", "context":{"id":"dc0ebd8f-3cdf-4dda-b424-7bfc426f7c43", "isDeleted":"false", "size":"627", "version":"1788449198732"}}
{"logTime": "0903/152725", "correlationVector":"WoTJ9qeNaDvkHuKagiJm33.20","action":"Commit.Passwords", "result":"Conflict", "context":{"id":"973f5d64-d73c-4237-a7cf-f93fb2c4f1d8", "isDeleted":"false", "size":"668", "version":"1788449198733"}}
{"logTime": "0903/152725", "correlationVector":"WoTJ9qeNaDvkHuKagiJm33.21","action":"Commit.Passwords", "result":"Conflict", "context":{"id":"1735a68a-d51d-4a58-847b-9caa9d03cacc", "isDeleted":"false", "size":"712", "version":"1788449198734"}}
{"logTime": "0903/152725", "correlationVector":"WoTJ9qeNaDvkHuKagiJm33.22","action":"Commit.Passwords", "result":"Conflict", "context":{"id":"0bc826f1-27bd-48c7-9bad-b6bfdab8b5fc", "isDeleted":"false", "size":"646", "version":"1788449199591"}}
{"logTime": "0903/152725", "correlationVector":"WoTJ9qeNaDvkHuKagiJm33.23","action":"Commit.Passwords", "result":"Conflict", "context":{"id":"d55952fa-7652-4944-9875-f512595c01ec", "isDeleted":"false", "size":"686", "version":"1788449191947"}}
{"logTime": "0903/152725", "correlationVector":"WoTJ9qeNaDvkHuKagiJm33.24","action":"Commit.Passwords", "result":"Conflict", "context":{"id":"1f9cd0da-1360-4894-90f2-a03a71000d77", "isDeleted":"false", "size":"673", "version":"1788449186286"}}
{"logTime": "0903/152725", "correlationVector":"WoTJ9qeNaDvkHuKagiJm33.25","action":"Commit.Passwords", "result":"Conflict", "context":{"id":"244db74f-6811-4b94-8f04-1959fb73b0af", "isDeleted":"false", "size":"953", "version":"1788449186287"}}
{"logTime": "0903/152725", "correlationVector":"WoTJ9qeNaDvkHuKagiJm33.26","action":"Commit.Passwords", "result":"Conflict", "context":{"id":"3c6384d9-cd51-466f-8c78-9198cc0915dd", "isDeleted":"false", "size":"667", "version":"1788449191948"}}
{"logTime": "0903/152725", "correlationVector":"WoTJ9qeNaDvkHuKagiJm33.27","action":"Commit.Passwords", "result":"Conflict", "context":{"id":"3aa63fac-6f24-40e9-bf5b-398108a9190b", "isDeleted":"false", "size":"954", "version":"1788449186289"}}
{"logTime": "0903/152725", "correlationVector":"WoTJ9qeNaDvkHuKagiJm33.28","action":"Commit.Passwords", "result":"Conflict", "context":{"id":"97beb87b-98bc-4031-8b09-ea6832f0c178", "isDeleted":"false", "size":"604", "version":"1788449186290"}}
{"logTime": "0903/152725", "correlationVector":"WoTJ9qeNaDvkHuKagiJm33.29","action":"Commit.Passwords", "result":"Conflict", "context":{"id":"4057a75e-2ba9-4d64-b0cc-c1068254b7f3", "isDeleted":"false", "size":"979", "version":"1788449186291"}}
{"logTime": "0903/152725", "correlationVector":"WoTJ9qeNaDvkHuKagiJm33.30","action":"Commit.Passwords", "result":"Conflict", "context":{"id":"f8ce17d9-5a5b-4b8e-b1cb-ff463c3a5120", "isDeleted":"false", "size":"623", "version":"1788449186292"}}
{"logTime": "0903/152725", "correlationVector":"WoTJ9qeNaDvkHuKagiJm33.31","action":"Commit.Passwords", "result":"Conflict", "context":{"id":"c25d0f8f-ac6c-4945-8322-b6a09f131d64", "isDeleted":"false", "size":"925", "version":"1788449186293"}}
{"logTime": "0903/152725", "correlationVector":"WoTJ9qeNaDvkHuKagiJm33.32","action":"Commit.Passwords", "result":"Conflict", "context":{"id":"d20d640c-a374-4a63-92ae-f03d30e075c5", "isDeleted":"false", "size":"690", "version":"1788449186294"}}
{"logTime": "0903/152725", "correlationVector":"WoTJ9qeNaDvkHuKagiJm33.33","action":"Commit.Passwords", "result":"Conflict", "context":{"id":"8be96714-2e53-4d38-a2ff-414e12d1e760", "isDeleted":"false", "size":"899", "version":"1788449186295"}}
{"logTime": "0903/152725", "correlationVector":"WoTJ9qeNaDvkHuKagiJm33.34","action":"Commit.Passwords", "result":"Conflict", "context":{"id":"a1448257-2766-406b-8d22-320190f40102", "isDeleted":"false", "size":"754", "version":"1788449186296"}}
{"logTime": "0903/152725", "correlationVector":"WoTJ9qeNaDvkHuKagiJm33.35","action":"Commit.Passwords", "result":"Conflict", "context":{"id":"4e7ef1e3-6d46-4ca3-b1c5-05c80ffb1f56", "isDeleted":"false", "size":"975", "version":"1788449186297"}}
{"logTime": "0903/152725", "correlationVector":"WoTJ9qeNaDvkHuKagiJm33.36","action":"Commit.Passwords", "result":"Conflict", "context":{"id":"f157767d-5df7-46fe-8e00-b1b68805127c", "isDeleted":"false", "size":"888", "version":"1788449186298"}}
{"logTime": "0903/152725", "correlationVector":"WoTJ9qeNaDvkHuKagiJm33.37","action":"Commit.Passwords", "result":"Conflict", "context":{"id":"e5fecec2-5932-4cfc-802d-6e3669e2414b", "isDeleted":"false", "size":"925", "version":"1788449186299"}}
{"logTime": "0903/152725", "correlationVector":"WoTJ9qeNaDvkHuKagiJm33.38","action":"Commit.Passwords", "result":"Conflict", "context":{"id":"3a7cc464-7950-4a67-901e-d299d3afa714", "isDeleted":"false", "size":"976", "version":"1788449186300"}}
{"logTime": "0903/152725", "correlationVector":"WoTJ9qeNaDvkHuKagiJm33.39","action":"Commit.Passwords", "result":"Conflict", "context":{"id":"655f6513-b561-44e6-9541-8de8bde6c60e", "isDeleted":"false", "size":"677", "version":"1788449186301"}}
{"logTime": "0903/152725", "correlationVector":"WoTJ9qeNaDvkHuKagiJm33.40","action":"Commit.Passwords", "result":"Conflict", "context":{"id":"ba7ae10d-ea3c-4dbd-ac21-f5f49c61988c", "isDeleted":"false", "size":"984", "version":"1788449247989"}}
{"logTime": "0903/152725", "correlationVector":"WoTJ9qeNaDvkHuKagiJm33.41","action":"Commit.Passwords", "result":"Conflict", "context":{"id":"792d5b62-0cc4-475d-8ad9-abc95f2d5705", "isDeleted":"false", "size":"738", "version":"1788448845368"}}
{"logTime": "0903/152725", "correlationVector":"WoTJ9qeNaDvkHuKagiJm33.42","action":"Commit.Passwords", "result":"Conflict", "context":{"id":"65515495-21cc-4a8e-860d-1b395f21cdb0", "isDeleted":"false", "size":"690", "version":"1788448845366"}}
{"logTime": "0903/152726", "correlationVector":"ZOv1GDEP/DkYclAss3TuY6","action":"Commit Request", "result":"", "context":Item count: 3
Contributing types: Sessions, History}
{"logTime": "0903/152727", "correlationVector":"ZOv1GDEP/DkYclAss3TuY6.1","action":"SyncServerConnectionManagerRequest", "result":"SYNC_SERVER_OK", "context":{"environment":"Prod_southindia_prod-s01-004-apac-southindia", "migrationStage":"NotStarted", "server":"akswtt10700003g"}}
{"logTime": "0903/152727", "correlationVector":"ZOv1GDEP/DkYclAss3TuY6.2","action":"Commit Response", "result":"Success", "context":Result: Success. cV=ZOv1GDEP/DkYclAss3TuY6.0;server=akswtt10700003g;cloudType=Consumer;environment=Prod_southindia_prod-s01-004-apac-southindia;migrationStage=NotStarted}
{"logTime": "0903/152742", "correlationVector":"4v1NKAExtajQvM3hE9XuvV","action":"Commit Request", "result":"", "context":Item count: 3
Contributing types: Sessions, History}
{"logTime": "0903/152743", "correlationVector":"4v1NKAExtajQvM3hE9XuvV.1","action":"SyncServerConnectionManagerRequest", "result":"SYNC_SERVER_OK", "context":{"environment":"Prod_southeastasia_prod-s01-064-apac-southeastasia", "migrationStage":"NotStarted", "server":"akswtt003000018"}}
{"logTime": "0903/152743", "correlationVector":"4v1NKAExtajQvM3hE9XuvV.2","action":"Commit Response", "result":"Success", "context":Result: Success. cV=4v1NKAExtajQvM3hE9XuvV.0;server=akswtt003000018;cloudType=Consumer;environment=Prod_southeastasia_prod-s01-064-apac-southeastasia;migrationStage=NotStarted}
{"logTime": "0903/152747", "correlationVector":"Pv268dT0OXL8fuq2jV5qxu","action":"Normal GetUpdate request", "result":"", "context":cV=Pv268dT0OXL8fuq2jV5qxu
Nudged types: Passwords
Notified types: Passwords, History}
{"logTime": "0903/152833", "correlationVector":"YoGLdT3x9LwZu4wvesvoFy","action":"Normal GetUpdate request", "result":"", "context":cV=YoGLdT3x9LwZu4wvesvoFy
Nudged types: Passwords, Sessions, History
Notified types: Passwords}
{"logTime": "0903/152834", "correlationVector":"YoGLdT3x9LwZu4wvesvoFy.1","action":"SyncServerConnectionManagerRequest", "result":"SYNC_SERVER_OK", "context":{"environment":"Prod_southindia_prod-s01-004-apac-southindia", "migrationStage":"NotStarted", "server":"akswtt10700002v"}}
{"logTime": "0903/152834", "correlationVector":"YoGLdT3x9LwZu4wvesvoFy.2","action":"ProcessGetUpdates", "result":"Done", "context":{"dataType":"Passwords", "deleted":"0", "process_failed_to_decrypt":"0", "process_pending_decryption":"0", "process_success":"78", "total":"78"}}
{"logTime": "0903/152834", "correlationVector":"YoGLdT3x9LwZu4wvesvoFy.3","action":"GetUpdates Response", "result":"Success", "context":Received 78 update(s). cV=YoGLdT3x9LwZu4wvesvoFy.0;server=akswtt10700002v;cloudType=Consumer;environment=Prod_southindia_prod-s01-004-apac-southindia;migrationStage=NotStarted}
{"logTime": "0903/152834", "correlationVector":"4D3UW61Yy6jrFKJrkXD68X","action":"Commit Request", "result":"", "context":Item count: 40
Contributing types: Passwords}
{"logTime": "0903/152846", "correlationVector":"4D3UW61Yy6jrFKJrkXD68X.1","action":"SyncServerConnectionManagerRequest", "result":"SYNC_SERVER_OK", "context":{"environment":"Prod_southindia_prod-s01-004-apac-southindia", "migrationStage":"NotStarted", "server":"akswtt10700000h"}}
{"logTime": "0903/152846", "correlationVector":"4D3UW61Yy6jrFKJrkXD68X.2","action":"Commit Response", "result":"Success", "context":Result: Success. cV=4D3UW61Yy6jrFKJrkXD68X.0;server=akswtt10700000h;cloudType=Consumer;environment=Prod_southindia_prod-s01-004-apac-southindia;migrationStage=NotStarted}
{"logTime": "0903/152846", "correlationVector":"QTv0t5OgCYKO8Y1LKbWUiU","action":"Commit Request", "result":"", "context":Item count: 40
Contributing types: Passwords}
{"logTime": "0903/152858", "correlationVector":"QTv0t5OgCYKO8Y1LKbWUiU.1","action":"SyncServerConnectionManagerRequest", "result":"SYNC_SERVER_OK", "context":{"environment":"Prod_southindia_prod-s01-004-apac-southindia", "migrationStage":"NotStarted", "server":"akswtt10700002v"}}
{"logTime": "0903/152858", "correlationVector":"QTv0t5OgCYKO8Y1LKbWUiU.2","action":"Commit Response", "result":"Success", "context":Result: Success. cV=QTv0t5OgCYKO8Y1LKbWUiU.0;server=akswtt10700002v;cloudType=Consumer;environment=Prod_southindia_prod-s01-004-apac-southindia;migrationStage=NotStarted}
{"logTime": "0903/152858", "correlationVector":"rkpMM/dZONsb6Jq2wz1G/5","action":"Commit Request", "result":"", "context":Item count: 34
Contributing types: Passwords, Sessions, History}
{"logTime": "0903/152908", "correlationVector":"rkpMM/dZONsb6Jq2wz1G/5.1","action":"SyncServerConnectionManagerRequest", "result":"SYNC_SERVER_OK", "context":{"environment":"Prod_southindia_prod-s01-004-apac-southindia", "migrationStage":"NotStarted", "server":"akswtt10700003n"}}
{"logTime": "0903/152908", "correlationVector":"rkpMM/dZONsb6Jq2wz1G/5.2","action":"Commit Response", "result":"Success", "context":Result: Success. cV=rkpMM/dZONsb6Jq2wz1G/5.0;server=akswtt10700003n;cloudType=Consumer;environment=Prod_southindia_prod-s01-004-apac-southindia;migrationStage=NotStarted}
{"logTime": "0903/152908", "correlationVector":"LyjO2EZAd99Ye0KhO1cFow","action":"Normal GetUpdate request", "result":"", "context":cV=LyjO2EZAd99Ye0KhO1cFow
Nudged types: Passwords, Sessions, History
Notified types: History}
{"logTime": "0903/152909", "correlationVector":"LyjO2EZAd99Ye0KhO1cFow.1","action":"SyncServerConnectionManagerRequest", "result":"SYNC_SERVER_OK", "context":{"environment":"Prod_southindia_prod-s01-004-apac-southindia", "migrationStage":"NotStarted", "server":"akswtt10700000y"}}
{"logTime": "0903/152909", "correlationVector":"LyjO2EZAd99Ye0KhO1cFow.2","action":"ProcessGetUpdates", "result":"Done", "context":{"dataType":"Passwords", "deleted":"0", "process_failed_to_decrypt":"0", "process_pending_decryption":"0", "process_success":"111", "total":"111"}}
{"logTime": "0903/152909", "correlationVector":"LyjO2EZAd99Ye0KhO1cFow.3","action":"ProcessGetUpdates", "result":"Done", "context":{"dataType":"Sessions", "deleted":"1", "process_failed_to_decrypt":"0", "process_pending_decryption":"0", "process_success":"5", "total":"5"}}
{"logTime": "0903/152909", "correlationVector":"LyjO2EZAd99Ye0KhO1cFow.4","action":"ProcessGetUpdates", "result":"Done", "context":{"dataType":"History", "deleted":"0", "process_failed_to_decrypt":"0", "process_pending_decryption":"0", "process_success":"5", "total":"5"}}
{"logTime": "0903/152909", "correlationVector":"LyjO2EZAd99Ye0KhO1cFow.5","action":"GetUpdates Response", "result":"Success", "context":Received 121 update(s). cV=LyjO2EZAd99Ye0KhO1cFow.0;server=akswtt10700000y;cloudType=Consumer;environment=Prod_southindia_prod-s01-004-apac-southindia;migrationStage=NotStarted}
{"logTime": "0903/152910", "correlationVector":"EEp/j6VgD6vJPgfEK6WMO6","action":"Commit Request", "result":"", "context":Item count: 1
Contributing types: Sessions}
{"logTime": "0903/152910", "correlationVector":"EEp/j6VgD6vJPgfEK6WMO6.1","action":"SyncServerConnectionManagerRequest", "result":"SYNC_SERVER_OK", "context":{"environment":"Prod_southindia_prod-s01-004-apac-southindia", "migrationStage":"NotStarted", "server":"akswtt107000012"}}
{"logTime": "0903/152910", "correlationVector":"EEp/j6VgD6vJPgfEK6WMO6.2","action":"Commit Response", "result":"Success", "context":Result: Success. cV=EEp/j6VgD6vJPgfEK6WMO6.0;server=akswtt107000012;cloudType=Consumer;environment=Prod_southindia_prod-s01-004-apac-southindia;migrationStage=NotStarted}
{"logTime": "0903/152911", "correlationVector":"3FbObDoAstePT7vpRPyfu4","action":"Normal GetUpdate request", "result":"", "context":cV=3FbObDoAstePT7vpRPyfu4
Nudged types: Sessions
Notified types: History}
{"logTime": "0903/152911", "correlationVector":"3FbObDoAstePT7vpRPyfu4.1","action":"SyncServerConnectionManagerRequest", "result":"SYNC_SERVER_OK", "context":{"environment":"Prod_southindia_prod-s01-004-apac-southindia", "migrationStage":"NotStarted", "server":"akswtt107000032"}}
{"logTime": "0903/152911", "correlationVector":"3FbObDoAstePT7vpRPyfu4.2","action":"ProcessGetUpdates", "result":"Done", "context":{"dataType":"Sessions", "deleted":"0", "process_failed_to_decrypt":"0", "process_pending_decryption":"0", "process_success":"2", "total":"2"}}
{"logTime": "0903/152911", "correlationVector":"3FbObDoAstePT7vpRPyfu4.3","action":"ProcessGetUpdates", "result":"Done", "context":{"dataType":"History", "deleted":"0", "process_failed_to_decrypt":"0", "process_pending_decryption":"0", "process_success":"1", "total":"1"}}
{"logTime": "0903/152911", "correlationVector":"3FbObDoAstePT7vpRPyfu4.4","action":"GetUpdates Response", "result":"Success", "context":Received 3 update(s). cV=3FbObDoAstePT7vpRPyfu4.0;server=akswtt107000032;cloudType=Consumer;environment=Prod_southindia_prod-s01-004-apac-southindia;migrationStage=NotStarted}
{"logTime": "0903/152947", "correlationVector":"ydjc2xufNUGcWcjGUq9RtU","action":"Normal GetUpdate request", "result":"", "context":cV=ydjc2xufNUGcWcjGUq9RtU
Notified types: Passwords}
{"logTime": "0903/152948", "correlationVector":"ydjc2xufNUGcWcjGUq9RtU.1","action":"SyncServerConnectionManagerRequest", "result":"SYNC_SERVER_OK", "context":{"environment":"Prod_southindia_prod-s01-004-apac-southindia", "migrationStage":"NotStarted", "server":"akswtt107000013"}}
{"logTime": "0903/152948", "correlationVector":"ydjc2xufNUGcWcjGUq9RtU.2","action":"ProcessGetUpdates", "result":"Done", "context":{"dataType":"Passwords", "deleted":"0", "process_failed_to_decrypt":"0", "process_pending_decryption":"0", "process_success":"34", "total":"34"}}
{"logTime": "0903/152948", "correlationVector":"ydjc2xufNUGcWcjGUq9RtU.3","action":"GetUpdates Response", "result":"Success", "context":Received 34 update(s). cV=ydjc2xufNUGcWcjGUq9RtU.0;server=akswtt107000013;cloudType=Consumer;environment=Prod_southindia_prod-s01-004-apac-southindia;migrationStage=NotStarted}
{"logTime": "0903/153053", "correlationVector":"VvtnNF3xmBhplHr+eO1AX2","action":"Commit Request", "result":"", "context":Item count: 3
Contributing types: Sessions, History}
{"logTime": "0903/153055", "correlationVector":"VvtnNF3xmBhplHr+eO1AX2.1","action":"SyncServerConnectionManagerRequest", "result":"SYNC_SERVER_OK", "context":{"environment":"Prod_southindia_prod-s01-004-apac-southindia", "migrationStage":"NotStarted", "server":"akswtt107000023"}}
{"logTime": "0903/153055", "correlationVector":"VvtnNF3xmBhplHr+eO1AX2.2","action":"Commit Response", "result":"Success", "context":Result: Success. cV=VvtnNF3xmBhplHr+eO1AX2.0;server=akswtt107000023;cloudType=Consumer;environment=Prod_southindia_prod-s01-004-apac-southindia;migrationStage=NotStarted}
{"logTime": "0903/153055", "correlationVector":"FMuFhdPAWLgohUjNampHLC","action":"Normal GetUpdate request", "result":"", "context":cV=FMuFhdPAWLgohUjNampHLC
Notified types: History}
{"logTime": "0903/153056", "correlationVector":"FMuFhdPAWLgohUjNampHLC.1","action":"SyncServerConnectionManagerRequest", "result":"SYNC_SERVER_OK", "context":{"environment":"Prod_southindia_prod-s01-004-apac-southindia", "migrationStage":"NotStarted", "server":"akswtt10700000a"}}
{"logTime": "0903/153056", "correlationVector":"FMuFhdPAWLgohUjNampHLC.2","action":"ProcessGetUpdates", "result":"Done", "context":{"dataType":"Sessions", "deleted":"0", "process_failed_to_decrypt":"0", "process_pending_decryption":"0", "process_success":"2", "total":"2"}}
{"logTime": "0903/153056", "correlationVector":"FMuFhdPAWLgohUjNampHLC.3","action":"ProcessGetUpdates", "result":"Done", "context":{"dataType":"History", "deleted":"0", "process_failed_to_decrypt":"0", "process_pending_decryption":"0", "process_success":"4", "total":"4"}}
{"logTime": "0903/153056", "correlationVector":"FMuFhdPAWLgohUjNampHLC.4","action":"GetUpdates Response", "result":"Success", "context":Received 6 update(s). cV=FMuFhdPAWLgohUjNampHLC.0;server=akswtt10700000a;cloudType=Consumer;environment=Prod_southindia_prod-s01-004-apac-southindia;migrationStage=NotStarted}
{"logTime": "0903/153059", "correlationVector":"gsOpI1mDra+GS1Y8e2wOHy","action":"Normal GetUpdate request", "result":"", "context":cV=gsOpI1mDra+GS1Y8e2wOHy
Notified types: History}
{"logTime": "0903/153059", "correlationVector":"gsOpI1mDra+GS1Y8e2wOHy.1","action":"SyncServerConnectionManagerRequest", "result":"SYNC_SERVER_OK", "context":{"environment":"Prod_southindia_prod-s01-004-apac-southindia", "migrationStage":"NotStarted", "server":"akswtt10700003e"}}
{"logTime": "0903/153059", "correlationVector":"gsOpI1mDra+GS1Y8e2wOHy.2","action":"ProcessGetUpdates", "result":"Done", "context":{"dataType":"Sessions", "deleted":"1", "process_failed_to_decrypt":"0", "process_pending_decryption":"0", "process_success":"3", "total":"3"}}
{"logTime": "0903/153059", "correlationVector":"gsOpI1mDra+GS1Y8e2wOHy.3","action":"ProcessGetUpdates", "result":"Done", "context":{"dataType":"History", "deleted":"0", "process_failed_to_decrypt":"0", "process_pending_decryption":"0", "process_success":"1", "total":"1"}}
{"logTime": "0903/153059", "correlationVector":"gsOpI1mDra+GS1Y8e2wOHy.4","action":"GetUpdates Response", "result":"Success", "context":Received 4 update(s). cV=gsOpI1mDra+GS1Y8e2wOHy.0;server=akswtt10700003e;cloudType=Consumer;environment=Prod_southindia_prod-s01-004-apac-southindia;migrationStage=NotStarted}
