{"logTime": "0903/165449", "correlationVector":"jZo9yN3oWvO1iHRJJa1Knh.1","action":"SyncServerConnectionManagerRequest", "result":"SYNC_SERVER_OK", "context":{"environment":"Prod_southindia_prod-s01-004-apac-southindia", "migrationStage":"NotStarted", "server":"akswtt107000016"}}
{"logTime": "0903/165449", "correlationVector":"jZo9yN3oWvO1iHRJJa1Knh.2","action":"ProcessGetUpdates", "result":"Done", "context":{"dataType":"Encryption Keys", "deleted":"0", "process_failed_to_decrypt":"0", "process_pending_decryption":"0", "process_success":"1", "total":"1"}}
{"logTime": "0903/165450", "correlationVector":"VItO1xt7xO8lcFNK2dC1Ym","action":"SyncServerConnectionManagerRequest", "result":"SYNC_SERVER_OK", "context":{"environment":"", "migrationStage":"", "server":""}}
{"logTime": "0903/165450", "correlationVector":"VItO1xt7xO8lcFNK2dC1Ym.0","action":"EncryptionKeysFetcher.DownloadKeys:", "result":"Success", "context":Key count: 10, Last key timestamp: 2026-07-24T13:34:16Z}
{"logTime": "0903/165450", "correlationVector":"VItO1xt7xO8lcFNK2dC1Ym.1","action":"EncryptionKeysManager::SetEncryptionKeys:", "result":"Success", "context":Key names[10]:[uc6Gm22WegGTqjl9C3sED0kLk8mn/D+JUNl38WX+pwqF8S1remztN90oguW/+w6hZzJSiMa39Qextb/1K+2+PA==][km3GlgyyVXmk+N0ZS/Yo92KlsfNdODRNuRAMsPtdLZvkAQsh81caALVWMKxHhHWBgBRuN5o5G6OMZivbSw/jZQ==][s8ek65JsKsfR2UbSztQ9a9osfhAmz/GdhqUf9rK8CVyrQrub/imvB44yMDxKyt7i9NsVs5IL4VsiXtsx2K12eg==][FVyGx7qtdKnPjhfm0sXZF6SadPtOjuJaV0thCg7s3orxts7EoUDU7PHhzvjtUpvKNM3q9dnfZE5tLErYhjYIgw==][Flg0uikwr+IyuXxcc+6ZqFJULOhq9TIWNn/+LfRNQbt0R1JVAFt4Kl0bYdDfCb6HDaMDWxjNR1mCTEu+nDzW5A==][yD6xuT0JJmYH17bkqYHsp3DcVQPUjVO72nSby3LoZkqcS07WfIf7DvpluDL8vKWpEhM7lp9os0GFUpcGEI3RoA==][AX0pUMDnrAWCS2MtdUQJ4X6TmISvWK/jQnluC7NUU5C5npWwlYqXTH+WDYzSdHYkM22Ce6DzU3Tro5utcgB+/A==][4cw2xlKMCcH30rGLorBBiT+hU2LvOlGF3YuOIjxCPtfDX63giVPdaP1d9V8QkVDacz7gA56ySt3eGbVdsI916Q==][I7lDXthXgjzhXwwks4hxbvXd3/x2jBhmvzTVN/ttfteFCUx2pP0seNr6swqXj6c0GU0ExqF6mOp/RaAcEncjjg==][Fq4kuqULR0gK0T6au6nwmQPIP054cdc49l2/ewrFLF7hZpjkMsCXk3dbErSkaovB7BRpdJiPbV78BAMQxF4hGA==]}
{"logTime": "0903/165450", "correlationVector":"VItO1xt7xO8lcFNK2dC1Ym.2","action":"EncryptionKeysManager::SetEncryptionKeysWithTimestamps:", "result":"Success", "context":Key timestamps[10]:[2024-03-02T02:31:48Z][2024-03-07T16:11:21Z][2024-04-05T16:43:10Z][2024-06-20T06:25:06Z][2024-07-17T12:17:33Z][2025-03-13T15:14:32Z][2025-03-18T02:41:59Z][2025-09-28T05:37:51Z][2026-01-25T07:23:07Z][2026-07-24T13:34:16Z]}
{"logTime": "0903/165450", "correlationVector":"jZo9yN3oWvO1iHRJJa1Knh","action":"Initial GetUpdates", "result":"", "context":Reason: NEW_CLIENT. cV=jZo9yN3oWvO1iHRJJa1Knh}
{"logTime": "0903/165450", "correlationVector":"jZo9yN3oWvO1iHRJJa1Knh.3","action":"GetUpdates Response", "result":"Success", "context":Received 1 update(s). cV=jZo9yN3oWvO1iHRJJa1Knh.0;server=akswtt107000016;cloudType=Consumer;environment=Prod_southindia_prod-s01-004-apac-southindia;migrationStage=NotStarted}
{"logTime": "0903/165450", "correlationVector":"oti2KrIaaH6BIpvOZO7NKG","action":"Initial GetUpdates", "result":"", "context":Reason: NEWLY_SUPPORTED_DATATYPE. cV=oti2KrIaaH6BIpvOZO7NKG}
{"logTime": "0903/165452", "correlationVector":"oti2KrIaaH6BIpvOZO7NKG.1","action":"SyncServerConnectionManagerRequest", "result":"SYNC_SERVER_OK", "context":{"environment":"Prod_southindia_prod-s01-004-apac-southindia", "migrationStage":"NotStarted", "server":"akswtt10700000z"}}
{"logTime": "0903/165452", "correlationVector":"oti2KrIaaH6BIpvOZO7NKG.2","action":"ProcessGetUpdates", "result":"Done", "context":{"dataType":"Passwords", "deleted":"0", "process_failed_to_decrypt":"0", "process_pending_decryption":"0", "process_success":"132", "total":"132"}}
{"logTime": "0903/165452", "correlationVector":"oti2KrIaaH6BIpvOZO7NKG.3","action":"ProcessGetUpdates", "result":"Done", "context":{"dataType":"Device Info", "deleted":"0", "process_failed_to_decrypt":"0", "process_pending_decryption":"0", "process_success":"19", "total":"19"}}
{"logTime": "0903/165452", "correlationVector":"oti2KrIaaH6BIpvOZO7NKG.4","action":"GetUpdates Response", "result":"Success", "context":Received 151 update(s). cV=oti2KrIaaH6BIpvOZO7NKG.0;server=akswtt10700000z;cloudType=Consumer;environment=Prod_southindia_prod-s01-004-apac-southindia;migrationStage=NotStarted}
{"logTime": "0903/165452", "correlationVector":"z+1NWJ0+bcnmyj+O2yigcW","action":"Initial GetUpdates", "result":"", "context":Reason: NEWLY_SUPPORTED_DATATYPE. cV=z+1NWJ0+bcnmyj+O2yigcW}
{"logTime": "0903/165454", "correlationVector":"z+1NWJ0+bcnmyj+O2yigcW.1","action":"SyncServerConnectionManagerRequest", "result":"SYNC_SERVER_OK", "context":{"environment":"Prod_southindia_prod-s01-004-apac-southindia", "migrationStage":"NotStarted", "server":"akswtt10700001a"}}
{"logTime": "0903/165454", "correlationVector":"z+1NWJ0+bcnmyj+O2yigcW.2","action":"ProcessGetUpdates", "result":"Done", "context":{"dataType":"Bookmarks", "deleted":"0", "process_failed_to_decrypt":"0", "process_pending_decryption":"0", "process_success":"10", "total":"10"}}
{"logTime": "0903/165454", "correlationVector":"z+1NWJ0+bcnmyj+O2yigcW.3","action":"ProcessGetUpdates", "result":"Done", "context":{"dataType":"Preferences", "deleted":"0", "process_failed_to_decrypt":"0", "process_pending_decryption":"0", "process_success":"70", "total":"70"}}
{"logTime": "0903/165454", "correlationVector":"z+1NWJ0+bcnmyj+O2yigcW.4","action":"ProcessGetUpdates", "result":"Done", "context":{"dataType":"Autofill", "deleted":"0", "process_failed_to_decrypt":"0", "process_pending_decryption":"0", "process_success":"14", "total":"14"}}
{"logTime": "0903/165454", "correlationVector":"z+1NWJ0+bcnmyj+O2yigcW.5","action":"ProcessGetUpdates", "result":"Done", "context":{"dataType":"Extensions", "deleted":"0", "process_failed_to_decrypt":"0", "process_pending_decryption":"0", "process_success":"5", "total":"5"}}
{"logTime": "0903/165454", "correlationVector":"z+1NWJ0+bcnmyj+O2yigcW.6","action":"ProcessGetUpdates", "result":"Done", "context":{"dataType":"Sessions", "deleted":"14", "process_failed_to_decrypt":"0", "process_pending_decryption":"0", "process_success":"47", "total":"47"}}
{"logTime": "0903/165454", "correlationVector":"z+1NWJ0+bcnmyj+O2yigcW.7","action":"GetUpdates Response", "result":"Success", "context":Received 146 update(s). cV=z+1NWJ0+bcnmyj+O2yigcW.0;server=akswtt10700001a;cloudType=Consumer;environment=Prod_southindia_prod-s01-004-apac-southindia;migrationStage=NotStarted}
{"logTime": "0903/165454", "correlationVector":"wC7MYMqgEbZXy/A+1PorEL","action":"Initial GetUpdates", "result":"", "context":Reason: NEWLY_SUPPORTED_DATATYPE. cV=wC7MYMqgEbZXy/A+1PorEL}
{"logTime": "0903/165454", "correlationVector":"wC7MYMqgEbZXy/A+1PorEL.1","action":"SyncServerConnectionManagerRequest", "result":"SYNC_SERVER_OK", "context":{"environment":"Prod_southindia_prod-s01-004-apac-southindia", "migrationStage":"NotStarted", "server":"akswtt107000011"}}
{"logTime": "0903/165454", "correlationVector":"wC7MYMqgEbZXy/A+1PorEL.2","action":"ProcessGetUpdates", "result":"Done", "context":{"dataType":"History", "deleted":"0", "process_failed_to_decrypt":"0", "process_pending_decryption":"0", "process_success":"42", "total":"42"}}
{"logTime": "0903/165454", "correlationVector":"wC7MYMqgEbZXy/A+1PorEL.3","action":"GetUpdates Response", "result":"Success", "context":Received 42 update(s). cV=wC7MYMqgEbZXy/A+1PorEL.0;server=akswtt107000011;cloudType=Consumer;environment=Prod_southindia_prod-s01-004-apac-southindia;migrationStage=NotStarted}
{"logTime": "0903/165454", "correlationVector":"l7oWudBYbX7I7VFooBSnXZ","action":"Normal GetUpdate request", "result":"", "context":cV=l7oWudBYbX7I7VFooBSnXZ
Nudged types: Sessions, Device Info, User Consents
Refresh requested types: Bookmarks, Preferences, Passwords, Autofill Profiles, Autofill, Extensions, Sessions, Extension settings, History Delete Directives, Device Info, User Consents, Send Tab To Self, Web Apps, History, Saved Tab Group, WebAuthn Credentials, Edge Hub App Usage, Edge Workspace, Encryption Keys}
{"logTime": "0903/165455", "correlationVector":"l7oWudBYbX7I7VFooBSnXZ.1","action":"SyncServerConnectionManagerRequest", "result":"SYNC_SERVER_OK", "context":{"environment":"Prod_southindia_prod-s01-004-apac-southindia", "migrationStage":"NotStarted", "server":"akswtt10700003c"}}
{"logTime": "0903/165455", "correlationVector":"l7oWudBYbX7I7VFooBSnXZ.2","action":"GetUpdates Response", "result":"Success", "context":Received 0 update(s). cV=l7oWudBYbX7I7VFooBSnXZ.0;server=akswtt10700003c;cloudType=Consumer;environment=Prod_southindia_prod-s01-004-apac-southindia;migrationStage=NotStarted}
{"logTime": "0903/165456", "correlationVector":"iJa2jZip5pFLCaHvJqC6kK","action":"DoCompareDataConsistency requsted types: ", "result":"Bookmarks, Preferences, Passwords, Extensions, Extension settings, History Delete Directives, Send Tab To Self, Web Apps, History, Saved Tab Group, WebAuthn Credentials, Edge Workspace, Encryption Keys"}
{"logTime": "0903/165456", "correlationVector":"iJa2jZip5pFLCaHvJqC6kK.0","action":"CompareDataConsistency result: ", "result":"Compare result: Encryption Keys is consistent. local entities count is: 1 local entities hash is: uwZcdIvcO6dtwSxHuP29ZVsIDJc="}
{"logTime": "0903/165456", "correlationVector":"iJa2jZip5pFLCaHvJqC6kK.1","action":"CompareDataConsistency result: ", "result":"Compare result: Bookmarks is consistent. local entities count is: 4 local entities hash is: eMLi1iBqjs7glT/cOx3X4kmAqi0="}
{"logTime": "0903/165456", "correlationVector":"iJa2jZip5pFLCaHvJqC6kK.2","action":"CompareDataConsistency result: ", "result":"Compare result: Preferences is consistent. local entities count is: 70 local entities hash is: /YW7n2Gi2ibAtsydmxKYa203xz0="}
{"logTime": "0903/165456", "correlationVector":"iJa2jZip5pFLCaHvJqC6kK.3","action":"CompareDataConsistency result: ", "result":"Compare result: Extensions is consistent. local entities count is: 5 local entities hash is: fb29WUW4yEJda9qmzcO8JRRq7OE="}
{"logTime": "0903/165456", "correlationVector":"iJa2jZip5pFLCaHvJqC6kK.4","action":"CompareDataConsistency result: ", "result":"Compare result: Extension settings is consistent. local entities count is: 0 local entities hash is: "}
{"logTime": "0903/165456", "correlationVector":"iJa2jZip5pFLCaHvJqC6kK.5","action":"CompareDataConsistency result: ", "result":"Compare result: History Delete Directives is consistent. local entities count is: 0 local entities hash is: "}
{"logTime": "0903/165456", "correlationVector":"iJa2jZip5pFLCaHvJqC6kK.6","action":"CompareDataConsistency result: ", "result":"Server did not send this Send Tab To Self local entities count is: 0 local entities hash is: "}
{"logTime": "0903/165456", "correlationVector":"iJa2jZip5pFLCaHvJqC6kK.7","action":"CompareDataConsistency result: ", "result":"Compare result: Web Apps is consistent. local entities count is: 0 local entities hash is: "}
{"logTime": "0903/165456", "correlationVector":"iJa2jZip5pFLCaHvJqC6kK.8","action":"CompareDataConsistency result: ", "result":"Server did not send this History local entities count is: 0 local entities hash is: "}
{"logTime": "0903/165456", "correlationVector":"iJa2jZip5pFLCaHvJqC6kK.9","action":"CompareDataConsistency result: ", "result":"Compare result: Saved Tab Group is consistent. local entities count is: 0 local entities hash is: "}
{"logTime": "0903/165456", "correlationVector":"iJa2jZip5pFLCaHvJqC6kK.10","action":"CompareDataConsistency result: ", "result":"Server did not send this WebAuthn Credentials local entities count is: 0 local entities hash is: "}
{"logTime": "0903/165456", "correlationVector":"iJa2jZip5pFLCaHvJqC6kK.11","action":"CompareDataConsistency result: ", "result":"Server did not send this Edge Workspace local entities count is: 0 local entities hash is: "}
{"logTime": "0903/165456", "correlationVector":"iJa2jZip5pFLCaHvJqC6kK.12","action":"CompareDataConsistency result: ", "result":"Compare result: Passwords is consistent. local entities count is: 132 local entities hash is: qVsP62HGIyuWcOcbfXZSZSEixVo="}
{"logTime": "0903/165456", "correlationVector":"Eek9zZjaGZz3EINGl7JxDc","action":"Commit Request", "result":"", "context":Item count: 4
Contributing types: Sessions, Device Info, User Consents}
{"logTime": "0903/165457", "correlationVector":"Eek9zZjaGZz3EINGl7JxDc.1","action":"SyncServerConnectionManagerRequest", "result":"SYNC_SERVER_OK", "context":{"environment":"Prod_southindia_prod-s01-004-apac-southindia", "migrationStage":"NotStarted", "server":"akswtt10700003c"}}
{"logTime": "0903/165457", "correlationVector":"Eek9zZjaGZz3EINGl7JxDc.2","action":"Commit Response", "result":"Success", "context":Result: Success. cV=Eek9zZjaGZz3EINGl7JxDc.0;server=akswtt10700003c;cloudType=Consumer;environment=Prod_southindia_prod-s01-004-apac-southindia;migrationStage=NotStarted}
{"logTime": "0903/165457", "correlationVector":"","action":"DIAGNOSTIC_REQUEST|v1/diagnosticData/Diagnostic.SendCheckResult()|SUCCESS", "result":""}
{"logTime": "0903/165556", "correlationVector":"uajgmt4dfu9GlnFUTgsytl","action":"Commit Request", "result":"", "context":Item count: 40
Contributing types: Passwords}
{"logTime": "0903/165607", "correlationVector":"uajgmt4dfu9GlnFUTgsytl.1","action":"SyncServerConnectionManagerRequest", "result":"SYNC_SERVER_OK", "context":{"environment":"Prod_southindia_prod-s01-004-apac-southindia", "migrationStage":"NotStarted", "server":"akswtt10700003c"}}
{"logTime": "0903/165607", "correlationVector":"uajgmt4dfu9GlnFUTgsytl.2","action":"Commit Response", "result":"Success", "context":Result: Success. cV=uajgmt4dfu9GlnFUTgsytl.0;server=akswtt10700003c;cloudType=Consumer;environment=Prod_southindia_prod-s01-004-apac-southindia;migrationStage=NotStarted}
{"logTime": "0903/165607", "correlationVector":"jsUAnGJN61WGELInz5phMX","action":"Commit Request", "result":"", "context":Item count: 40
Contributing types: Passwords}
{"logTime": "0903/165619", "correlationVector":"jsUAnGJN61WGELInz5phMX.1","action":"SyncServerConnectionManagerRequest", "result":"SYNC_SERVER_OK", "context":{"environment":"Prod_southindia_prod-s01-004-apac-southindia", "migrationStage":"NotStarted", "server":"akswtt107000016"}}
{"logTime": "0903/165619", "correlationVector":"jsUAnGJN61WGELInz5phMX.2","action":"Commit Response", "result":"Success", "context":Result: Success. cV=jsUAnGJN61WGELInz5phMX.0;server=akswtt107000016;cloudType=Consumer;environment=Prod_southindia_prod-s01-004-apac-southindia;migrationStage=NotStarted}
{"logTime": "0903/165619", "correlationVector":"Tr23b/DjRK+EWkNcUiYhC/","action":"Commit Request", "result":"", "context":Item count: 37
Contributing types: Passwords, Sessions, History}
{"logTime": "0903/165630", "correlationVector":"Tr23b/DjRK+EWkNcUiYhC/.1","action":"SyncServerConnectionManagerRequest", "result":"SYNC_SERVER_OK", "context":{"environment":"Prod_southindia_prod-s01-004-apac-southindia", "migrationStage":"NotStarted", "server":"akswtt10700001p"}}
{"logTime": "0903/165630", "correlationVector":"Tr23b/DjRK+EWkNcUiYhC/.2","action":"Commit Response", "result":"Success", "context":Result: Success. cV=Tr23b/DjRK+EWkNcUiYhC/.0;server=akswtt10700001p;cloudType=Consumer;environment=Prod_southindia_prod-s01-004-apac-southindia;migrationStage=NotStarted}
{"logTime": "0903/165704", "correlationVector":"23Utu1MMiJkx+86H/Ol/rK","action":"Normal GetUpdate request", "result":"", "context":cV=23Utu1MMiJkx+86H/Ol/rK
Notified types: Device Info}
{"logTime": "0903/165704", "correlationVector":"23Utu1MMiJkx+86H/Ol/rK.1","action":"SyncServerConnectionManagerRequest", "result":"SYNC_SERVER_OK", "context":{"environment":"Prod_southindia_prod-s01-004-apac-southindia", "migrationStage":"NotStarted", "server":"akswtt107000032"}}
{"logTime": "0903/165704", "correlationVector":"23Utu1MMiJkx+86H/Ol/rK.2","action":"ProcessGetUpdates", "result":"Done", "context":{"dataType":"Passwords", "deleted":"0", "process_failed_to_decrypt":"0", "process_pending_decryption":"0", "process_success":"111", "total":"111"}}
{"logTime": "0903/165704", "correlationVector":"23Utu1MMiJkx+86H/Ol/rK.3","action":"ProcessGetUpdates", "result":"Done", "context":{"dataType":"Sessions", "deleted":"0", "process_failed_to_decrypt":"0", "process_pending_decryption":"0", "process_success":"6", "total":"6"}}
{"logTime": "0903/165704", "correlationVector":"23Utu1MMiJkx+86H/Ol/rK.4","action":"ProcessGetUpdates", "result":"Done", "context":{"dataType":"Device Info", "deleted":"0", "process_failed_to_decrypt":"0", "process_pending_decryption":"0", "process_success":"2", "total":"2"}}
{"logTime": "0903/165704", "correlationVector":"23Utu1MMiJkx+86H/Ol/rK.5","action":"ProcessGetUpdates", "result":"Done", "context":{"dataType":"History", "deleted":"0", "process_failed_to_decrypt":"0", "process_pending_decryption":"0", "process_success":"3", "total":"3"}}
{"logTime": "0903/165704", "correlationVector":"23Utu1MMiJkx+86H/Ol/rK.6","action":"GetUpdates Response", "result":"Success", "context":Received 122 update(s). cV=23Utu1MMiJkx+86H/Ol/rK.0;server=akswtt107000032;cloudType=Consumer;environment=Prod_southindia_prod-s01-004-apac-southindia;migrationStage=NotStarted}
{"logTime": "0903/165943", "correlationVector":"3ewpPaJ74CAWix58nYYBgJ","action":"Normal GetUpdate request", "result":"", "context":cV=3ewpPaJ74CAWix58nYYBgJ
Notified types: History}
{"logTime": "0903/165944", "correlationVector":"3ewpPaJ74CAWix58nYYBgJ.1","action":"SyncServerConnectionManagerRequest", "result":"SYNC_SERVER_OK", "context":{"environment":"Prod_southindia_prod-s01-004-apac-southindia", "migrationStage":"NotStarted", "server":"akswtt10700001c"}}
{"logTime": "0903/165944", "correlationVector":"3ewpPaJ74CAWix58nYYBgJ.2","action":"ProcessGetUpdates", "result":"Done", "context":{"dataType":"Sessions", "deleted":"1", "process_failed_to_decrypt":"0", "process_pending_decryption":"0", "process_success":"3", "total":"3"}}
{"logTime": "0903/165944", "correlationVector":"3ewpPaJ74CAWix58nYYBgJ.3","action":"ProcessGetUpdates", "result":"Done", "context":{"dataType":"History", "deleted":"0", "process_failed_to_decrypt":"0", "process_pending_decryption":"0", "process_success":"1", "total":"1"}}
{"logTime": "0903/165944", "correlationVector":"3ewpPaJ74CAWix58nYYBgJ.4","action":"GetUpdates Response", "result":"Success", "context":Received 4 update(s). cV=3ewpPaJ74CAWix58nYYBgJ.0;server=akswtt10700001c;cloudType=Consumer;environment=Prod_southindia_prod-s01-004-apac-southindia;migrationStage=NotStarted}
{"logTime": "0903/170054", "correlationVector":"fvxTI4z+TIcEMZW0bJC+Rq","action":"Normal GetUpdate request", "result":"", "context":cV=fvxTI4z+TIcEMZW0bJC+Rq
Notified types: History}
{"logTime": "0903/170055", "correlationVector":"fvxTI4z+TIcEMZW0bJC+Rq.1","action":"SyncServerConnectionManagerRequest", "result":"SYNC_SERVER_OK", "context":{"environment":"Prod_southindia_prod-s01-004-apac-southindia", "migrationStage":"NotStarted", "server":"akswtt10700003c"}}
{"logTime": "0903/170055", "correlationVector":"fvxTI4z+TIcEMZW0bJC+Rq.2","action":"ProcessGetUpdates", "result":"Done", "context":{"dataType":"Sessions", "deleted":"1", "process_failed_to_decrypt":"0", "process_pending_decryption":"0", "process_success":"3", "total":"3"}}
{"logTime": "0903/170055", "correlationVector":"fvxTI4z+TIcEMZW0bJC+Rq.3","action":"ProcessGetUpdates", "result":"Done", "context":{"dataType":"History", "deleted":"0", "process_failed_to_decrypt":"0", "process_pending_decryption":"0", "process_success":"1", "total":"1"}}
{"logTime": "0903/170055", "correlationVector":"fvxTI4z+TIcEMZW0bJC+Rq.4","action":"GetUpdates Response", "result":"Success", "context":Received 4 update(s). cV=fvxTI4z+TIcEMZW0bJC+Rq.0;server=akswtt10700003c;cloudType=Consumer;environment=Prod_southindia_prod-s01-004-apac-southindia;migrationStage=NotStarted}
{"logTime": "0903/170612", "correlationVector":"Y9IJPeoxm/ozL3qQ8g6W3m","action":"Commit Request", "result":"", "context":Item count: 4
Contributing types: Sessions, History}
{"logTime": "0903/170614", "correlationVector":"Y9IJPeoxm/ozL3qQ8g6W3m.1","action":"SyncServerConnectionManagerRequest", "result":"SYNC_SERVER_OK", "context":{"environment":"Prod_southindia_prod-s01-004-apac-southindia", "migrationStage":"NotStarted", "server":"akswtt10700003e"}}
{"logTime": "0903/170614", "correlationVector":"Y9IJPeoxm/ozL3qQ8g6W3m.2","action":"Commit Response", "result":"Success", "context":Result: Success. cV=Y9IJPeoxm/ozL3qQ8g6W3m.0;server=akswtt10700003e;cloudType=Consumer;environment=Prod_southindia_prod-s01-004-apac-southindia;migrationStage=NotStarted}
{"logTime": "0903/170614", "correlationVector":"Y9IJPeoxm/ozL3qQ8g6W3m.3","action":"Commit.Sessions", "result":"Success", "context":{"id":"14d99654-d375-4e53-b699-025210ef4f4a", "isDeleted":"true", "size":"0", "version":"1788454587493"}}
{"logTime": "0903/175434", "correlationVector":"rCdSt6kBbds1qcbbrpDynA","action":"Normal GetUpdate request", "result":"", "context":cV=rCdSt6kBbds1qcbbrpDynA
Notified types: Device Info}
{"logTime": "0903/175435", "correlationVector":"rCdSt6kBbds1qcbbrpDynA.1","action":"SyncServerConnectionManagerRequest", "result":"SYNC_SERVER_OK", "context":{"environment":"Prod_southindia_prod-s01-004-apac-southindia", "migrationStage":"NotStarted", "server":"akswtt107000000"}}
{"logTime": "0903/175435", "correlationVector":"rCdSt6kBbds1qcbbrpDynA.2","action":"ProcessGetUpdates", "result":"Done", "context":{"dataType":"Sessions", "deleted":"1", "process_failed_to_decrypt":"0", "process_pending_decryption":"0", "process_success":"6", "total":"6"}}
{"logTime": "0903/175435", "correlationVector":"rCdSt6kBbds1qcbbrpDynA.3","action":"ProcessGetUpdates", "result":"Done", "context":{"dataType":"Device Info", "deleted":"0", "process_failed_to_decrypt":"0", "process_pending_decryption":"0", "process_success":"1", "total":"1"}}
{"logTime": "0903/175435", "correlationVector":"rCdSt6kBbds1qcbbrpDynA.4","action":"ProcessGetUpdates", "result":"Done", "context":{"dataType":"History", "deleted":"0", "process_failed_to_decrypt":"0", "process_pending_decryption":"0", "process_success":"2", "total":"2"}}
{"logTime": "0903/175435", "correlationVector":"rCdSt6kBbds1qcbbrpDynA.5","action":"GetUpdates Response", "result":"Success", "context":Received 9 update(s). cV=rCdSt6kBbds1qcbbrpDynA.0;server=akswtt107000000;cloudType=Consumer;environment=Prod_southindia_prod-s01-004-apac-southindia;migrationStage=NotStarted}
{"logTime": "0903/175436", "correlationVector":"z1rBP6fHPyy/svtJ9soI65","action":"Normal GetUpdate request", "result":"", "context":cV=z1rBP6fHPyy/svtJ9soI65
Notified types: History}
{"logTime": "0903/175437", "correlationVector":"z1rBP6fHPyy/svtJ9soI65.1","action":"SyncServerConnectionManagerRequest", "result":"SYNC_SERVER_OK", "context":{"environment":"Prod_southindia_prod-s01-004-apac-southindia", "migrationStage":"NotStarted", "server":"akswtt107000038"}}
{"logTime": "0903/175437", "correlationVector":"z1rBP6fHPyy/svtJ9soI65.2","action":"GetUpdates Response", "result":"Success", "context":Received 0 update(s). cV=z1rBP6fHPyy/svtJ9soI65.0;server=akswtt107000038;cloudType=Consumer;environment=Prod_southindia_prod-s01-004-apac-southindia;migrationStage=NotStarted}
{"logTime": "0903/175539", "correlationVector":"lQDocOYEYYSL08ypbHd+k8","action":"Normal GetUpdate request", "result":"", "context":cV=lQDocOYEYYSL08ypbHd+k8
Notified types: Passwords}
{"logTime": "0903/175540", "correlationVector":"lQDocOYEYYSL08ypbHd+k8.1","action":"SyncServerConnectionManagerRequest", "result":"SYNC_SERVER_OK", "context":{"environment":"Prod_southindia_prod-s01-004-apac-southindia", "migrationStage":"NotStarted", "server":"akswtt10700000l"}}
{"logTime": "0903/175540", "correlationVector":"lQDocOYEYYSL08ypbHd+k8.2","action":"ProcessGetUpdates", "result":"Done", "context":{"dataType":"Passwords", "deleted":"0", "process_failed_to_decrypt":"0", "process_pending_decryption":"0", "process_success":"40", "total":"40"}}
{"logTime": "0903/175540", "correlationVector":"lQDocOYEYYSL08ypbHd+k8.3","action":"GetUpdates Response", "result":"Success", "context":Received 40 update(s). cV=lQDocOYEYYSL08ypbHd+k8.0;server=akswtt10700000l;cloudType=Consumer;environment=Prod_southindia_prod-s01-004-apac-southindia;migrationStage=NotStarted}
{"logTime": "0903/175551", "correlationVector":"1ohS2zW0DkHqS0JW3SZhrI","action":"Normal GetUpdate request", "result":"", "context":cV=1ohS2zW0DkHqS0JW3SZhrI
Notified types: Passwords}
{"logTime": "0903/175551", "correlationVector":"1ohS2zW0DkHqS0JW3SZhrI.1","action":"SyncServerConnectionManagerRequest", "result":"SYNC_SERVER_OK", "context":{"environment":"Prod_southindia_prod-s01-004-apac-southindia", "migrationStage":"NotStarted", "server":"akswtt107000027"}}
{"logTime": "0903/175551", "correlationVector":"1ohS2zW0DkHqS0JW3SZhrI.2","action":"ProcessGetUpdates", "result":"Done", "context":{"dataType":"Passwords", "deleted":"0", "process_failed_to_decrypt":"0", "process_pending_decryption":"0", "process_success":"40", "total":"40"}}
{"logTime": "0903/175551", "correlationVector":"1ohS2zW0DkHqS0JW3SZhrI.3","action":"GetUpdates Response", "result":"Success", "context":Received 40 update(s). cV=1ohS2zW0DkHqS0JW3SZhrI.0;server=akswtt107000027;cloudType=Consumer;environment=Prod_southindia_prod-s01-004-apac-southindia;migrationStage=NotStarted}
{"logTime": "0903/175601", "correlationVector":"WPtHPPB1BdpzRnsPD5n/yU","action":"Normal GetUpdate request", "result":"", "context":cV=WPtHPPB1BdpzRnsPD5n/yU
Notified types: Passwords, History}
{"logTime": "0903/175602", "correlationVector":"WPtHPPB1BdpzRnsPD5n/yU.1","action":"SyncServerConnectionManagerRequest", "result":"SYNC_SERVER_OK", "context":{"environment":"Prod_southindia_prod-s01-004-apac-southindia", "migrationStage":"NotStarted", "server":"akswtt10700002u"}}
{"logTime": "0903/175602", "correlationVector":"WPtHPPB1BdpzRnsPD5n/yU.2","action":"ProcessGetUpdates", "result":"Done", "context":{"dataType":"Passwords", "deleted":"0", "process_failed_to_decrypt":"0", "process_pending_decryption":"0", "process_success":"31", "total":"31"}}
{"logTime": "0903/175602", "correlationVector":"WPtHPPB1BdpzRnsPD5n/yU.3","action":"ProcessGetUpdates", "result":"Done", "context":{"dataType":"Sessions", "deleted":"0", "process_failed_to_decrypt":"0", "process_pending_decryption":"0", "process_success":"3", "total":"3"}}
{"logTime": "0903/175602", "correlationVector":"WPtHPPB1BdpzRnsPD5n/yU.4","action":"ProcessGetUpdates", "result":"Done", "context":{"dataType":"History", "deleted":"0", "process_failed_to_decrypt":"0", "process_pending_decryption":"0", "process_success":"3", "total":"3"}}
{"logTime": "0903/175602", "correlationVector":"WPtHPPB1BdpzRnsPD5n/yU.5","action":"GetUpdates Response", "result":"Success", "context":Received 37 update(s). cV=WPtHPPB1BdpzRnsPD5n/yU.0;server=akswtt10700002u;cloudType=Consumer;environment=Prod_southindia_prod-s01-004-apac-southindia;migrationStage=NotStarted}
{"logTime": "0903/180646", "correlationVector":"tc86/kATjcXTH2UMH+3Xdm","action":"Normal GetUpdate request", "result":"", "context":cV=tc86/kATjcXTH2UMH+3Xdm
Notified types: History}
{"logTime": "0903/180647", "correlationVector":"tc86/kATjcXTH2UMH+3Xdm.1","action":"SyncServerConnectionManagerRequest", "result":"SYNC_SERVER_OK", "context":{"environment":"Prod_southindia_prod-s01-004-apac-southindia", "migrationStage":"NotStarted", "server":"akswtt107000001"}}
{"logTime": "0903/180647", "correlationVector":"tc86/kATjcXTH2UMH+3Xdm.2","action":"ProcessGetUpdates", "result":"Done", "context":{"dataType":"Sessions", "deleted":"1", "process_failed_to_decrypt":"0", "process_pending_decryption":"0", "process_success":"3", "total":"3"}}
{"logTime": "0903/180647", "correlationVector":"tc86/kATjcXTH2UMH+3Xdm.3","action":"ProcessGetUpdates", "result":"Done", "context":{"dataType":"History", "deleted":"0", "process_failed_to_decrypt":"0", "process_pending_decryption":"0", "process_success":"1", "total":"1"}}
{"logTime": "0903/180647", "correlationVector":"tc86/kATjcXTH2UMH+3Xdm.4","action":"GetUpdates Response", "result":"Success", "context":Received 4 update(s). cV=tc86/kATjcXTH2UMH+3Xdm.0;server=akswtt107000001;cloudType=Consumer;environment=Prod_southindia_prod-s01-004-apac-southindia;migrationStage=NotStarted}
