2026-09-03 14:39:11.599: [INFO] CurrentProfilePath: D:\CODE\F1 Game\scratch\edge_profile_phase3\Default
2026-09-03 14:39:11.599: [INFO] Profiles total count: 1
2026-09-03 14:39:11.599: [INFO] Profile: name=Profile 1 path=D:\CODE\F1 Game\scratch\edge_profile_phase3\Default lastActive=null
2026-09-03 14:39:11.599: [INFO] LastUsedProfileDir: D:\CODE\F1 Game\scratch\edge_profile_phase3\Default
2026-09-03 14:39:11.599: [INFO] VisibilityChanged: 0
2026-09-03 14:39:11.608: [INFO] RecordSyncInitDuration has_sync_been_enabled: 0 state: 0
2026-09-03 14:39:11.609: [INFO] RecordSyncInitDuration has_sync_been_enabled: 0 state: 0
2026-09-03 14:39:11.610: [INFO] RecordSyncInitDuration has_sync_been_enabled: 0 state: 0
2026-09-03 14:39:11.610: [INFO] RecordSyncInitDuration has_sync_been_enabled: 0 state: 0
2026-09-03 14:39:11.611: [INFO] RecordSyncInitDuration has_sync_been_enabled: 0 state: 0
2026-09-03 14:39:11.612: [INFO] RecordSyncInitDuration has_sync_been_enabled: 0 state: 0
2026-09-03 14:39:11.612: [INFO] RecordSyncInitDuration has_sync_been_enabled: 0 state: 0
2026-09-03 14:39:11.613: [INFO] RecordSyncInitDuration has_sync_been_enabled: 0 state: 0
2026-09-03 14:39:11.613: [INFO] RecordSyncInitDuration has_sync_been_enabled: 0 state: 0
2026-09-03 14:39:11.613: [INFO] RecordSyncInitDuration has_sync_been_enabled: 0 state: 0
2026-09-03 14:39:11.624: [INFO] OnDoneLoading sync enabled: 0
2026-09-03 14:39:11.624: [INFO] BookmarkModelLoaded, ids_reassigned: 0
2026-09-03 14:39:11.624: [INFO] BookmarksLoadDropped droppedNodes=0
2026-09-03 14:39:11.624: [INFO] BookmarksSnapshot Startup total=0 bar=0 other=0 mobile=0 showBar=0 showBarNTP=1
2026-09-03 14:39:13.033: [INFO] RecordSyncInitDuration has_sync_been_enabled: 0 state: 0
2026-09-03 14:39:16.437: [INFO] RecordSyncInitDuration has_sync_been_enabled: 0 state: 0
2026-09-03 14:39:16.440: [INFO] RecordSyncInitDuration has_sync_been_enabled: 0 state: 3
2026-09-03 14:39:16.442: [INFO] Primary account changed.
2026-09-03 14:39:16.442: [INFO] OnPrimaryAccountChanged PrimaryAccountChangeEvent::Type::kSet
2026-09-03 14:39:16.445: [INFO] RecordSyncInitDuration has_sync_been_enabled: 0 state: 3
2026-09-03 14:39:16.530: [INFO] RecordSyncInitDuration has_sync_been_enabled: 0 state: 3
2026-09-03 14:39:21.613: [INFO] BookmarkNodeAdded, ABU: 0
2026-09-03 14:39:21.614: [INFO] BookmarkNodeAdded, ABU: 0
2026-09-03 14:39:21.614: [INFO] BookmarkNodeAdded, ABU: 0
2026-09-03 14:39:21.614: [INFO] BookmarkNodeAdded, ABU: 0
2026-09-03 14:39:22.311: [INFO] Sync initialization duration: 5747ms
